Archive member included to satisfy reference by file (symbol)

app/libapp.a(main.c.obj)      (--whole-archive)
zephyr/libzephyr.a(heap.c.obj)
                              (--whole-archive)
zephyr/libzephyr.a(cbprintf_packaged.c.obj)
                              (--whole-archive)
zephyr/libzephyr.a(printk.c.obj)
                              (--whole-archive)
zephyr/libzephyr.a(sem.c.obj)
                              (--whole-archive)
zephyr/libzephyr.a(thread_entry.c.obj)
                              (--whole-archive)
zephyr/libzephyr.a(fdtable.c.obj)
                              (--whole-archive)
zephyr/libzephyr.a(cbprintf_complete.c.obj)
                              (--whole-archive)
zephyr/libzephyr.a(assert.c.obj)
                              (--whole-archive)
zephyr/libzephyr.a(mpsc_pbuf.c.obj)
                              (--whole-archive)
zephyr/libzephyr.a(dec.c.obj)
                              (--whole-archive)
zephyr/libzephyr.a(hex.c.obj)
                              (--whole-archive)
zephyr/libzephyr.a(rb.c.obj)  (--whole-archive)
zephyr/libzephyr.a(timeutil.c.obj)
                              (--whole-archive)
zephyr/libzephyr.a(bitarray.c.obj)
                              (--whole-archive)
zephyr/libzephyr.a(ring_buffer.c.obj)
                              (--whole-archive)
zephyr/libzephyr.a(configs.c.obj)
                              (--whole-archive)
zephyr/libzephyr.a(soc.c.obj)
                              (--whole-archive)
zephyr/libzephyr.a(ccfg.c.obj)
                              (--whole-archive)
zephyr/libzephyr.a(power.c.obj)
                              (--whole-archive)
zephyr/libzephyr.a(log_core.c.obj)
                              (--whole-archive)
zephyr/libzephyr.a(log_mgmt.c.obj)
                              (--whole-archive)
zephyr/libzephyr.a(log_cache.c.obj)
                              (--whole-archive)
zephyr/libzephyr.a(log_msg.c.obj)
                              (--whole-archive)
zephyr/libzephyr.a(log_output.c.obj)
                              (--whole-archive)
zephyr/libzephyr.a(mem_attr.c.obj)
                              (--whole-archive)
zephyr/libzephyr.a(pm.c.obj)  (--whole-archive)
zephyr/libzephyr.a(state.c.obj)
                              (--whole-archive)
zephyr/libzephyr.a(policy_events.c.obj)
                              (--whole-archive)
zephyr/libzephyr.a(policy_latency.c.obj)
                              (--whole-archive)
zephyr/libzephyr.a(policy_state_lock.c.obj)
                              (--whole-archive)
zephyr/libzephyr.a(policy_default.c.obj)
                              (--whole-archive)
zephyr/libzephyr.a(tracing_none.c.obj)
                              (--whole-archive)
zephyr/libzephyr.a(addr_utils.c.obj)
                              (--whole-archive)
zephyr/libzephyr.a(kernel_shell.c.obj)
                              (--whole-archive)
zephyr/libzephyr.a(cycles.c.obj)
                              (--whole-archive)
zephyr/libzephyr.a(sleep.c.obj)
                              (--whole-archive)
zephyr/libzephyr.a(uptime.c.obj)
                              (--whole-archive)
zephyr/libzephyr.a(version.c.obj)
                              (--whole-archive)
zephyr/libzephyr.a(log-level.c.obj)
                              (--whole-archive)
zephyr/libzephyr.a(thread.c.obj)
                              (--whole-archive)
zephyr/libzephyr.a(list.c.obj)
                              (--whole-archive)
zephyr/libzephyr.a(stacks.c.obj)
                              (--whole-archive)
zephyr/libzephyr.a(suspend.c.obj)
                              (--whole-archive)
zephyr/libzephyr.a(resume.c.obj)
                              (--whole-archive)
zephyr/libzephyr.a(kill.c.obj)
                              (--whole-archive)
zephyr/libzephyr.a(device_service.c.obj)
                              (--whole-archive)
zephyr/libzephyr.a(devmem_service.c.obj)
                              (--whole-archive)
zephyr/libzephyr.a(shell_uart.c.obj)
                              (--whole-archive)
zephyr/libzephyr.a(shell.c.obj)
                              (--whole-archive)
zephyr/libzephyr.a(shell_fprintf.c.obj)
                              (--whole-archive)
zephyr/libzephyr.a(shell_utils.c.obj)
                              (--whole-archive)
zephyr/libzephyr.a(shell_ops.c.obj)
                              (--whole-archive)
zephyr/libzephyr.a(shell_log_backend.c.obj)
                              (--whole-archive)
zephyr/libzephyr.a(shell_help.c.obj)
                              (--whole-archive)
zephyr/libzephyr.a(shell_cmds.c.obj)
                              (--whole-archive)
zephyr/libzephyr.a(shell_history.c.obj)
                              (--whole-archive)
zephyr/libzephyr.a(shell_wildcard.c.obj)
                              (--whole-archive)
zephyr/arch/common/libarch__common.a(sw_isr_common.c.obj)
                              (--whole-archive)
zephyr/arch/common/libarch__common.a(dynamic_isr.c.obj)
[...]
Memory Configuration

Name             Origin             Length             Attributes
FLASH            0x0000000000000000 0x00000000000b0000 xr
RAM              0x0000000020000000 0x0000000000024000 xw
FLASH_CCFG       0x00000000000affa8 0x0000000000000058 rw
SRAM1            0x0000000011000000 0x0000000000002000 rw
IDT_LIST         0x00000000ffff7fff 0x0000000000008000 xw
*default*        0x0000000000000000 0xffffffffffffffff

Linker script and memory map

                0x0000000000014688                vfprintf = __l_vfprintf
                0x0000000000000000                vfscanf = __l_vfscanf
LOAD zephyr/CMakeFiles/zephyr_final.dir/misc/empty_file.c.obj
LOAD zephyr/CMakeFiles/zephyr_final.dir/isr_tables.c.obj
LOAD zephyr/CMakeFiles/offsets.dir/./arch/arm/core/offsets/offsets.c.obj
LOAD app/libapp.a
LOAD zephyr/libzephyr.a
LOAD zephyr/arch/common/libarch__common.a
LOAD zephyr/arch/arch/arm/core/libarch__arm__core.a
LOAD zephyr/arch/arch/arm/core/cortex_m/libarch__arm__core__cortex_m.a
LOAD zephyr/arch/arch/arm/core/mpu/libarch__arm__core__mpu.a
LOAD zephyr/lib/libc/picolibc/liblib__libc__picolibc.a
LOAD zephyr/lib/libc/common/liblib__libc__common.a
LOAD zephyr/lib/posix/options/liblib__posix__options.a
LOAD zephyr/lib/net_buf/liblib__net_buf.a
LOAD zephyr/lib/os/zvfs/liblib__os__zvfs.a
LOAD zephyr/boards/beagle/beagleconnect_freedom/libboards__beagle__beagleconnect_freedom.a
LOAD zephyr/subsys/random/libsubsys__random.a
LOAD zephyr/subsys/net/libsubsys__net.a
LOAD zephyr/subsys/net/l2/ieee802154/libsubsys__net__l2__ieee802154.a
LOAD zephyr/subsys/net/ip/libsubsys__net__ip.a
LOAD zephyr/drivers/console/libdrivers__console.a
LOAD zephyr/drivers/entropy/libdrivers__entropy.a
LOAD zephyr/drivers/gpio/libdrivers__gpio.a
LOAD zephyr/drivers/ieee802154/libdrivers__ieee802154.a
LOAD zephyr/drivers/pinctrl/libdrivers__pinctrl.a
LOAD zephyr/drivers/serial/libdrivers__serial.a
LOAD zephyr/drivers/timer/libdrivers__timer.a
LOAD modules/ti/simplelink/source/ti/devices/cc13x2x7_cc26x2x7/lib..__modules__hal__ti__simplelink__source__ti__devices__cc13x2x7_cc26x2x7.a
LOAD modules/ti/simplelink/lib..__modules__hal__ti__simplelink.a
LOAD zephyr/kernel/libkernel.a
LOAD zephyr/arch/common/libisr_tables.a
LOAD /home/ash/zephyr-sdk-0.17.0/arm-zephyr-eabi/bin/../lib/gcc/../../picolibc/arm-zephyr-eabi/lib/thumb/v7e-m/nofp/libc.a
LOAD /home/ash/zephyr-sdk-0.17.0/arm-zephyr-eabi/bin/../lib/gcc/arm-zephyr-eabi/12.2.0/thumb/v7e-m/nofp/libgcc.a
                0x0000000000000020                _region_min_align = 0x20

.rel.plt        0x0000000000000000        0x0
 *(SORT_BY_ALIGNMENT(.rel.plt))
                [!provide]                        PROVIDE (__rel_iplt_start = .)
 *(SORT_BY_ALIGNMENT(.rel.iplt))
 .rel.iplt      0x0000000000000000        0x0 zephyr/CMakeFiles/zephyr_final.dir/isr_tables.c.obj
                [!provide]                        PROVIDE (__rel_iplt_end = .)

.rela.plt       0x0000000000000000        0x0
 *(SORT_BY_ALIGNMENT(.rela.plt))
                [!provide]                        PROVIDE (__rela_iplt_start = .)
 *(SORT_BY_ALIGNMENT(.rela.iplt))
                [!provide]                        PROVIDE (__rela_iplt_end = .)

.rel.dyn
 *(SORT_BY_ALIGNMENT(.rel.*))

.rela.dyn
 *(SORT_BY_ALIGNMENT(.rela.*))

/DISCARD/
 *(SORT_BY_ALIGNMENT(.plt))

/DISCARD/
 *(SORT_BY_ALIGNMENT(.iplt))
                0x0000000000000000                __rom_region_start = 0x0

rom_start       0x0000000000000000       0xd8
                0x0000000000000000                __rom_start_address = .
 FILL mask 0x00
                0x0000000000000000                . = (. + (0x0 - (. - __rom_start_address)))
                0x0000000000000000                . = ALIGN (0x4)
                0x0000000000000000                . = ALIGN (0x80)
                0x0000000000000000                . = ALIGN (0x100)
                0x0000000000000000                _vector_start = .
 *(SORT_BY_ALIGNMENT(.exc_vector_table))
 *(SORT_BY_ALIGNMENT(.exc_vector_table.*))
 .exc_vector_table._vector_table_section
                0x0000000000000000       0x40 zephyr/arch/arch/arm/core/cortex_m/libarch__arm__core__cortex_m.a(vector_table.S.obj)
                0x0000000000000000                _vector_table
 *(SORT_BY_ALIGNMENT(.vectors))
                0x00000000000000d8                _vector_end = .
                0x0000000000000040                . = ALIGN (0x4)
 *(SORT_BY_ALIGNMENT(.gnu.linkonce.irq_vector_table*))
 .gnu.linkonce.irq_vector_table
                0x0000000000000040       0x98 zephyr/CMakeFiles/zephyr_final.dir/isr_tables.c.obj
                0x0000000000000040                _irq_vector_table
                0x00000000000000d8                _vector_end = .

text            0x00000000000000d8    0x1c450
                0x00000000000000d8                __text_region_start = .
 *(SORT_BY_ALIGNMENT(.text))
 .text          0x00000000000000d8      0x168 /home/ash/zephyr-sdk-0.17.0/arm-zephyr-eabi/bin/../lib/gcc/arm-zephyr-eabi/12.2.0/thumb/v7e-m/nofp/libgcc.a(_arm_mulsf3.o)
                0x00000000000000d8                __mulsf3
                0x00000000000000d8                __aeabi_fmul
 .text          0x0000000000000240      0x378 /home/ash/zephyr-sdk-0.17.0/arm-zephyr-eabi/bin/../lib/gcc/arm-zephyr-eabi/12.2.0/thumb/v7e-m/nofp/libgcc.a(_arm_addsubdf3.o)
                0x0000000000000240                __aeabi_drsub
                0x0000000000000248                __aeabi_dsub
                0x0000000000000248                __subdf3
                0x000000000000024c                __adddf3
                0x000000000000024c                __aeabi_dadd
                0x00000000000004c4                __aeabi_ui2d
                0x00000000000004c4                __floatunsidf
                0x00000000000004e4                __floatsidf
                0x00000000000004e4                __aeabi_i2d
                0x0000000000000508                __extendsfdf2
                0x0000000000000508                __aeabi_f2d
                0x000000000000054c                __aeabi_ul2d
                0x000000000000054c                __floatundidf
                0x000000000000055c                __floatdidf
                0x000000000000055c                __aeabi_l2d
 .text          0x00000000000005b8      0x424 /home/ash/zephyr-sdk-0.17.0/arm-zephyr-eabi/bin/../lib/gcc/arm-zephyr-eabi/12.2.0/thumb/v7e-m/nofp/libgcc.a(_arm_muldivdf3.o)
                0x00000000000005b8                __aeabi_dmul
                0x00000000000005b8                __muldf3
                0x000000000000080c                __aeabi_ddiv
                0x000000000000080c                __divdf3
 .text          0x00000000000009dc      0x21c /home/ash/zephyr-sdk-0.17.0/arm-zephyr-eabi/bin/../lib/gcc/arm-zephyr-eabi/12.2.0/thumb/v7e-m/nofp/libgcc.a(_arm_addsubsf3.o)
                0x00000000000009dc                __aeabi_frsub
                0x00000000000009e4                __subsf3
                0x00000000000009e4                __aeabi_fsub
                0x00000000000009e8                __aeabi_fadd
                0x00000000000009e8                __addsf3
                0x0000000000000b48                __aeabi_ui2f
                0x0000000000000b48                __floatunsisf
                0x0000000000000b50                __aeabi_i2f
                0x0000000000000b50                __floatsisf
                0x0000000000000b6c                __floatundisf
                0x0000000000000b6c                __aeabi_ul2f
                0x0000000000000b7c                __floatdisf
                0x0000000000000b7c                __aeabi_l2f
 .text          0x0000000000000bf8       0xec /home/ash/zephyr-sdk-0.17.0/arm-zephyr-eabi/bin/../lib/gcc/arm-zephyr-eabi/12.2.0/thumb/v7e-m/nofp/libgcc.a(_arm_cmpsf2.o)
                0x0000000000000bf8                __gtsf2
                0x0000000000000bf8                __gesf2
                0x0000000000000c00                __lesf2
                0x0000000000000c00                __ltsf2
                0x0000000000000c08                __nesf2
                0x0000000000000c08                __eqsf2
                0x0000000000000c08                __cmpsf2
                0x0000000000000c68                __aeabi_cfrcmple
                0x0000000000000c70                __aeabi_cfcmple
                0x0000000000000c70                __aeabi_cfcmpeq
                0x0000000000000c80                __aeabi_fcmpeq
                0x0000000000000c94                __aeabi_fcmplt
                0x0000000000000ca8                __aeabi_fcmple
                0x0000000000000cbc                __aeabi_fcmpge
                0x0000000000000cd0                __aeabi_fcmpgt
 .text          0x0000000000000ce4       0xa0 /home/ash/zephyr-sdk-0.17.0/arm-zephyr-eabi/bin/../lib/gcc/arm-zephyr-eabi/12.2.0/thumb/v7e-m/nofp/libgcc.a(_aeabi_ldivmod.o)
                0x0000000000000ce4                __aeabi_ldivmod
 .text          0x0000000000000d84       0x30 /home/ash/zephyr-sdk-0.17.0/arm-zephyr-eabi/bin/../lib/gcc/arm-zephyr-eabi/12.2.0/thumb/v7e-m/nofp/libgcc.a(_aeabi_uldivmod.o)
                0x0000000000000d84                __aeabi_uldivmod
 .text          0x0000000000000db4       0x40 /home/ash/zephyr-sdk-0.17.0/arm-zephyr-eabi/bin/../lib/gcc/arm-zephyr-eabi/12.2.0/thumb/v7e-m/nofp/libgcc.a(_fixunssfdi.o)
                0x0000000000000db4                __aeabi_f2ulz
                0x0000000000000db4                __fixunssfdi
 .text          0x0000000000000df4        0x4 /home/ash/zephyr-sdk-0.17.0/arm-zephyr-eabi/bin/../lib/gcc/arm-zephyr-eabi/12.2.0/thumb/v7e-m/nofp/libgcc.a(_dvmd_tls.o)
                0x0000000000000df4                __aeabi_ldiv0
                0x0000000000000df4                __aeabi_idiv0
 .text          0x0000000000000df8       0x40 /home/ash/zephyr-sdk-0.17.0/arm-zephyr-eabi/bin/../lib/gcc/arm-zephyr-eabi/12.2.0/thumb/v7e-m/nofp/libgcc.a(_arm_fixunsdfsi.o)
                0x0000000000000df8                __fixunsdfsi
                0x0000000000000df8                __aeabi_d2uiz
 .text          0x0000000000000e38       0x14 /home/ash/zephyr-sdk-0.17.0/arm-zephyr-eabi/bin/../lib/gcc/../../picolibc/arm-zephyr-eabi/lib/thumb/v7e-m/nofp/libc.a(strcmp.S.o)
                0x0000000000000e38                strcmp
 .text          0x0000000000000e4c       0x10 /home/ash/zephyr-sdk-0.17.0/arm-zephyr-eabi/bin/../lib/gcc/../../picolibc/arm-zephyr-eabi/lib/thumb/v7e-m/nofp/libc.a(strcpy.S.o)
                0x0000000000000e4c                strcpy
 .text          0x0000000000000e5c       0x10 /home/ash/zephyr-sdk-0.17.0/arm-zephyr-eabi/bin/../lib/gcc/../../picolibc/arm-zephyr-eabi/lib/thumb/v7e-m/nofp/libc.a(strlen.S.o)
                0x0000000000000e5c                strlen
 .text          0x0000000000000e6c       0x26 /home/ash/zephyr-sdk-0.17.0/arm-zephyr-eabi/bin/../lib/gcc/arm-zephyr-eabi/12.2.0/thumb/v7e-m/nofp/libgcc.a(_fixsfdi.o)
                0x0000000000000e6c                __aeabi_f2lz
                0x0000000000000e6c                __fixsfdi
 .text          0x0000000000000e92      0x2a0 /home/ash/zephyr-sdk-0.17.0/arm-zephyr-eabi/bin/../lib/gcc/arm-zephyr-eabi/12.2.0/thumb/v7e-m/nofp/libgcc.a(_udivmoddi4.o)
                0x0000000000000e92                __udivmoddi4
 *(SORT_BY_ALIGNMENT(.text.*))
 *fill*         0x0000000000001132        0x6 
 .text.cmd_kernel_uptime
                0x0000000000001138       0xe8 zephyr/libzephyr.a(uptime.c.obj)
 .text.recv_cb  0x0000000000001220       0x78 app/libapp.a(main.c.obj)
 .text.cmd_send_msg
                0x0000000000001298      0x14c app/libapp.a(main.c.obj)
 .text.main     0x00000000000013e4       0x78 app/libapp.a(main.c.obj)
                0x00000000000013e4                main
 .text.cbvprintf_package
                0x000000000000145c      0x3a4 zephyr/libzephyr.a(cbprintf_packaged.c.obj)
                0x000000000000145c                cbvprintf_package
 .text.cbprintf_package_convert
                0x0000000000001800      0x3d4 zephyr/libzephyr.a(cbprintf_packaged.c.obj)
                0x0000000000001800                cbprintf_package_convert
 .text.__printk_hook_install
                0x0000000000001bd4        0xc zephyr/libzephyr.a(printk.c.obj)
                0x0000000000001bd4                __printk_hook_install
 .text.z_thread_entry
                0x0000000000001be0       0x34 zephyr/libzephyr.a(thread_entry.c.obj)
                0x0000000000001be0                z_thread_entry
 .text.z_fd_unref.isra.0
                0x0000000000001c14       0x4c zephyr/libzephyr.a(fdtable.c.obj)
 .text.zvfs_reserve_fd
                0x0000000000001c60       0x8c zephyr/libzephyr.a(fdtable.c.obj)
                0x0000000000001c60                zvfs_reserve_fd
 .text.zvfs_finalize_typed_fd
                0x0000000000001cec       0x50 zephyr/libzephyr.a(fdtable.c.obj)
                0x0000000000001cec                zvfs_finalize_typed_fd
 .text.unlatch_pins
                0x0000000000001d3c       0x28 zephyr/libzephyr.a(power.c.obj)
 .text.pm_state_set
                0x0000000000001d64       0x74 zephyr/libzephyr.a(power.c.obj)
                0x0000000000001d64                pm_state_set
 .text.activate_foreach_backend
                0x0000000000001dd8       0x64 zephyr/libzephyr.a(log_core.c.obj)
 .text.enable_logger
                0x0000000000001e3c       0x5c zephyr/libzephyr.a(log_core.c.obj)
 .text.log_process_thread_timer_expiry_fn
                0x0000000000001e98        0xc zephyr/libzephyr.a(log_core.c.obj)
 .text.z_log_init
                0x0000000000001ea4       0x98 zephyr/libzephyr.a(log_core.c.obj)
 .text.log_set_timestamp_func
                0x0000000000001f3c       0x20 zephyr/libzephyr.a(log_core.c.obj)
                0x0000000000001f3c                log_set_timestamp_func
 .text.z_log_notify_backend_enabled
                0x0000000000001f5c       0x1c zephyr/libzephyr.a(log_core.c.obj)
                0x0000000000001f5c                z_log_notify_backend_enabled
 .text.z_log_dropped
                0x0000000000001f78       0x44 zephyr/libzephyr.a(log_core.c.obj)
                0x0000000000001f78                z_log_dropped
 .text.z_log_dropped_read_and_clear
                0x0000000000001fbc       0x20 zephyr/libzephyr.a(log_core.c.obj)
                0x0000000000001fbc                z_log_dropped_read_and_clear
 .text.dropped_notify
                0x0000000000001fdc       0x30 zephyr/libzephyr.a(log_core.c.obj)
                0x0000000000001fdc                dropped_notify
 .text.z_log_msg_init
                0x000000000000200c       0x20 zephyr/libzephyr.a(log_core.c.obj)
                0x000000000000200c                z_log_msg_init
 .text.log_core_init
                0x000000000000202c       0x54 zephyr/libzephyr.a(log_core.c.obj)
                0x000000000000202c                log_core_init
 .text.z_log_msg_alloc
                0x0000000000002080       0x10 zephyr/libzephyr.a(log_core.c.obj)
                0x0000000000002080                z_log_msg_alloc
 .text.z_log_msg_local_claim
                0x0000000000002090        0xc zephyr/libzephyr.a(log_core.c.obj)
                0x0000000000002090                z_log_msg_local_claim
 .text.z_log_msg_free
                0x000000000000209c       0x10 zephyr/libzephyr.a(log_core.c.obj)
                0x000000000000209c                z_log_msg_free
 .text.z_log_msg_pending
                0x00000000000020ac        0xc zephyr/libzephyr.a(log_core.c.obj)
                0x00000000000020ac                z_log_msg_pending
 .text.z_impl_log_process
                0x00000000000020b8       0xf8 zephyr/libzephyr.a(log_core.c.obj)
                0x00000000000020b8                z_impl_log_process
 .text.z_impl_log_panic
                0x00000000000021b0       0x44 zephyr/libzephyr.a(log_core.c.obj)
                0x00000000000021b0                z_impl_log_panic
 .text.log_process_thread_func
                0x00000000000021f4       0xa4 zephyr/libzephyr.a(log_core.c.obj)
 .text.z_log_msg_post_finalize
                0x0000000000002298       0x78 zephyr/libzephyr.a(log_core.c.obj)
 .text.z_log_msg_commit
                0x0000000000002310       0x24 zephyr/libzephyr.a(log_core.c.obj)
                0x0000000000002310                z_log_msg_commit
 .text.log_source_name_get
                0x0000000000002334       0x1c zephyr/libzephyr.a(log_mgmt.c.obj)
                0x0000000000002334                log_source_name_get
 .text.z_log_runtime_filters_init
                0x0000000000002350       0x3c zephyr/libzephyr.a(log_mgmt.c.obj)
                0x0000000000002350                z_log_runtime_filters_init
 .text.log_source_id_get
                0x000000000000238c       0x38 zephyr/libzephyr.a(log_mgmt.c.obj)
                0x000000000000238c                log_source_id_get
 .text.filter_set
                0x00000000000023c4       0xbc zephyr/libzephyr.a(log_mgmt.c.obj)
                0x00000000000023c4                filter_set
 .text.backend_filter_set
                0x0000000000002480       0x30 zephyr/libzephyr.a(log_mgmt.c.obj)
 .text.log_filter_get
                0x00000000000024b0       0x4c zephyr/libzephyr.a(log_mgmt.c.obj)
                0x00000000000024b0                log_filter_get
 .text.z_impl_z_log_msg_static_create
                0x00000000000024fc      0x110 zephyr/libzephyr.a(log_msg.c.obj)
                0x00000000000024fc                z_impl_z_log_msg_static_create
 .text.z_log_msg_runtime_vcreate
                0x000000000000260c       0xb0 zephyr/libzephyr.a(log_msg.c.obj)
                0x000000000000260c                z_log_msg_runtime_vcreate
 .text.log_msg_get_source_id
                0x00000000000026bc       0x18 zephyr/libzephyr.a(log_msg.c.obj)
                0x00000000000026bc                log_msg_get_source_id
 .text.print_formatted
                0x00000000000026d4       0x24 zephyr/libzephyr.a(log_output.c.obj)
 .text.newline_print
                0x00000000000026f8       0x1c zephyr/libzephyr.a(log_output.c.obj)
 .text.log_output_process
                0x0000000000002714      0x2d4 zephyr/libzephyr.a(log_output.c.obj)
                0x0000000000002714                log_output_process
 .text.log_output_dropped_process
                0x00000000000029e8       0x58 zephyr/libzephyr.a(log_output.c.obj)
                0x00000000000029e8                log_output_dropped_process
 .text.log_output_timestamp_freq_set
                0x0000000000002a40       0x2c zephyr/libzephyr.a(log_output.c.obj)
                0x0000000000002a40                log_output_timestamp_freq_set
 .text.mem_attr_get_regions
                0x0000000000002a6c        0xc zephyr/libzephyr.a(mem_attr.c.obj)
                0x0000000000002a6c                mem_attr_get_regions
 .text.pm_state_notify
                0x0000000000002a78       0x40 zephyr/libzephyr.a(pm.c.obj)
 .text.pm_system_resume
                0x0000000000002ab8       0x48 zephyr/libzephyr.a(pm.c.obj)
                0x0000000000002ab8                pm_system_resume
 .text.pm_system_suspend
                0x0000000000002b00       0xd4 zephyr/libzephyr.a(pm.c.obj)
                0x0000000000002b00                pm_system_suspend
 .text.pm_state_cpu_get_all
                0x0000000000002bd4       0x20 zephyr/libzephyr.a(state.c.obj)
                0x0000000000002bd4                pm_state_cpu_get_all
 .text.pm_policy_next_event_ticks
                0x0000000000002bf4       0x40 zephyr/libzephyr.a(policy_events.c.obj)
                0x0000000000002bf4                pm_policy_next_event_ticks
 .text.pm_policy_state_lock_get
                0x0000000000002c34       0x70 zephyr/libzephyr.a(policy_state_lock.c.obj)
                0x0000000000002c34                pm_policy_state_lock_get
 .text.pm_policy_state_lock_put
                0x0000000000002ca4       0x70 zephyr/libzephyr.a(policy_state_lock.c.obj)
                0x0000000000002ca4                pm_policy_state_lock_put
 .text.pm_policy_state_lock_is_active
                0x0000000000002d14       0x58 zephyr/libzephyr.a(policy_state_lock.c.obj)
                0x0000000000002d14                pm_policy_state_lock_is_active
 .text.pm_policy_next_state
                0x0000000000002d6c       0xac zephyr/libzephyr.a(policy_default.c.obj)
                0x0000000000002d6c                pm_policy_next_state
 .text.cmd_kernel_cycles
                0x0000000000002e18       0x1c zephyr/libzephyr.a(cycles.c.obj)
 .text.cmd_kernel_sleep
                0x0000000000002e34       0x50 zephyr/libzephyr.a(sleep.c.obj)
 .text.cmd_kernel_version
                0x0000000000002e84       0x18 zephyr/libzephyr.a(version.c.obj)
 .text.cmd_kernel_log_level_set
                0x0000000000002e9c       0x84 zephyr/libzephyr.a(log-level.c.obj)
 .text.z_thread_is_valid
                0x0000000000002f20       0x20 zephyr/libzephyr.a(thread.c.obj)
                0x0000000000002f20                z_thread_is_valid
 .text.cmd_kernel_thread_list
                0x0000000000002f40       0x34 zephyr/libzephyr.a(list.c.obj)
 .text.shell_tdata_dump
                0x0000000000002f74       0xc0 zephyr/libzephyr.a(list.c.obj)
 .text.cmd_kernel_thread_stacks
                0x0000000000003034       0x70 zephyr/libzephyr.a(stacks.c.obj)
 .text.shell_stack_dump
                0x00000000000030a4       0x60 zephyr/libzephyr.a(stacks.c.obj)
 .text.cmd_kernel_thread_suspend
                0x0000000000003104       0x64 zephyr/libzephyr.a(suspend.c.obj)
 .text.cmd_kernel_thread_resume
                0x0000000000003168       0x64 zephyr/libzephyr.a(resume.c.obj)
 .text.cmd_kernel_thread_kill
                0x00000000000031cc       0x64 zephyr/libzephyr.a(kill.c.obj)
 .text.cmd_device_list
                0x0000000000003230       0xd8 zephyr/libzephyr.a(device_service.c.obj)
 .text.cmd_devmem
                0x0000000000003308       0xc4 zephyr/libzephyr.a(devmem_service.c.obj)
 .text.cmd_dump
                0x00000000000033cc      0x178 zephyr/libzephyr.a(devmem_service.c.obj)
 .text.set_bypass.isra.0
                0x0000000000003544       0x4c zephyr/libzephyr.a(devmem_service.c.obj)
 .text.bypass_cb
                0x0000000000003590      0x114 zephyr/libzephyr.a(devmem_service.c.obj)
 .text.cmd_load
                0x00000000000036a4       0xd8 zephyr/libzephyr.a(devmem_service.c.obj)
 .text.enable_shell_uart
                0x000000000000377c       0x38 zephyr/libzephyr.a(shell_uart.c.obj)
 .text.init     0x00000000000037b4       0x54 zephyr/libzephyr.a(shell_uart.c.obj)
 .text.uart_callback
                0x0000000000003808      0x134 zephyr/libzephyr.a(shell_uart.c.obj)
 .text.shell_internal_help_print
                0x000000000000393c       0x20 zephyr/libzephyr.a(shell.c.obj)
 .text.kill_handler
                0x000000000000395c       0x54 zephyr/libzephyr.a(shell.c.obj)
 .text.z_cursor_next_line_move.isra.0
                0x00000000000039b0        0xc zephyr/libzephyr.a(shell.c.obj)
 .text.history_handle
                0x00000000000039bc       0xac zephyr/libzephyr.a(shell.c.obj)
 .text.execute  0x0000000000003a68      0x2c8 zephyr/libzephyr.a(shell.c.obj)
 .text.state_set.constprop.0
                0x0000000000003d30       0x4c zephyr/libzephyr.a(shell.c.obj)
 .text.shell_process
                0x0000000000003d7c      0x69c zephyr/libzephyr.a(shell.c.obj)
                0x0000000000003d7c                shell_process
 .text.shell_thread
                0x0000000000004418       0xe4 zephyr/libzephyr.a(shell.c.obj)
                0x0000000000004418                shell_thread
 .text.cmd_help
                0x00000000000044fc       0x44 zephyr/libzephyr.a(shell.c.obj)
 .text.shell_hexdump_line
                0x0000000000004540       0xcc zephyr/libzephyr.a(shell.c.obj)
                0x0000000000004540                shell_hexdump_line
 .text.shell_init
                0x000000000000460c       0xe8 zephyr/libzephyr.a(shell.c.obj)
                0x000000000000460c                shell_init
 .text.z_shell_fprintf_fmt
                0x00000000000046f4       0x28 zephyr/libzephyr.a(shell_fprintf.c.obj)
                0x00000000000046f4                z_shell_fprintf_fmt
 .text.z_shell_cmd_get
                0x000000000000471c       0x74 zephyr/libzephyr.a(shell_utils.c.obj)
                0x000000000000471c                z_shell_cmd_get
 .text.shell_strtoul
                0x0000000000004790       0x50 zephyr/libzephyr.a(shell_utils.c.obj)
                0x0000000000004790                shell_strtoul
 .text.z_clear_eos
                0x00000000000047e0       0x18 zephyr/libzephyr.a(shell_ops.c.obj)
 .text.z_cursor_next_line_move.isra.0
                0x00000000000047f8        0xc zephyr/libzephyr.a(shell_ops.c.obj)
 .text.z_shell_op_cursor_vert_move
                0x0000000000004804       0x2c zephyr/libzephyr.a(shell_ops.c.obj)
                0x0000000000004804                z_shell_op_cursor_vert_move
 .text.z_shell_op_cursor_horiz_move
                0x0000000000004830       0x2c zephyr/libzephyr.a(shell_ops.c.obj)
                0x0000000000004830                z_shell_op_cursor_horiz_move
 .text.z_shell_print_cmd
                0x000000000000485c       0x78 zephyr/libzephyr.a(shell_ops.c.obj)
                0x000000000000485c                z_shell_print_cmd
 .text.z_shell_vt100_color_set
                0x00000000000048d4       0x40 zephyr/libzephyr.a(shell_ops.c.obj)
                0x00000000000048d4                z_shell_vt100_color_set
 .text.z_shell_vt100_colors_restore
                0x0000000000004914       0x3c zephyr/libzephyr.a(shell_ops.c.obj)
                0x0000000000004914                z_shell_vt100_colors_restore
 .text.z_shell_op_word_remove
                0x0000000000004950       0xc8 zephyr/libzephyr.a(shell_ops.c.obj)
                0x0000000000004950                z_shell_op_word_remove
 .text.reprint_from_cursor
                0x0000000000004a18       0xe0 zephyr/libzephyr.a(shell_ops.c.obj)
 .text.z_shell_op_char_insert
                0x0000000000004af8       0x70 zephyr/libzephyr.a(shell_ops.c.obj)
                0x0000000000004af8                z_shell_op_char_insert
 .text.z_shell_print_prompt_and_cmd
                0x0000000000004b68       0x30 zephyr/libzephyr.a(shell_ops.c.obj)
                0x0000000000004b68                z_shell_print_prompt_and_cmd
 .text.z_cursor_next_line_move.isra.0
                0x0000000000004b98        0xc zephyr/libzephyr.a(shell_help.c.obj)
 .text.z_shell_help_subcmd_print
                0x0000000000004ba4       0xb4 zephyr/libzephyr.a(shell_help.c.obj)
                0x0000000000004ba4                z_shell_help_subcmd_print
 .text.z_shell_help_cmd_print
                0x0000000000004c58       0x40 zephyr/libzephyr.a(shell_help.c.obj)
                0x0000000000004c58                z_shell_help_cmd_print
 .text.z_shell_help_request
                0x0000000000004c98       0x28 zephyr/libzephyr.a(shell_help.c.obj)
                0x0000000000004c98                z_shell_help_request
 .text.cmd_resize_default
                0x0000000000004cc0       0x2c zephyr/libzephyr.a(shell_cmds.c.obj)
 .text.cmd_shell_stats_show
                0x0000000000004cec       0x14 zephyr/libzephyr.a(shell_cmds.c.obj)
 .text.cmd_backends
                0x0000000000004d00       0x4c zephyr/libzephyr.a(shell_cmds.c.obj)
 .text.cmd_prompt_off
                0x0000000000004d4c       0x10 zephyr/libzephyr.a(shell_cmds.c.obj)
 .text.cmd_history
                0x0000000000004d5c       0x40 zephyr/libzephyr.a(shell_cmds.c.obj)
 .text.cmd_get_retval
                0x0000000000004d9c       0x1c zephyr/libzephyr.a(shell_cmds.c.obj)
 .text.cmd_echo
                0x0000000000004db8       0x50 zephyr/libzephyr.a(shell_cmds.c.obj)
 .text.cmd_clear
                0x0000000000004e08       0x34 zephyr/libzephyr.a(shell_cmds.c.obj)
 .text.cmd_resize
                0x0000000000004e3c      0x1a0 zephyr/libzephyr.a(shell_cmds.c.obj)
 .text.z_shell_wildcard_process
                0x0000000000004fdc       0xe4 zephyr/libzephyr.a(shell_wildcard.c.obj)
                0x0000000000004fdc                z_shell_wildcard_process
 .text.z_isr_install
                0x00000000000050c0       0x1c zephyr/arch/common/libarch__common.a(dynamic_isr.c.obj)
                0x00000000000050c0                z_isr_install
 .text.z_arm_fatal_error
                0x00000000000050dc       0xe0 zephyr/arch/arch/arm/core/libarch__arm__core.a(fatal.c.obj)
                0x00000000000050dc                z_arm_fatal_error
 .text.z_SysNmiOnReset
                0x00000000000051bc        0x8 zephyr/arch/arch/arm/core/libarch__arm__core.a(nmi_on_reset.S.obj)
                0x00000000000051bc                z_SysNmiOnReset
 .text.arch_tls_stack_setup
                0x00000000000051c4       0x40 zephyr/arch/arch/arm/core/libarch__arm__core.a(tls.c.obj)
                0x00000000000051c4                arch_tls_stack_setup
 .text._HandlerModeExit
                0x0000000000005204       0x20 zephyr/arch/arch/arm/core/cortex_m/libarch__arm__core__cortex_m.a(exc_exit.c.obj)
                0x0000000000005204                z_arm_exc_exit
                0x0000000000005204                z_arm_int_exit
 .text.bus_fault.constprop.0
                0x0000000000005224      0x108 zephyr/arch/arch/arm/core/cortex_m/libarch__arm__core__cortex_m.a(fault.c.obj)
 .text.usage_fault.constprop.0
                0x000000000000532c       0xdc zephyr/arch/arch/arm/core/cortex_m/libarch__arm__core__cortex_m.a(fault.c.obj)
 .text.mem_manage_fault
                0x0000000000005408      0x140 zephyr/arch/arch/arm/core/cortex_m/libarch__arm__core__cortex_m.a(fault.c.obj)
 .text.z_arm_fault
                0x0000000000005548      0x20c zephyr/arch/arch/arm/core/cortex_m/libarch__arm__core__cortex_m.a(fault.c.obj)
                0x0000000000005548                z_arm_fault
 .text.z_arm_fault_init
                0x0000000000005754       0x18 zephyr/arch/arch/arm/core/cortex_m/libarch__arm__core__cortex_m.a(fault.c.obj)
                0x0000000000005754                z_arm_fault_init
 .text.__fault  0x000000000000576c       0x14 zephyr/arch/arch/arm/core/cortex_m/libarch__arm__core__cortex_m.a(fault_s.S.obj)
                0x000000000000576c                z_arm_bus_fault
                0x000000000000576c                z_arm_usage_fault
                0x000000000000576c                z_arm_mpu_fault
                0x000000000000576c                z_arm_exc_spurious
                0x000000000000576c                z_arm_debug_monitor
                0x000000000000576c                z_arm_hard_fault
 .text._reset_section
                0x0000000000005780       0x44 zephyr/arch/arch/arm/core/cortex_m/libarch__arm__core__cortex_m.a(reset.S.obj)
                0x0000000000005780                z_arm_reset
                0x0000000000005780                __start
 .text.z_impl_k_thread_abort
                0x00000000000057c4       0x2c zephyr/arch/arch/arm/core/cortex_m/libarch__arm__core__cortex_m.a(thread_abort.c.obj)
                0x00000000000057c4                z_impl_k_thread_abort
 .text.z_arm_pendsv
                0x00000000000057f0       0x64 zephyr/arch/arch/arm/core/cortex_m/libarch__arm__core__cortex_m.a(swap_helper.S.obj)
                0x00000000000057f0                z_arm_pendsv
 .text.z_arm_svc
                0x0000000000005854       0x24 zephyr/arch/arch/arm/core/cortex_m/libarch__arm__core__cortex_m.a(swap_helper.S.obj)
                0x0000000000005854                z_arm_svc
 .text.__NVIC_SetPriority
                0x0000000000005878       0x28 zephyr/arch/arch/arm/core/cortex_m/libarch__arm__core__cortex_m.a(irq_manage.c.obj)
 .text.arm_irq_enable
                0x00000000000058a0       0x1c zephyr/arch/arch/arm/core/cortex_m/libarch__arm__core__cortex_m.a(irq_manage.c.obj)
                0x00000000000058a0                arm_irq_enable
 .text.relocate_vector_table
                0x00000000000058bc       0x1c zephyr/arch/arch/arm/core/cortex_m/libarch__arm__core__cortex_m.a(prep_c.c.obj)
                0x00000000000058bc                relocate_vector_table
 .text.z_prep_c
                0x00000000000058d8       0x38 zephyr/arch/arch/arm/core/cortex_m/libarch__arm__core__cortex_m.a(prep_c.c.obj)
                0x00000000000058d8                z_prep_c
 .text.arch_new_thread
                0x0000000000005910       0x38 zephyr/arch/arch/arm/core/cortex_m/libarch__arm__core__cortex_m.a(thread.c.obj)
                0x0000000000005910                arch_new_thread
 .text.z_check_thread_stack_fail
                0x0000000000005948       0x30 zephyr/arch/arch/arm/core/cortex_m/libarch__arm__core__cortex_m.a(thread.c.obj)
                0x0000000000005948                z_check_thread_stack_fail
 .text.arch_switch_to_main_thread
                0x0000000000005978       0x40 zephyr/arch/arch/arm/core/cortex_m/libarch__arm__core__cortex_m.a(thread.c.obj)
                0x0000000000005978                arch_switch_to_main_thread
 .text.z_arm_cpu_idle_init
                0x00000000000059b8        0xc zephyr/arch/arch/arm/core/cortex_m/libarch__arm__core__cortex_m.a(cpu_idle.c.obj)
                0x00000000000059b8                z_arm_cpu_idle_init
 .text.z_arm_interrupt_init
                0x00000000000059c4       0x18 zephyr/arch/arch/arm/core/cortex_m/libarch__arm__core__cortex_m.a(irq_init.c.obj)
                0x00000000000059c4                z_arm_interrupt_init
 .text._isr_wrapper
                0x00000000000059dc       0x38 zephyr/arch/arch/arm/core/cortex_m/libarch__arm__core__cortex_m.a(isr_wrapper.c.obj)
                0x00000000000059dc                _isr_wrapper
 .text.z_arm_configure_static_mpu_regions
                0x0000000000005a14       0x18 zephyr/arch/arch/arm/core/mpu/libarch__arm__core__mpu.a(arm_core_mpu.c.obj)
                0x0000000000005a14                z_arm_configure_static_mpu_regions
 .text.z_arm_configure_dynamic_mpu_regions
                0x0000000000005a2c       0x24 zephyr/arch/arch/arm/core/mpu/libarch__arm__core__mpu.a(arm_core_mpu.c.obj)
                0x0000000000005a2c                z_arm_configure_dynamic_mpu_regions
 .text.region_allocate_and_init
                0x0000000000005a50       0x58 zephyr/arch/arch/arm/core/mpu/libarch__arm__core__mpu.a(arm_mpu.c.obj)
 .text.mpu_configure_regions
                0x0000000000005aa8       0x70 zephyr/arch/arch/arm/core/mpu/libarch__arm__core__mpu.a(arm_mpu.c.obj)
 .text.arm_core_mpu_enable
                0x0000000000005b18       0x18 zephyr/arch/arch/arm/core/mpu/libarch__arm__core__mpu.a(arm_mpu.c.obj)
                0x0000000000005b18                arm_core_mpu_enable
 .text.arm_core_mpu_disable
                0x0000000000005b30       0x14 zephyr/arch/arch/arm/core/mpu/libarch__arm__core__mpu.a(arm_mpu.c.obj)
                0x0000000000005b30                arm_core_mpu_disable
 .text.arm_core_mpu_configure_static_mpu_regions
                0x0000000000005b44       0x14 zephyr/arch/arch/arm/core/mpu/libarch__arm__core__mpu.a(arm_mpu.c.obj)
                0x0000000000005b44                arm_core_mpu_configure_static_mpu_regions
 .text.arm_core_mpu_configure_dynamic_mpu_regions
                0x0000000000005b58       0x38 zephyr/arch/arch/arm/core/mpu/libarch__arm__core__mpu.a(arm_mpu.c.obj)
                0x0000000000005b58                arm_core_mpu_configure_dynamic_mpu_regions
 .text.z_arm_mpu_init
                0x0000000000005b90      0x17c zephyr/arch/arch/arm/core/mpu/libarch__arm__core__mpu.a(arm_mpu.c.obj)
                0x0000000000005b90                z_arm_mpu_init
 .text.cbvprintf
                0x0000000000005d0c       0x38 zephyr/lib/libc/picolibc/liblib__libc__picolibc.a(cbprintf.c.obj)
                0x0000000000005d0c                cbvprintf
 .text.z_impl_zephyr_fputc
                0x0000000000005d44       0x10 zephyr/lib/libc/picolibc/liblib__libc__picolibc.a(stdio.c.obj)
                0x0000000000005d44                z_impl_zephyr_fputc
 .text.__stdout_hook_install
                0x0000000000005d54       0x18 zephyr/lib/libc/picolibc/liblib__libc__picolibc.a(stdio.c.obj)
                0x0000000000005d54                __stdout_hook_install
 .text.malloc_prepare
                0x0000000000005d6c       0x24 zephyr/lib/libc/common/liblib__libc__common.a(malloc.c.obj)
 .text.getopt_init
                0x0000000000005d90       0x48 zephyr/lib/posix/options/liblib__posix__options.a(getopt.c.obj)
                0x0000000000005d90                getopt_init
 .text.getopt   0x0000000000005dd8       0xf8 zephyr/lib/posix/options/liblib__posix__options.a(getopt.c.obj)
                0x0000000000005dd8                getopt
 .text.z_getopt_global_state_update
                0x0000000000005ed0       0x34 zephyr/lib/posix/options/liblib__posix__options.a(getopt_common.c.obj)
                0x0000000000005ed0                z_getopt_global_state_update
 .text.getopt_state_get
                0x0000000000005f04        0x8 zephyr/lib/posix/options/liblib__posix__options.a(getopt_common.c.obj)
                0x0000000000005f04                getopt_state_get
 .text.net_buf_destroy
                0x0000000000005f0c       0x38 zephyr/lib/net_buf/liblib__net_buf.a(buf.c.obj)
 .text.net_buf_id
                0x0000000000005f44       0x20 zephyr/lib/net_buf/liblib__net_buf.a(buf.c.obj)
                0x0000000000005f44                net_buf_id
 .text.fixed_data_alloc
                0x0000000000005f64       0x24 zephyr/lib/net_buf/liblib__net_buf.a(buf.c.obj)
 .text.net_buf_alloc_len
                0x0000000000005f88       0xfc zephyr/lib/net_buf/liblib__net_buf.a(buf.c.obj)
                0x0000000000005f88                net_buf_alloc_len
 .text.net_buf_unref
                0x0000000000006084       0x38 zephyr/lib/net_buf/liblib__net_buf.a(buf.c.obj)
                0x0000000000006084                net_buf_unref
 .text.board_antenna_init
                0x00000000000060bc       0x2c zephyr/boards/beagle/beagleconnect_freedom/libboards__beagle__beagleconnect_freedom.a(board_antenna.c.obj)
 .text.board_cc13xx_rf_callback
                0x00000000000060e8       0x7c zephyr/boards/beagle/beagleconnect_freedom/libboards__beagle__beagleconnect_freedom.a(board_antenna.c.obj)
 .text.z_impl_sys_rand_get
                0x0000000000006164       0x40 zephyr/subsys/random/libsubsys__random.a(random_entropy_device.c.obj)
                0x0000000000006164                z_impl_sys_rand_get
 .text.zsock_socket_internal
                0x00000000000061a4       0x88 zephyr/subsys/net/libsubsys__net.a(sockets_inet.c.obj)
 .text.zsock_accepted_cb
                0x000000000000622c       0x4c zephyr/subsys/net/libsubsys__net.a(sockets_inet.c.obj)
 .text.send_check_and_wait
                0x0000000000006278       0xd8 zephyr/subsys/net/libsubsys__net.a(sockets_inet.c.obj)
 .text.ipv6_multicast_group
                0x0000000000006350       0x70 zephyr/subsys/net/libsubsys__net.a(sockets_inet.c.obj)
 .text.sock_ioctl_vmeth
                0x00000000000063c0      0x144 zephyr/subsys/net/libsubsys__net.a(sockets_inet.c.obj)
 .text.zsock_close_ctx
                0x0000000000006504       0x5c zephyr/subsys/net/libsubsys__net.a(sockets_inet.c.obj)
                0x0000000000006504                zsock_close_ctx
 .text.zsock_shutdown_ctx
                0x0000000000006560       0x68 zephyr/subsys/net/libsubsys__net.a(sockets_inet.c.obj)
                0x0000000000006560                zsock_shutdown_ctx
 .text.zsock_bind_ctx
                0x00000000000065c8       0x50 zephyr/subsys/net/libsubsys__net.a(sockets_inet.c.obj)
                0x00000000000065c8                zsock_bind_ctx
 .text.zsock_connect_ctx
                0x0000000000006618       0xd4 zephyr/subsys/net/libsubsys__net.a(sockets_inet.c.obj)
                0x0000000000006618                zsock_connect_ctx
 .text.zsock_listen_ctx
                0x00000000000066ec       0x50 zephyr/subsys/net/libsubsys__net.a(sockets_inet.c.obj)
                0x00000000000066ec                zsock_listen_ctx
 .text.zsock_sendto_ctx
                0x000000000000673c      0x104 zephyr/subsys/net/libsubsys__net.a(sockets_inet.c.obj)
                0x000000000000673c                zsock_sendto_ctx
 .text.zsock_wait_data
                0x0000000000006840       0x6c zephyr/subsys/net/libsubsys__net.a(sockets_inet.c.obj)
                0x0000000000006840                zsock_wait_data
 .text.zsock_accept_ctx
                0x00000000000068ac      0x12c zephyr/subsys/net/libsubsys__net.a(sockets_inet.c.obj)
                0x00000000000068ac                zsock_accept_ctx
 .text.zsock_recv_dgram
                0x00000000000069d8      0x2a8 zephyr/subsys/net/libsubsys__net.a(sockets_inet.c.obj)
 .text.zsock_recv_stream
                0x0000000000006c80      0x184 zephyr/subsys/net/libsubsys__net.a(sockets_inet.c.obj)
 .text.zsock_recvfrom_ctx
                0x0000000000006e04       0x5c zephyr/subsys/net/libsubsys__net.a(sockets_inet.c.obj)
                0x0000000000006e04                zsock_recvfrom_ctx
 .text.zsock_recvmsg_ctx
                0x0000000000006e60       0x70 zephyr/subsys/net/libsubsys__net.a(sockets_inet.c.obj)
                0x0000000000006e60                zsock_recvmsg_ctx
 .text.zsock_getsockopt_ctx
                0x0000000000006ed0      0x124 zephyr/subsys/net/libsubsys__net.a(sockets_inet.c.obj)
                0x0000000000006ed0                zsock_getsockopt_ctx
 .text.zsock_setsockopt_ctx
                0x0000000000006ff4      0x17c zephyr/subsys/net/libsubsys__net.a(sockets_inet.c.obj)
                0x0000000000006ff4                zsock_setsockopt_ctx
 .text.zsock_getpeername_ctx
                0x0000000000007170       0x8c zephyr/subsys/net/libsubsys__net.a(sockets_inet.c.obj)
                0x0000000000007170                zsock_getpeername_ctx
 .text.zsock_getsockname_ctx
                0x00000000000071fc       0x7c zephyr/subsys/net/libsubsys__net.a(sockets_inet.c.obj)
                0x00000000000071fc                zsock_getsockname_ctx
 .text.ieee802154_wait_for_ack
                0x0000000000007278       0x5c zephyr/subsys/net/l2/ieee802154/libsubsys__net__l2__ieee802154.a(ieee802154.c.obj)
                0x0000000000007278                ieee802154_wait_for_ack
 .text.ieee802154_radio_send
                0x00000000000072d4       0xcc zephyr/subsys/net/l2/ieee802154/libsubsys__net__l2__ieee802154.a(ieee802154.c.obj)
                0x00000000000072d4                ieee802154_radio_send
 .text.ieee802154_send
                0x00000000000073a0      0x100 zephyr/subsys/net/l2/ieee802154/libsubsys__net__l2__ieee802154.a(ieee802154.c.obj)
 .text.ieee802154_init
                0x00000000000074a0      0x128 zephyr/subsys/net/l2/ieee802154/libsubsys__net__l2__ieee802154.a(ieee802154.c.obj)
                0x00000000000074a0                ieee802154_init
 .text.ieee802154_create_data_frame
                0x00000000000075c8      0x194 zephyr/subsys/net/l2/ieee802154/libsubsys__net__l2__ieee802154.a(ieee802154_frame.c.obj)
                0x00000000000075c8                ieee802154_create_data_frame
 .text.ieee802154_6lo_fragment
                0x000000000000775c      0x108 zephyr/subsys/net/l2/ieee802154/libsubsys__net__l2__ieee802154.a(ieee802154_6lo_fragment.c.obj)
                0x000000000000775c                ieee802154_6lo_fragment
 .text.ieee802154_6lo_reassemble
                0x0000000000007864      0x2f0 zephyr/subsys/net/l2/ieee802154/libsubsys__net__l2__ieee802154.a(ieee802154_6lo_fragment.c.obj)
                0x0000000000007864                ieee802154_6lo_reassemble
 .text.ieee802154_radio_remove_pan_id
                0x0000000000007b54       0x4c zephyr/subsys/net/l2/ieee802154/libsubsys__net__l2__ieee802154.a(ieee802154_mgmt.c.obj)
 .text.ieee802154_radio_filter_pan_id
                0x0000000000007ba0       0x4c zephyr/subsys/net/l2/ieee802154/libsubsys__net__l2__ieee802154.a(ieee802154_mgmt.c.obj)
 .text.ieee802154_radio_remove_src_short_addr
                0x0000000000007bec       0x4c zephyr/subsys/net/l2/ieee802154/libsubsys__net__l2__ieee802154.a(ieee802154_mgmt.c.obj)
 .text.ieee802154_radio_filter_short_addr
                0x0000000000007c38       0x4c zephyr/subsys/net/l2/ieee802154/libsubsys__net__l2__ieee802154.a(ieee802154_mgmt.c.obj)
 .text.ieee802154_handle_beacon
                0x0000000000007c84       0xa4 zephyr/subsys/net/l2/ieee802154/libsubsys__net__l2__ieee802154.a(ieee802154_mgmt.c.obj)
                0x0000000000007c84                ieee802154_handle_beacon
 .text.ieee802154_handle_mac_command
                0x0000000000007d28      0x11c zephyr/subsys/net/l2/ieee802154/libsubsys__net__l2__ieee802154.a(ieee802154_mgmt.c.obj)
                0x0000000000007d28                ieee802154_handle_mac_command
 .text.unslotted_csma_ca_channel_access
                0x0000000000007e44      0x174 zephyr/subsys/net/l2/ieee802154/libsubsys__net__l2__ieee802154.a(ieee802154_radio_csma_ca.c.obj)
                0x0000000000007e44                ieee802154_wait_for_clear_channel
 .text.net_if_get_default.part.0
                0x0000000000007fb8       0x20 zephyr/subsys/net/ip/libsubsys__net__ip.a(net_if.c.obj)
 .text.iface_router_update_timer
                0x0000000000007fd8       0x90 zephyr/subsys/net/ip/libsubsys__net__ip.a(net_if.c.obj)
 .text.iface_router_expired
                0x0000000000008068       0xa8 zephyr/subsys/net/ip/libsubsys__net__ip.a(net_if.c.obj)
 .text.z_impl_net_if_get_by_index
                0x0000000000008110       0x24 zephyr/subsys/net/ip/libsubsys__net__ip.a(net_if.c.obj)
                0x0000000000008110                z_impl_net_if_get_by_index
 .text.dad_timeout
                0x0000000000008134       0xd8 zephyr/subsys/net/ip/libsubsys__net__ip.a(net_if.c.obj)
 .text.net_if_get_default
                0x000000000000820c       0x24 zephyr/subsys/net/ip/libsubsys__net__ip.a(net_if.c.obj)
                0x000000000000820c                net_if_get_default
 .text.net_if_mcast_monitor
                0x0000000000008230       0x54 zephyr/subsys/net/ip/libsubsys__net__ip.a(net_if.c.obj)
                0x0000000000008230                net_if_mcast_monitor
 .text.net_if_config_ipv6_get
                0x0000000000008284       0x6c zephyr/subsys/net/ip/libsubsys__net__ip.a(net_if.c.obj)
                0x0000000000008284                net_if_config_ipv6_get
 .text.net_if_start_rs
                0x00000000000082f0       0x84 zephyr/subsys/net/ip/libsubsys__net__ip.a(net_if.c.obj)
                0x00000000000082f0                net_if_start_rs
 .text.rs_timeout
                0x0000000000008374       0xf8 zephyr/subsys/net/ip/libsubsys__net__ip.a(net_if.c.obj)
 .text.net_if_stop_rs
                0x000000000000846c       0x40 zephyr/subsys/net/ip/libsubsys__net__ip.a(net_if.c.obj)
                0x000000000000846c                net_if_stop_rs
 .text.net_if_ipv6_addr_lookup
                0x00000000000084ac       0x88 zephyr/subsys/net/ip/libsubsys__net__ip.a(net_if.c.obj)
                0x00000000000084ac                net_if_ipv6_addr_lookup
 .text.net_if_ipv6_addr_update_lifetime
                0x0000000000008534       0x5c zephyr/subsys/net/ip/libsubsys__net__ip.a(net_if.c.obj)
                0x0000000000008534                net_if_ipv6_addr_update_lifetime
 .text.net_if_ipv6_maddr_rm
                0x0000000000008590       0x74 zephyr/subsys/net/ip/libsubsys__net__ip.a(net_if.c.obj)
                0x0000000000008590                net_if_ipv6_maddr_rm
 .text.net_if_ipv6_maddr_lookup
                0x0000000000008604       0x98 zephyr/subsys/net/ip/libsubsys__net__ip.a(net_if.c.obj)
                0x0000000000008604                net_if_ipv6_maddr_lookup
 .text.net_if_ipv6_maddr_add
                0x000000000000869c       0xec zephyr/subsys/net/ip/libsubsys__net__ip.a(net_if.c.obj)
                0x000000000000869c                net_if_ipv6_maddr_add
 .text.net_if_ipv6_prefix_add
                0x0000000000008788      0x118 zephyr/subsys/net/ip/libsubsys__net__ip.a(net_if.c.obj)
                0x0000000000008788                net_if_ipv6_prefix_add
 .text.net_if_ipv6_addr_onlink
                0x00000000000088a0       0x88 zephyr/subsys/net/ip/libsubsys__net__ip.a(net_if.c.obj)
                0x00000000000088a0                net_if_ipv6_addr_onlink
 .text.net_if_ipv6_prefix_set_timer
                0x0000000000008928       0x58 zephyr/subsys/net/ip/libsubsys__net__ip.a(net_if.c.obj)
                0x0000000000008928                net_if_ipv6_prefix_set_timer
 .text.net_if_ipv6_prefix_unset_timer
                0x0000000000008980       0x40 zephyr/subsys/net/ip/libsubsys__net__ip.a(net_if.c.obj)
                0x0000000000008980                net_if_ipv6_prefix_unset_timer
 .text.net_if_ipv6_router_lookup
                0x00000000000089c0       0x4c zephyr/subsys/net/ip/libsubsys__net__ip.a(net_if.c.obj)
                0x00000000000089c0                net_if_ipv6_router_lookup
 .text.net_if_ipv6_router_find_default
                0x0000000000008a0c       0x4c zephyr/subsys/net/ip/libsubsys__net__ip.a(net_if.c.obj)
                0x0000000000008a0c                net_if_ipv6_router_find_default
 .text.net_if_ipv6_router_add
                0x0000000000008a58       0xa4 zephyr/subsys/net/ip/libsubsys__net__ip.a(net_if.c.obj)
                0x0000000000008a58                net_if_ipv6_router_add
 .text.net_if_ipv6_router_rm
                0x0000000000008afc       0x6c zephyr/subsys/net/ip/libsubsys__net__ip.a(net_if.c.obj)
                0x0000000000008afc                net_if_ipv6_router_rm
 .text.net_if_ipv6_select_src_addr_hint
                0x0000000000008b68       0xd4 zephyr/subsys/net/ip/libsubsys__net__ip.a(net_if.c.obj)
                0x0000000000008b68                net_if_ipv6_select_src_addr_hint
 .text.net_if_addr_unref
                0x0000000000008c3c      0x12c zephyr/subsys/net/ip/libsubsys__net__ip.a(net_if.c.obj)
                0x0000000000008c3c                net_if_addr_unref
 .text.net_if_ipv6_dad_failed
                0x0000000000008d68       0x84 zephyr/subsys/net/ip/libsubsys__net__ip.a(net_if.c.obj)
                0x0000000000008d68                net_if_ipv6_dad_failed
 .text.net_if_ipv6_prefix_rm
                0x0000000000008dec       0xa4 zephyr/subsys/net/ip/libsubsys__net__ip.a(net_if.c.obj)
                0x0000000000008dec                net_if_ipv6_prefix_rm
 .text.prefix_lifetime_timeout
                0x0000000000008e90       0xf0 zephyr/subsys/net/ip/libsubsys__net__ip.a(net_if.c.obj)
 .text.address_lifetime_timeout
                0x0000000000008f80       0xdc zephyr/subsys/net/ip/libsubsys__net__ip.a(net_if.c.obj)
 .text.net_if_register_link_cb
                0x000000000000905c       0x40 zephyr/subsys/net/ip/libsubsys__net__ip.a(net_if.c.obj)
                0x000000000000905c                net_if_register_link_cb
 .text.net_if_call_link_cb
                0x000000000000909c       0x4c zephyr/subsys/net/ip/libsubsys__net__ip.a(net_if.c.obj)
                0x000000000000909c                net_if_call_link_cb
 .text.net_if_tx.isra.0
                0x00000000000090e8       0xe4 zephyr/subsys/net/ip/libsubsys__net__ip.a(net_if.c.obj)
 .text.net_if_try_send_data
                0x00000000000091cc      0x100 zephyr/subsys/net/ip/libsubsys__net__ip.a(net_if.c.obj)
                0x00000000000091cc                net_if_try_send_data
 .text.net_if_get_by_iface
                0x00000000000092cc       0x24 zephyr/subsys/net/ip/libsubsys__net__ip.a(net_if.c.obj)
                0x00000000000092cc                net_if_get_by_iface
 .text.net_if_ipv6_start_dad.part.0
                0x00000000000092f0       0xb8 zephyr/subsys/net/ip/libsubsys__net__ip.a(net_if.c.obj)
 .text.join_mcast_allnodes.part.0
                0x00000000000093a8       0x8c zephyr/subsys/net/ip/libsubsys__net__ip.a(net_if.c.obj)
 .text.join_mcast_nodes
                0x0000000000009434       0x9c zephyr/subsys/net/ip/libsubsys__net__ip.a(net_if.c.obj)
 .text.net_if_ipv6_addr_add
                0x00000000000094d0      0x1b0 zephyr/subsys/net/ip/libsubsys__net__ip.a(net_if.c.obj)
                0x00000000000094d0                net_if_ipv6_addr_add
 .text.net_if_start_dad
                0x0000000000009680      0x1ac zephyr/subsys/net/ip/libsubsys__net__ip.a(net_if.c.obj)
                0x0000000000009680                net_if_start_dad
 .text.update_operational_state
                0x000000000000982c      0x2c4 zephyr/subsys/net/ip/libsubsys__net__ip.a(net_if.c.obj)
 .text.net_if_up
                0x0000000000009af0       0x70 zephyr/subsys/net/ip/libsubsys__net__ip.a(net_if.c.obj)
                0x0000000000009af0                net_if_up
 .text.net_if_set_name
                0x0000000000009b60       0x64 zephyr/subsys/net/ip/libsubsys__net__ip.a(net_if.c.obj)
                0x0000000000009b60                net_if_set_name
 .text.net_if_get_by_name
                0x0000000000009bc4       0x44 zephyr/subsys/net/ip/libsubsys__net__ip.a(net_if.c.obj)
                0x0000000000009bc4                net_if_get_by_name
 .text.net_if_init
                0x0000000000009c08      0x240 zephyr/subsys/net/ip/libsubsys__net__ip.a(net_if.c.obj)
                0x0000000000009c08                net_if_init
 .text.net_if_post_init
                0x0000000000009e48       0x28 zephyr/subsys/net/ip/libsubsys__net__ip.a(net_if.c.obj)
                0x0000000000009e48                net_if_post_init
 .text.net_sprint_ll_addr_buf
                0x0000000000009e70       0x58 zephyr/subsys/net/ip/libsubsys__net__ip.a(utils.c.obj)
                0x0000000000009e70                net_sprint_ll_addr_buf
 .text.z_impl_net_addr_ntop
                0x0000000000009ec8      0x1d4 zephyr/subsys/net/ip/libsubsys__net__ip.a(utils.c.obj)
                0x0000000000009ec8                z_impl_net_addr_ntop
 .text.net_sprint_addr
                0x000000000000a09c       0x2c zephyr/subsys/net/ip/libsubsys__net__ip.a(utils.c.obj)
                0x000000000000a09c                net_sprint_addr
 .text.net_ipv6_unspecified_address
                0x000000000000a0c8        0x8 zephyr/subsys/net/ip/libsubsys__net__ip.a(utils.c.obj)
                0x000000000000a0c8                net_ipv6_unspecified_address
 .text.mgmt_event_work_handler
                0x000000000000a0d0      0x11c zephyr/subsys/net/ip/libsubsys__net__ip.a(net_mgmt.c.obj)
 .text.mgmt_rebuild_global_event_mask
                0x000000000000a1ec       0x5c zephyr/subsys/net/ip/libsubsys__net__ip.a(net_mgmt.c.obj)
 .text.net_mgmt_event_notify_with_info
                0x000000000000a248       0x94 zephyr/subsys/net/ip/libsubsys__net__ip.a(net_mgmt.c.obj)
                0x000000000000a248                net_mgmt_event_notify_with_info
 .text.net_mgmt_event_init
                0x000000000000a2dc       0x3c zephyr/subsys/net/ip/libsubsys__net__ip.a(net_mgmt.c.obj)
                0x000000000000a2dc                net_mgmt_event_init
 .text.check_used_port.constprop.0
                0x000000000000a318       0xe8 zephyr/subsys/net/ip/libsubsys__net__ip.a(net_context.c.obj)
 .text.net_context_packet_received
                0x000000000000a400       0xb0 zephyr/subsys/net/ip/libsubsys__net__ip.a(net_context.c.obj)
                0x000000000000a400                net_context_packet_received
 .text.net_context_get
                0x000000000000a4b0      0x16c zephyr/subsys/net/ip/libsubsys__net__ip.a(net_context.c.obj)
                0x000000000000a4b0                net_context_get
 .text.net_context_put
                0x000000000000a61c       0x48 zephyr/subsys/net/ip/libsubsys__net__ip.a(net_context.c.obj)
                0x000000000000a61c                net_context_put
 .text.net_context_bind
                0x000000000000a664      0x174 zephyr/subsys/net/ip/libsubsys__net__ip.a(net_context.c.obj)
                0x000000000000a664                net_context_bind
 .text.context_sendto
                0x000000000000a7d8      0x248 zephyr/subsys/net/ip/libsubsys__net__ip.a(net_context.c.obj)
 .text.net_context_recv
                0x000000000000aa20      0x160 zephyr/subsys/net/ip/libsubsys__net__ip.a(net_context.c.obj)
                0x000000000000aa20                net_context_recv
 .text.net_context_set_option
                0x000000000000ab80      0x19c zephyr/subsys/net/ip/libsubsys__net__ip.a(net_context.c.obj)
                0x000000000000ab80                net_context_set_option
 .text.net_context_get_option
                0x000000000000ad1c      0x14c zephyr/subsys/net/ip/libsubsys__net__ip.a(net_context.c.obj)
                0x000000000000ad1c                net_context_get_option
 .text.net_context_init
                0x000000000000ae68       0x10 zephyr/subsys/net/ip/libsubsys__net__ip.a(net_context.c.obj)
                0x000000000000ae68                net_context_init
 .text.net_pkt_get_reserve_data
                0x000000000000ae78       0x48 zephyr/subsys/net/ip/libsubsys__net__ip.a(net_pkt.c.obj)
                0x000000000000ae78                net_pkt_get_reserve_data
 .text.net_pkt_get_reserve_rx_data
                0x000000000000aec0        0xc zephyr/subsys/net/ip/libsubsys__net__ip.a(net_pkt.c.obj)
                0x000000000000aec0                net_pkt_get_reserve_rx_data
 .text.net_pkt_get_reserve_tx_data
                0x000000000000aecc        0xc zephyr/subsys/net/ip/libsubsys__net__ip.a(net_pkt.c.obj)
                0x000000000000aecc                net_pkt_get_reserve_tx_data
 .text.net_pkt_get_frag
                0x000000000000aed8       0x20 zephyr/subsys/net/ip/libsubsys__net__ip.a(net_pkt.c.obj)
                0x000000000000aed8                net_pkt_get_frag
 .text.pkt_alloc
                0x000000000000aef8       0x58 zephyr/subsys/net/ip/libsubsys__net__ip.a(net_pkt.c.obj)
 .text.net_pkt_alloc_buffer_with_reserve
                0x000000000000af50      0x104 zephyr/subsys/net/ip/libsubsys__net__ip.a(net_pkt.c.obj)
                0x000000000000af50                net_pkt_alloc_buffer_with_reserve
 .text.net_pkt_alloc_buffer
                0x000000000000b054       0x7c zephyr/subsys/net/ip/libsubsys__net__ip.a(net_pkt.c.obj)
                0x000000000000b054                net_pkt_alloc_buffer
 .text.net_pkt_alloc_with_buffer
                0x000000000000b0d0       0x24 zephyr/subsys/net/ip/libsubsys__net__ip.a(net_pkt.c.obj)
                0x000000000000b0d0                net_pkt_alloc_with_buffer
 .text.net_pkt_rx_alloc_with_buffer
                0x000000000000b0f4       0x24 zephyr/subsys/net/ip/libsubsys__net__ip.a(net_pkt.c.obj)
                0x000000000000b0f4                net_pkt_rx_alloc_with_buffer
 .text.net_pkt_get_data
                0x000000000000b118       0x58 zephyr/subsys/net/ip/libsubsys__net__ip.a(net_pkt.c.obj)
                0x000000000000b118                net_pkt_get_data
 .text.net_tc_submit_to_rx_queue
                0x000000000000b170       0x18 zephyr/subsys/net/ip/libsubsys__net__ip.a(net_tc.c.obj)
                0x000000000000b170                net_tc_submit_to_rx_queue
 .text.net_rx_priority2tc
                0x000000000000b188       0x10 zephyr/subsys/net/ip/libsubsys__net__ip.a(net_tc.c.obj)
                0x000000000000b188                net_rx_priority2tc
 .text.net_tc_rx_init
                0x000000000000b198       0x90 zephyr/subsys/net/ip/libsubsys__net__ip.a(net_tc.c.obj)
                0x000000000000b198                net_tc_rx_init
 .text.icmp_call_handlers
                0x000000000000b228       0x6c zephyr/subsys/net/ip/libsubsys__net__ip.a(icmp.c.obj)
 .text.net_icmp_init_ctx
                0x000000000000b294       0x50 zephyr/subsys/net/ip/libsubsys__net__ip.a(icmp.c.obj)
                0x000000000000b294                net_icmp_init_ctx
 .text.k_mutex_lock.constprop.0.isra.0
                0x000000000000b2e4       0x10 zephyr/subsys/net/ip/libsubsys__net__ip.a(connection.c.obj)
 .text.k_mutex_unlock.constprop.0.isra.0
                0x000000000000b2f4        0xc zephyr/subsys/net/ip/libsubsys__net__ip.a(connection.c.obj)
 .text.net_conn_change_remote
                0x000000000000b300       0x84 zephyr/subsys/net/ip/libsubsys__net__ip.a(connection.c.obj)
 .text.conn_set_unused
                0x000000000000b384       0x34 zephyr/subsys/net/ip/libsubsys__net__ip.a(connection.c.obj)
 .text.net_conn_register
                0x000000000000b3b8      0x2bc zephyr/subsys/net/ip/libsubsys__net__ip.a(connection.c.obj)
                0x000000000000b3b8                net_conn_register
 .text.net_conn_unregister
                0x000000000000b674       0x78 zephyr/subsys/net/ip/libsubsys__net__ip.a(connection.c.obj)
                0x000000000000b674                net_conn_unregister
 .text.net_conn_update
                0x000000000000b6ec       0x40 zephyr/subsys/net/ip/libsubsys__net__ip.a(connection.c.obj)
                0x000000000000b6ec                net_conn_update
 .text.net_conn_input
                0x000000000000b72c      0x1dc zephyr/subsys/net/ip/libsubsys__net__ip.a(connection.c.obj)
                0x000000000000b72c                net_conn_input
 .text.net_conn_init
                0x000000000000b908       0x40 zephyr/subsys/net/ip/libsubsys__net__ip.a(connection.c.obj)
                0x000000000000b908                net_conn_init
 .text.get_ihpc_inlined_size
                0x000000000000b948       0x50 zephyr/subsys/net/ip/libsubsys__net__ip.a(6lo.c.obj)
 .text.get_udp_nhc_inlined_size
                0x000000000000b998       0x28 zephyr/subsys/net/ip/libsubsys__net__ip.a(6lo.c.obj)
 .text.net_6lo_compress
                0x000000000000b9c0      0x3b8 zephyr/subsys/net/ip/libsubsys__net__ip.a(6lo.c.obj)
                0x000000000000b9c0                net_6lo_compress
 .text.net_6lo_uncompress
                0x000000000000bd78      0x598 zephyr/subsys/net/ip/libsubsys__net__ip.a(6lo.c.obj)
                0x000000000000bd78                net_6lo_uncompress
 .text.net_6lo_uncompress_hdr_diff
                0x000000000000c310       0x70 zephyr/subsys/net/ip/libsubsys__net__ip.a(6lo.c.obj)
                0x000000000000c310                net_6lo_uncompress_hdr_diff
 .text.net_icmpv6_input
                0x000000000000c380       0x74 zephyr/subsys/net/ip/libsubsys__net__ip.a(icmpv6.c.obj)
                0x000000000000c380                net_icmpv6_input
 .text.net_icmpv6_init
                0x000000000000c3f4       0x60 zephyr/subsys/net/ip/libsubsys__net__ip.a(icmpv6.c.obj)
                0x000000000000c3f4                net_icmpv6_init
 .text.net_nbr_link
                0x000000000000c454       0xbc zephyr/subsys/net/ip/libsubsys__net__ip.a(nbr.c.obj)
                0x000000000000c454                net_nbr_link
 .text.net_nbr_unlink
                0x000000000000c510       0x44 zephyr/subsys/net/ip/libsubsys__net__ip.a(nbr.c.obj)
                0x000000000000c510                net_nbr_unlink
 .text.net_nbr_get_lladdr
                0x000000000000c554       0x14 zephyr/subsys/net/ip/libsubsys__net__ip.a(nbr.c.obj)
                0x000000000000c554                net_nbr_get_lladdr
 .text.net_ipv6_input
                0x000000000000c568      0x3f0 zephyr/subsys/net/ip/libsubsys__net__ip.a(ipv6.c.obj)
                0x000000000000c568                net_ipv6_input
 .text.ipv6_nd_restart_reachable_timer
                0x000000000000c958       0x88 zephyr/subsys/net/ip/libsubsys__net__ip.a(ipv6_nbr.c.obj)
 .text.ipv6_nbr_set_state
                0x000000000000c9e0       0x6c zephyr/subsys/net/ip/libsubsys__net__ip.a(ipv6_nbr.c.obj)
 .text.nbr_new  0x000000000000ca4c       0x84 zephyr/subsys/net/ip/libsubsys__net__ip.a(ipv6_nbr.c.obj)
 .text.nbr_lookup.constprop.0
                0x000000000000cad0       0x44 zephyr/subsys/net/ip/libsubsys__net__ip.a(ipv6_nbr.c.obj)
 .text.dbg_update_neighbor_lladdr.constprop.0
                0x000000000000cb14       0x28 zephyr/subsys/net/ip/libsubsys__net__ip.a(ipv6_nbr.c.obj)
 .text.dad_failed.part.0.isra.0
                0x000000000000cb3c       0x1c zephyr/subsys/net/ip/libsubsys__net__ip.a(ipv6_nbr.c.obj)
 .text.net_ipv6_nbr_lock
                0x000000000000cb58       0x14 zephyr/subsys/net/ip/libsubsys__net__ip.a(ipv6_nbr.c.obj)
                0x000000000000cb58                net_ipv6_nbr_lock
 .text.net_ipv6_nbr_unlock
                0x000000000000cb6c        0xc zephyr/subsys/net/ip/libsubsys__net__ip.a(ipv6_nbr.c.obj)
                0x000000000000cb6c                net_ipv6_nbr_unlock
 .text.ipv6_ns_reply_timeout
                0x000000000000cb78       0xbc zephyr/subsys/net/ip/libsubsys__net__ip.a(ipv6_nbr.c.obj)
 .text.net_ipv6_nbr_rm
                0x000000000000cc34       0x44 zephyr/subsys/net/ip/libsubsys__net__ip.a(ipv6_nbr.c.obj)
                0x000000000000cc34                net_ipv6_nbr_rm
 .text.add_nbr  0x000000000000cc78       0xa0 zephyr/subsys/net/ip/libsubsys__net__ip.a(ipv6_nbr.c.obj)
 .text.handle_na_input
                0x000000000000cd18      0x2b8 zephyr/subsys/net/ip/libsubsys__net__ip.a(ipv6_nbr.c.obj)
 .text.net_ipv6_send_ns
                0x000000000000cfd0      0x1f8 zephyr/subsys/net/ip/libsubsys__net__ip.a(ipv6_nbr.c.obj)
                0x000000000000cfd0                net_ipv6_send_ns
 .text.net_ipv6_nbr_add
                0x000000000000d1c8      0x110 zephyr/subsys/net/ip/libsubsys__net__ip.a(ipv6_nbr.c.obj)
                0x000000000000d1c8                net_ipv6_nbr_add
 .text.handle_ra_input
                0x000000000000d2d8      0x598 zephyr/subsys/net/ip/libsubsys__net__ip.a(ipv6_nbr.c.obj)
 .text.handle_ns_input
                0x000000000000d870      0x27c zephyr/subsys/net/ip/libsubsys__net__ip.a(ipv6_nbr.c.obj)
 .text.ipv6_nd_reachable_timeout
                0x000000000000daec       0xf0 zephyr/subsys/net/ip/libsubsys__net__ip.a(ipv6_nbr.c.obj)
 .text.net_ipv6_nbr_init
                0x000000000000dbdc      0x118 zephyr/subsys/net/ip/libsubsys__net__ip.a(ipv6_nbr.c.obj)
                0x000000000000dbdc                net_ipv6_nbr_init
 .text.net_ipv6_mld_join
                0x000000000000dcf4       0x98 zephyr/subsys/net/ip/libsubsys__net__ip.a(ipv6_mld.c.obj)
                0x000000000000dcf4                net_ipv6_mld_join
 .text.net_ipv6_mld_leave
                0x000000000000dd8c       0x68 zephyr/subsys/net/ip/libsubsys__net__ip.a(ipv6_mld.c.obj)
                0x000000000000dd8c                net_ipv6_mld_leave
 .text.net_ipv6_mld_init
                0x000000000000ddf4       0x60 zephyr/subsys/net/ip/libsubsys__net__ip.a(ipv6_mld.c.obj)
                0x000000000000ddf4                net_ipv6_mld_init
 .text.nbr_new  0x000000000000de54       0x5c zephyr/subsys/net/ip/libsubsys__net__ip.a(route.c.obj)
 .text.net_route_get_nbr
                0x000000000000deb0       0x38 zephyr/subsys/net/ip/libsubsys__net__ip.a(route.c.obj)
                0x000000000000deb0                net_route_get_nbr
 .text.net_route_lookup
                0x000000000000dee8       0xbc zephyr/subsys/net/ip/libsubsys__net__ip.a(route.c.obj)
                0x000000000000dee8                net_route_lookup
 .text.net_route_update_lifetime
                0x000000000000dfa4       0x88 zephyr/subsys/net/ip/libsubsys__net__ip.a(route.c.obj)
                0x000000000000dfa4                net_route_update_lifetime
 .text.net_route_del
                0x000000000000e02c       0x8c zephyr/subsys/net/ip/libsubsys__net__ip.a(route.c.obj)
                0x000000000000e02c                net_route_del
 .text.route_lifetime_timeout
                0x000000000000e0b8       0xa8 zephyr/subsys/net/ip/libsubsys__net__ip.a(route.c.obj)
 .text.net_route_del_by_nexthop
                0x000000000000e160       0x58 zephyr/subsys/net/ip/libsubsys__net__ip.a(route.c.obj)
                0x000000000000e160                net_route_del_by_nexthop
 .text.net_route_get_nexthop
                0x000000000000e1b8       0x48 zephyr/subsys/net/ip/libsubsys__net__ip.a(route.c.obj)
                0x000000000000e1b8                net_route_get_nexthop
 .text.net_route_add
                0x000000000000e200      0x17c zephyr/subsys/net/ip/libsubsys__net__ip.a(route.c.obj)
                0x000000000000e200                net_route_add
 .text.net_route_packet
                0x000000000000e37c       0xb8 zephyr/subsys/net/ip/libsubsys__net__ip.a(route.c.obj)
                0x000000000000e37c                net_route_packet
 .text.net_route_init
                0x000000000000e434       0x10 zephyr/subsys/net/ip/libsubsys__net__ip.a(route.c.obj)
                0x000000000000e434                net_route_init
 .text.net_udp_finalize
                0x000000000000e444       0x90 zephyr/subsys/net/ip/libsubsys__net__ip.a(udp.c.obj)
                0x000000000000e444                net_udp_finalize
 .text.net_udp_input
                0x000000000000e4d4       0x7c zephyr/subsys/net/ip/libsubsys__net__ip.a(udp.c.obj)
                0x000000000000e4d4                net_udp_input
 .text.uart_console_init
                0x000000000000e550       0x28 zephyr/drivers/console/libdrivers__console.a(uart_console.c.obj)
 .text.console_out
                0x000000000000e578       0x28 zephyr/drivers/console/libdrivers__console.a(uart_console.c.obj)
 .text.handle_shutdown_ovf
                0x000000000000e5a0       0x18 zephyr/drivers/entropy/libdrivers__entropy.a(entropy_cc13xx_cc26xx.c.obj)
 .text.entropy_cc13xx_cc26xx_isr
                0x000000000000e5b8       0x70 zephyr/drivers/entropy/libdrivers__entropy.a(entropy_cc13xx_cc26xx.c.obj)
 .text.entropy_cc13xx_cc26xx_get_entropy_isr
                0x000000000000e628       0xd0 zephyr/drivers/entropy/libdrivers__entropy.a(entropy_cc13xx_cc26xx.c.obj)
 .text.entropy_cc13xx_cc26xx_get_entropy
                0x000000000000e6f8       0x8c zephyr/drivers/entropy/libdrivers__entropy.a(entropy_cc13xx_cc26xx.c.obj)
 .text.start_trng.constprop.0
                0x000000000000e784       0x54 zephyr/drivers/entropy/libdrivers__entropy.a(entropy_cc13xx_cc26xx.c.obj)
 .text.entropy_cc13xx_cc26xx_init
                0x000000000000e7d8       0x58 zephyr/drivers/entropy/libdrivers__entropy.a(entropy_cc13xx_cc26xx.c.obj)
 .text.gpio_cc13xx_cc26xx_config
                0x000000000000e830       0xe0 zephyr/drivers/gpio/libdrivers__gpio.a(gpio_cc13xx_cc26xx.c.obj)
 .text.gpio_cc13xx_cc26xx_port_get_raw
                0x000000000000e910       0x10 zephyr/drivers/gpio/libdrivers__gpio.a(gpio_cc13xx_cc26xx.c.obj)
 .text.gpio_cc13xx_cc26xx_port_set_masked_raw
                0x000000000000e920       0x1c zephyr/drivers/gpio/libdrivers__gpio.a(gpio_cc13xx_cc26xx.c.obj)
 .text.gpio_cc13xx_cc26xx_port_set_bits_raw
                0x000000000000e93c       0x10 zephyr/drivers/gpio/libdrivers__gpio.a(gpio_cc13xx_cc26xx.c.obj)
 .text.gpio_cc13xx_cc26xx_port_clear_bits_raw
                0x000000000000e94c       0x10 zephyr/drivers/gpio/libdrivers__gpio.a(gpio_cc13xx_cc26xx.c.obj)
 .text.gpio_cc13xx_cc26xx_port_toggle_bits
                0x000000000000e95c       0x10 zephyr/drivers/gpio/libdrivers__gpio.a(gpio_cc13xx_cc26xx.c.obj)
 .text.gpio_cc13xx_cc26xx_get_pending_int
                0x000000000000e96c        0xc zephyr/drivers/gpio/libdrivers__gpio.a(gpio_cc13xx_cc26xx.c.obj)
 .text.gpio_cc13xx_cc26xx_init
                0x000000000000e978       0x38 zephyr/drivers/gpio/libdrivers__gpio.a(gpio_cc13xx_cc26xx.c.obj)
 .text.gpio_cc13xx_cc26xx_isr
                0x000000000000e9b0       0x38 zephyr/drivers/gpio/libdrivers__gpio.a(gpio_cc13xx_cc26xx.c.obj)
 .text.ieee802154_cc13xx_cc26xx_subg_attr_get
                0x000000000000e9e8       0x20 zephyr/drivers/ieee802154/libdrivers__ieee802154.a(ieee802154_cc13xx_cc26xx_subg.c.obj)
 .text.drv_start_rx.isra.0
                0x000000000000ea08       0x4c zephyr/drivers/ieee802154/libdrivers__ieee802154.a(ieee802154_cc13xx_cc26xx_subg.c.obj)
 .text.client_error_callback.part.0
                0x000000000000ea54       0x30 zephyr/drivers/ieee802154/libdrivers__ieee802154.a(ieee802154_cc13xx_cc26xx_subg.c.obj)
 .text.client_error_callback
                0x000000000000ea84       0x18 zephyr/drivers/ieee802154/libdrivers__ieee802154.a(ieee802154_cc13xx_cc26xx_subg.c.obj)
 .text.ieee802154_cc13xx_cc26xx_subg_init
                0x000000000000ea9c      0x180 zephyr/drivers/ieee802154/libdrivers__ieee802154.a(ieee802154_cc13xx_cc26xx_subg.c.obj)
 .text.ieee802154_cc13xx_cc26xx_subg_set_txpower
                0x000000000000ec1c       0x6c zephyr/drivers/ieee802154/libdrivers__ieee802154.a(ieee802154_cc13xx_cc26xx_subg.c.obj)
 .text.ieee802154_cc13xx_cc26xx_subg_tx
                0x000000000000ec88       0xd0 zephyr/drivers/ieee802154/libdrivers__ieee802154.a(ieee802154_cc13xx_cc26xx_subg.c.obj)
 .text.cmd_prop_rx_adv_callback
                0x000000000000ed58      0x180 zephyr/drivers/ieee802154/libdrivers__ieee802154.a(ieee802154_cc13xx_cc26xx_subg.c.obj)
 .text.uart_cc13xx_cc26xx_configure
                0x000000000000eed8       0xc0 zephyr/drivers/serial/libdrivers__serial.a(uart_cc13xx_cc26xx.c.obj)
 .text.postNotifyFxn
                0x000000000000ef98       0x3c zephyr/drivers/serial/libdrivers__serial.a(uart_cc13xx_cc26xx.c.obj)
 .text.uart_cc13xx_cc26xx_init_1
                0x000000000000efd4       0x94 zephyr/drivers/serial/libdrivers__serial.a(uart_cc13xx_cc26xx.c.obj)
 .text.uart_cc13xx_cc26xx_init_0
                0x000000000000f068       0x94 zephyr/drivers/serial/libdrivers__serial.a(uart_cc13xx_cc26xx.c.obj)
 .text.rtc_isr  0x000000000000f0fc       0x68 zephyr/drivers/timer/libdrivers__timer.a(cc13xx_cc26xx_rtc_timer.c.obj)
                0x000000000000f0fc                rtc_isr
 .text.sys_clock_driver_init
                0x000000000000f164       0x9c zephyr/drivers/timer/libdrivers__timer.a(cc13xx_cc26xx_rtc_timer.c.obj)
 .text.sys_clock_set_timeout
                0x000000000000f200       0xcc zephyr/drivers/timer/libdrivers__timer.a(cc13xx_cc26xx_rtc_timer.c.obj)
                0x000000000000f200                sys_clock_set_timeout
 .text.sys_clock_elapsed
                0x000000000000f2cc       0x28 zephyr/drivers/timer/libdrivers__timer.a(cc13xx_cc26xx_rtc_timer.c.obj)
                0x000000000000f2cc                sys_clock_elapsed
 .text.TrimAfterColdResetWakeupFromShutDown
                0x000000000000f2f4       0xc8 modules/ti/simplelink/source/ti/devices/cc13x2x7_cc26x2x7/lib..__modules__hal__ti__simplelink__source__ti__devices__cc13x2x7_cc26x2x7.a(setup.c.obj)
 .text.NOROM_SetupTrimDevice
                0x000000000000f3bc       0xc8 modules/ti/simplelink/source/ti/devices/cc13x2x7_cc26x2x7/lib..__modules__hal__ti__simplelink__source__ti__devices__cc13x2x7_cc26x2x7.a(setup.c.obj)
                0x000000000000f3bc                NOROM_SetupTrimDevice
 .text.NOROM_ChipInfo_GetChipFamily
                0x000000000000f484       0x20 modules/ti/simplelink/source/ti/devices/cc13x2x7_cc26x2x7/lib..__modules__hal__ti__simplelink__source__ti__devices__cc13x2x7_cc26x2x7.a(chipinfo.c.obj)
                0x000000000000f484                NOROM_ChipInfo_GetChipFamily
 .text.NOROM_ChipInfo_GetChipType
                0x000000000000f4a4       0x4c modules/ti/simplelink/source/ti/devices/cc13x2x7_cc26x2x7/lib..__modules__hal__ti__simplelink__source__ti__devices__cc13x2x7_cc26x2x7.a(chipinfo.c.obj)
                0x000000000000f4a4                NOROM_ChipInfo_GetChipType
 .text.NOROM_AUXSYSIFOpModeChange
                0x000000000000f4f0       0x38 modules/ti/simplelink/source/ti/devices/cc13x2x7_cc26x2x7/lib..__modules__hal__ti__simplelink__source__ti__devices__cc13x2x7_cc26x2x7.a(aux_sysif.c.obj)
                0x000000000000f4f0                NOROM_AUXSYSIFOpModeChange
 .text.NOROM_SysCtrlIdle
                0x000000000000f528       0x3c modules/ti/simplelink/source/ti/devices/cc13x2x7_cc26x2x7/lib..__modules__hal__ti__simplelink__source__ti__devices__cc13x2x7_cc26x2x7.a(sys_ctrl.c.obj)
                0x000000000000f528                NOROM_SysCtrlIdle
 .text.NOROM_SysCtrlShutdownWithAbort
                0x000000000000f564       0x68 modules/ti/simplelink/source/ti/devices/cc13x2x7_cc26x2x7/lib..__modules__hal__ti__simplelink__source__ti__devices__cc13x2x7_cc26x2x7.a(sys_ctrl.c.obj)
                0x000000000000f564                NOROM_SysCtrlShutdownWithAbort
 .text.NOROM_SysCtrlSetRechargeBeforePowerDown
                0x000000000000f5cc       0x18 modules/ti/simplelink/source/ti/devices/cc13x2x7_cc26x2x7/lib..__modules__hal__ti__simplelink__source__ti__devices__cc13x2x7_cc26x2x7.a(sys_ctrl.c.obj)
                0x000000000000f5cc                NOROM_SysCtrlSetRechargeBeforePowerDown
 .text.NOROM_SysCtrlStandby
                0x000000000000f5e4       0xf8 modules/ti/simplelink/source/ti/devices/cc13x2x7_cc26x2x7/lib..__modules__hal__ti__simplelink__source__ti__devices__cc13x2x7_cc26x2x7.a(sys_ctrl.c.obj)
                0x000000000000f5e4                NOROM_SysCtrlStandby
 .text.OSCHfSourceSwitch
                0x000000000000f6dc       0x38 modules/ti/simplelink/source/ti/devices/cc13x2x7_cc26x2x7/lib..__modules__hal__ti__simplelink__source__ti__devices__cc13x2x7_cc26x2x7.a(osc.c.obj)
 .text.NOROM_OSCHF_TurnOnXosc
                0x000000000000f714       0x24 modules/ti/simplelink/source/ti/devices/cc13x2x7_cc26x2x7/lib..__modules__hal__ti__simplelink__source__ti__devices__cc13x2x7_cc26x2x7.a(osc.c.obj)
                0x000000000000f714                NOROM_OSCHF_TurnOnXosc
 .text.NOROM_OSCHF_AttemptToSwitchToXosc
                0x000000000000f738       0x60 modules/ti/simplelink/source/ti/devices/cc13x2x7_cc26x2x7/lib..__modules__hal__ti__simplelink__source__ti__devices__cc13x2x7_cc26x2x7.a(osc.c.obj)
                0x000000000000f738                NOROM_OSCHF_AttemptToSwitchToXosc
 .text.NOROM_OSCHF_SwitchToRcOscTurnOffXosc
                0x000000000000f798       0x44 modules/ti/simplelink/source/ti/devices/cc13x2x7_cc26x2x7/lib..__modules__hal__ti__simplelink__source__ti__devices__cc13x2x7_cc26x2x7.a(osc.c.obj)
                0x000000000000f798                NOROM_OSCHF_SwitchToRcOscTurnOffXosc
 .text.NOROM_OSC_HPOSCRelativeFrequencyOffsetGet
                0x000000000000f7dc       0x40 modules/ti/simplelink/source/ti/devices/cc13x2x7_cc26x2x7/lib..__modules__hal__ti__simplelink__source__ti__devices__cc13x2x7_cc26x2x7.a(osc.c.obj)
                0x000000000000f7dc                NOROM_OSC_HPOSCRelativeFrequencyOffsetGet
 .text.NOROM_PRCMPowerDomainsAllOff
                0x000000000000f81c       0x48 modules/ti/simplelink/source/ti/devices/cc13x2x7_cc26x2x7/lib..__modules__hal__ti__simplelink__source__ti__devices__cc13x2x7_cc26x2x7.a(prcm.c.obj)
                0x000000000000f81c                NOROM_PRCMPowerDomainsAllOff
 .text.NOROM_PRCMPowerDomainsAllOn
                0x000000000000f864       0x40 modules/ti/simplelink/source/ti/devices/cc13x2x7_cc26x2x7/lib..__modules__hal__ti__simplelink__source__ti__devices__cc13x2x7_cc26x2x7.a(prcm.c.obj)
                0x000000000000f864                NOROM_PRCMPowerDomainsAllOn
 .text.configureMultiProtocolPatch
                0x000000000000f8a4       0x7c modules/ti/simplelink/source/ti/devices/cc13x2x7_cc26x2x7/lib..__modules__hal__ti__simplelink__source__ti__devices__cc13x2x7_cc26x2x7.a(rf_patch_cpe_multi_protocol.c.obj)
 .text.rf_patch_cpe_multi_protocol
                0x000000000000f920       0x38 modules/ti/simplelink/source/ti/devices/cc13x2x7_cc26x2x7/lib..__modules__hal__ti__simplelink__source__ti__devices__cc13x2x7_cc26x2x7.a(rf_patch_cpe_multi_protocol.c.obj)
                0x000000000000f920                rf_patch_cpe_multi_protocol
 .text.NOROM_RFCCpeIntGetAndClear
                0x000000000000f958       0x10 modules/ti/simplelink/source/ti/devices/cc13x2x7_cc26x2x7/lib..__modules__hal__ti__simplelink__source__ti__devices__cc13x2x7_cc26x2x7.a(rfc.c.obj)
                0x000000000000f958                NOROM_RFCCpeIntGetAndClear
 .text.NOROM_RFCDoorbellSendTo
                0x000000000000f968       0x20 modules/ti/simplelink/source/ti/devices/cc13x2x7_cc26x2x7/lib..__modules__hal__ti__simplelink__source__ti__devices__cc13x2x7_cc26x2x7.a(rfc.c.obj)
                0x000000000000f968                NOROM_RFCDoorbellSendTo
 .text.NOROM_RFCSynthPowerDown
                0x000000000000f988       0x4c modules/ti/simplelink/source/ti/devices/cc13x2x7_cc26x2x7/lib..__modules__hal__ti__simplelink__source__ti__devices__cc13x2x7_cc26x2x7.a(rfc.c.obj)
                0x000000000000f988                NOROM_RFCSynthPowerDown
 .text.NOROM_RFCAnaDivTxOverride
                0x000000000000f9d4       0x3c modules/ti/simplelink/source/ti/devices/cc13x2x7_cc26x2x7/lib..__modules__hal__ti__simplelink__source__ti__devices__cc13x2x7_cc26x2x7.a(rfc.c.obj)
                0x000000000000f9d4                NOROM_RFCAnaDivTxOverride
 .text.NOROM_RFCHwIntGetAndClear
                0x000000000000fa10       0x10 modules/ti/simplelink/source/ti/devices/cc13x2x7_cc26x2x7/lib..__modules__hal__ti__simplelink__source__ti__devices__cc13x2x7_cc26x2x7.a(rfc.c.obj)
                0x000000000000fa10                NOROM_RFCHwIntGetAndClear
 .text.OSCClockLossEventEnable
                0x000000000000fa20       0x24 modules/ti/simplelink/lib..__modules__hal__ti__simplelink.a(PowerCC26X2.c.obj)
 .text.notify   0x000000000000fa44       0x30 modules/ti/simplelink/lib..__modules__hal__ti__simplelink.a(PowerCC26X2.c.obj)
 .text.Power_getConstraintMask
                0x000000000000fa74        0xc modules/ti/simplelink/lib..__modules__hal__ti__simplelink.a(PowerCC26X2.c.obj)
                0x000000000000fa74                Power_getConstraintMask
 .text.Power_getDependencyCount
                0x000000000000fa80       0x10 modules/ti/simplelink/lib..__modules__hal__ti__simplelink.a(PowerCC26X2.c.obj)
                0x000000000000fa80                Power_getDependencyCount
 .text.Power_registerNotify
                0x000000000000fa90       0x24 modules/ti/simplelink/lib..__modules__hal__ti__simplelink.a(PowerCC26X2.c.obj)
                0x000000000000fa90                Power_registerNotify
 .text.Power_releaseConstraint
                0x000000000000fab4       0x4c modules/ti/simplelink/lib..__modules__hal__ti__simplelink.a(PowerCC26X2.c.obj)
                0x000000000000fab4                Power_releaseConstraint
 .text.switchXOSCHF
                0x000000000000fb00       0x4c modules/ti/simplelink/lib..__modules__hal__ti__simplelink.a(PowerCC26X2.c.obj)
 .text.oscillatorISR
                0x000000000000fb4c       0x88 modules/ti/simplelink/lib..__modules__hal__ti__simplelink.a(PowerCC26X2.c.obj)
 .text.switchToTCXO
                0x000000000000fbd4       0x1c modules/ti/simplelink/lib..__modules__hal__ti__simplelink.a(PowerCC26X2.c.obj)
 .text.Power_releaseDependency
                0x000000000000fbf0       0xb8 modules/ti/simplelink/lib..__modules__hal__ti__simplelink.a(PowerCC26X2.c.obj)
                0x000000000000fbf0                Power_releaseDependency
 .text.Power_setConstraint
                0x000000000000fca8       0x44 modules/ti/simplelink/lib..__modules__hal__ti__simplelink.a(PowerCC26X2.c.obj)
                0x000000000000fca8                Power_setConstraint
 .text.configureXOSCHF
                0x000000000000fcec      0x120 modules/ti/simplelink/lib..__modules__hal__ti__simplelink.a(PowerCC26X2.c.obj)
 .text.Power_init
                0x000000000000fe0c      0x164 modules/ti/simplelink/lib..__modules__hal__ti__simplelink.a(PowerCC26X2.c.obj)
                0x000000000000fe0c                Power_init
 .text.Power_setDependency
                0x000000000000ff70       0xb4 modules/ti/simplelink/lib..__modules__hal__ti__simplelink.a(PowerCC26X2.c.obj)
                0x000000000000ff70                Power_setDependency
 .text.Power_shutdown
                0x0000000000010024       0x60 modules/ti/simplelink/lib..__modules__hal__ti__simplelink.a(PowerCC26X2.c.obj)
                0x0000000000010024                Power_shutdown
 .text.Power_sleep
                0x0000000000010084      0x18c modules/ti/simplelink/lib..__modules__hal__ti__simplelink.a(PowerCC26X2.c.obj)
                0x0000000000010084                Power_sleep
 .text.PowerCC26XX_isStableXOSC_HF
                0x0000000000010210       0x40 modules/ti/simplelink/lib..__modules__hal__ti__simplelink.a(PowerCC26X2.c.obj)
                0x0000000000010210                PowerCC26XX_isStableXOSC_HF
 .text.PowerCC26XX_switchXOSC_HF
                0x0000000000010250       0x48 modules/ti/simplelink/lib..__modules__hal__ti__simplelink.a(PowerCC26X2.c.obj)
                0x0000000000010250                PowerCC26XX_switchXOSC_HF
 .text.PowerCC26X2_initiateCalibration
                0x0000000000010298       0x64 modules/ti/simplelink/lib..__modules__hal__ti__simplelink.a(PowerCC26X2_calibrateRCOSC.c.obj)
                0x0000000000010298                PowerCC26X2_initiateCalibration
 .text.PowerCC26X2_calibrate
                0x00000000000102fc      0x170 modules/ti/simplelink/lib..__modules__hal__ti__simplelink.a(PowerCC26X2_calibrateRCOSC.c.obj)
                0x00000000000102fc                PowerCC26X2_calibrate
 .text.PowerCC26X2_auxISR
                0x000000000001046c      0x290 modules/ti/simplelink/lib..__modules__hal__ti__simplelink.a(PowerCC26X2_calibrateRCOSC.c.obj)
                0x000000000001046c                PowerCC26X2_auxISR
 .text.PowerCC26X2_RCOSC_clockFunc
                0x00000000000106fc       0x3c modules/ti/simplelink/lib..__modules__hal__ti__simplelink.a(PowerCC26X2_calibrateRCOSC.c.obj)
                0x00000000000106fc                PowerCC26X2_RCOSC_clockFunc
 .text.RF_cmdGet
                0x0000000000010738       0x40 modules/ti/simplelink/lib..__modules__hal__ti__simplelink.a(RFCC26X2_multiMode.c.obj)
 .text.RF_dbellSyncOnAck
                0x0000000000010778       0x14 modules/ti/simplelink/lib..__modules__hal__ti__simplelink.a(RFCC26X2_multiMode.c.obj)
 .text.RF_checkCmdFsError
                0x000000000001078c       0x30 modules/ti/simplelink/lib..__modules__hal__ti__simplelink.a(RFCC26X2_multiMode.c.obj)
 .text.RF_invokeGlobalCallback
                0x00000000000107bc       0x20 modules/ti/simplelink/lib..__modules__hal__ti__simplelink.a(RFCC26X2_multiMode.c.obj)
 .text.RF_isStateTransitionAllowed
                0x00000000000107dc       0x24 modules/ti/simplelink/lib..__modules__hal__ti__simplelink.a(RFCC26X2_multiMode.c.obj)
 .text.RF_issueRadioFreeCb
                0x0000000000010800       0x78 modules/ti/simplelink/lib..__modules__hal__ti__simplelink.a(RFCC26X2_multiMode.c.obj)
 .text.RF_applyRfCorePatch
                0x0000000000010878       0x74 modules/ti/simplelink/lib..__modules__hal__ti__simplelink.a(RFCC26X2_multiMode.c.obj)
 .text.RF_hwiHw
                0x00000000000108ec       0x6c modules/ti/simplelink/lib..__modules__hal__ti__simplelink.a(RFCC26X2_multiMode.c.obj)
 .text.RF_swiFsm
                0x0000000000010958       0x24 modules/ti/simplelink/lib..__modules__hal__ti__simplelink.a(RFCC26X2_multiMode.c.obj)
 .text.ClockP_convertUsToSystemTicksCeil
                0x000000000001097c       0x34 modules/ti/simplelink/lib..__modules__hal__ti__simplelink.a(RFCC26X2_multiMode.c.obj)
 .text.RF_hwiCpe0ChangePhy
                0x00000000000109b0       0x24 modules/ti/simplelink/lib..__modules__hal__ti__simplelink.a(RFCC26X2_multiMode.c.obj)
 .text.RF_executeDirectImmediateCmd
                0x00000000000109d4       0x2c modules/ti/simplelink/lib..__modules__hal__ti__simplelink.a(RFCC26X2_multiMode.c.obj)
 .text.RF_runDirectImmediateCmd
                0x0000000000010a00       0x34 modules/ti/simplelink/lib..__modules__hal__ti__simplelink.a(RFCC26X2_multiMode.c.obj)
 .text.RF_wakeupNotification
                0x0000000000010a34       0x74 modules/ti/simplelink/lib..__modules__hal__ti__simplelink.a(RFCC26X2_multiMode.c.obj)
 .text.RF_initRadioSetup
                0x0000000000010aa8       0xb0 modules/ti/simplelink/lib..__modules__hal__ti__simplelink.a(RFCC26X2_multiMode.c.obj)
 .text.RF_fsmSetupState
                0x0000000000010b58      0x11c modules/ti/simplelink/lib..__modules__hal__ti__simplelink.a(RFCC26X2_multiMode.c.obj)
 .text.RF_fsmXOSCState
                0x0000000000010c74       0x70 modules/ti/simplelink/lib..__modules__hal__ti__simplelink.a(RFCC26X2_multiMode.c.obj)
 .text.RF_discardPendCmd
                0x0000000000010ce4       0x8c modules/ti/simplelink/lib..__modules__hal__ti__simplelink.a(RFCC26X2_multiMode.c.obj)
 .text.RF_abortCmd
                0x0000000000010d70      0x140 modules/ti/simplelink/lib..__modules__hal__ti__simplelink.a(RFCC26X2_multiMode.c.obj)
 .text.RF_powerConstraintSet
                0x0000000000010eb0       0x1c modules/ti/simplelink/lib..__modules__hal__ti__simplelink.a(RFCC26X2_multiMode.c.obj)
                0x0000000000010eb0                RF_powerConstraintSet
 .text.RF_ratRestartChannels
                0x0000000000010ecc       0x88 modules/ti/simplelink/lib..__modules__hal__ti__simplelink.a(RFCC26X2_multiMode.c.obj)
 .text.RF_powerConstraintRelease
                0x0000000000010f54       0x40 modules/ti/simplelink/lib..__modules__hal__ti__simplelink.a(RFCC26X2_multiMode.c.obj)
                0x0000000000010f54                RF_powerConstraintRelease
 .text.RF_clkInactivityCallback
                0x0000000000010f94       0x1c modules/ti/simplelink/lib..__modules__hal__ti__simplelink.a(RFCC26X2_multiMode.c.obj)
 .text.RF_radioOpDoneCb
                0x0000000000010fb0      0x138 modules/ti/simplelink/lib..__modules__hal__ti__simplelink.a(RFCC26X2_multiMode.c.obj)
 .text.RF_ratFreeChannel
                0x00000000000110e8       0x94 modules/ti/simplelink/lib..__modules__hal__ti__simplelink.a(RFCC26X2_multiMode.c.obj)
 .text.RF_swiHw
                0x000000000001117c       0xcc modules/ti/simplelink/lib..__modules__hal__ti__simplelink.a(RFCC26X2_multiMode.c.obj)
 .text.RF_getCurrentTime
                0x0000000000011248       0x60 modules/ti/simplelink/lib..__modules__hal__ti__simplelink.a(RFCC26X2_multiMode.c.obj)
                0x0000000000011248                RF_getCurrentTime
 .text.RF_cmdDispatchTime
                0x00000000000112a8       0xac modules/ti/simplelink/lib..__modules__hal__ti__simplelink.a(RFCC26X2_multiMode.c.obj)
 .text.RF_dispatchNextCmd
                0x0000000000011354      0x1c0 modules/ti/simplelink/lib..__modules__hal__ti__simplelink.a(RFCC26X2_multiMode.c.obj)
 .text.RF_hwiCpe0Active
                0x0000000000011514       0xf8 modules/ti/simplelink/lib..__modules__hal__ti__simplelink.a(RFCC26X2_multiMode.c.obj)
 .text.RF_hwiCpe0PowerFsm
                0x000000000001160c       0x60 modules/ti/simplelink/lib..__modules__hal__ti__simplelink.a(RFCC26X2_multiMode.c.obj)
 .text.RF_calculateDispatchTime
                0x000000000001166c       0xc8 modules/ti/simplelink/lib..__modules__hal__ti__simplelink.a(RFCC26X2_multiMode.c.obj)
 .text.RF_dispatchNextEvent
                0x0000000000011734       0x6c modules/ti/simplelink/lib..__modules__hal__ti__simplelink.a(RFCC26X2_multiMode.c.obj)
 .text.RF_fsmPowerUpState
                0x00000000000117a0      0x118 modules/ti/simplelink/lib..__modules__hal__ti__simplelink.a(RFCC26X2_multiMode.c.obj)
 .text.RF_fsmActiveState
                0x00000000000118b8      0x4e0 modules/ti/simplelink/lib..__modules__hal__ti__simplelink.a(RFCC26X2_multiMode.c.obj)
 .text.RF_clkPowerUp
                0x0000000000011d98       0x24 modules/ti/simplelink/lib..__modules__hal__ti__simplelink.a(RFCC26X2_multiMode.c.obj)
 .text.RF_postCmd
                0x0000000000011dbc      0x100 modules/ti/simplelink/lib..__modules__hal__ti__simplelink.a(RFCC26X2_multiMode.c.obj)
                0x0000000000011dbc                RF_postCmd
 .text.RF_pendCmd
                0x0000000000011ebc       0xa4 modules/ti/simplelink/lib..__modules__hal__ti__simplelink.a(RFCC26X2_multiMode.c.obj)
                0x0000000000011ebc                RF_pendCmd
 .text.RF_yield
                0x0000000000011f60       0x84 modules/ti/simplelink/lib..__modules__hal__ti__simplelink.a(RFCC26X2_multiMode.c.obj)
                0x0000000000011f60                RF_yield
 .text.RF_Params_init
                0x0000000000011fe4       0x18 modules/ti/simplelink/lib..__modules__hal__ti__simplelink.a(RFCC26X2_multiMode.c.obj)
                0x0000000000011fe4                RF_Params_init
 .text.RF_open  0x0000000000011ffc      0x250 modules/ti/simplelink/lib..__modules__hal__ti__simplelink.a(RFCC26X2_multiMode.c.obj)
                0x0000000000011ffc                RF_open
 .text.RF_getTxPower
                0x000000000001224c       0x70 modules/ti/simplelink/lib..__modules__hal__ti__simplelink.a(RFCC26X2_multiMode.c.obj)
                0x000000000001224c                RF_getTxPower
 .text.RF_TxPowerTable_findValue
                0x00000000000122bc       0x60 modules/ti/simplelink/lib..__modules__hal__ti__simplelink.a(RFCC26X2_multiMode.c.obj)
                0x00000000000122bc                RF_TxPowerTable_findValue
 .text.ClockP_construct
                0x000000000001231c       0x40 modules/ti/simplelink/lib..__modules__hal__ti__simplelink.a(ClockP_zephyr.c.obj)
                0x000000000001231c                ClockP_construct
 .text.HwiP_construct
                0x000000000001235c      0x108 modules/ti/simplelink/lib..__modules__hal__ti__simplelink.a(HwiP_zephyr.c.obj)
                0x000000000001235c                HwiP_construct
 .text.SwiP_construct
                0x0000000000012464       0xf0 modules/ti/simplelink/lib..__modules__hal__ti__simplelink.a(SwiP_zephyr.c.obj)
                0x0000000000012464                SwiP_construct
 .text.SwiP_disable
                0x0000000000012554       0x1c modules/ti/simplelink/lib..__modules__hal__ti__simplelink.a(SwiP_zephyr.c.obj)
                0x0000000000012554                SwiP_disable
 .text.SwiP_dispatch
                0x0000000000012570       0xac modules/ti/simplelink/lib..__modules__hal__ti__simplelink.a(SwiP_zephyr.c.obj)
                0x0000000000012570                SwiP_dispatch
 .text.SwiP_getTrigger
                0x000000000001261c        0xc modules/ti/simplelink/lib..__modules__hal__ti__simplelink.a(SwiP_zephyr.c.obj)
                0x000000000001261c                SwiP_getTrigger
 .text.SwiP_post
                0x0000000000012628       0x64 modules/ti/simplelink/lib..__modules__hal__ti__simplelink.a(SwiP_zephyr.c.obj)
                0x0000000000012628                SwiP_post