Archive member included to satisfy reference by file (symbol)

app/libapp.a(main.c.obj)      (--whole-archive)
zephyr/libzephyr.a(heap.c.obj)
                              (--whole-archive)
zephyr/libzephyr.a(cbprintf_packaged.c.obj)
                              (--whole-archive)
zephyr/libzephyr.a(printk.c.obj)
                              (--whole-archive)
zephyr/libzephyr.a(sem.c.obj)
                              (--whole-archive)
zephyr/libzephyr.a(thread_entry.c.obj)
                              (--whole-archive)
zephyr/libzephyr.a(cbprintf_complete.c.obj)
                              (--whole-archive)
zephyr/libzephyr.a(assert.c.obj)
                              (--whole-archive)
zephyr/libzephyr.a(mpsc_pbuf.c.obj)
                              (--whole-archive)
zephyr/libzephyr.a(dec.c.obj)
                              (--whole-archive)
zephyr/libzephyr.a(hex.c.obj)
                              (--whole-archive)
zephyr/libzephyr.a(rb.c.obj)  (--whole-archive)
zephyr/libzephyr.a(timeutil.c.obj)
                              (--whole-archive)
zephyr/libzephyr.a(bitarray.c.obj)
                              (--whole-archive)
zephyr/libzephyr.a(ring_buffer.c.obj)
                              (--whole-archive)
zephyr/libzephyr.a(configs.c.obj)
                              (--whole-archive)
zephyr/libzephyr.a(soc.c.obj)
                              (--whole-archive)
zephyr/libzephyr.a(ccfg.c.obj)
                              (--whole-archive)
zephyr/libzephyr.a(power.c.obj)
                              (--whole-archive)
zephyr/libzephyr.a(log_core.c.obj)
                              (--whole-archive)
zephyr/libzephyr.a(log_mgmt.c.obj)
                              (--whole-archive)
zephyr/libzephyr.a(log_cache.c.obj)
                              (--whole-archive)
zephyr/libzephyr.a(log_msg.c.obj)
                              (--whole-archive)
zephyr/libzephyr.a(log_output.c.obj)
                              (--whole-archive)
zephyr/libzephyr.a(mem_attr.c.obj)
                              (--whole-archive)
zephyr/libzephyr.a(pm.c.obj)  (--whole-archive)
zephyr/libzephyr.a(state.c.obj)
                              (--whole-archive)
zephyr/libzephyr.a(policy_events.c.obj)
                              (--whole-archive)
zephyr/libzephyr.a(policy_latency.c.obj)
                              (--whole-archive)
zephyr/libzephyr.a(policy_state_lock.c.obj)
                              (--whole-archive)
zephyr/libzephyr.a(policy_default.c.obj)
                              (--whole-archive)
zephyr/libzephyr.a(tracing_none.c.obj)
                              (--whole-archive)
zephyr/libzephyr.a(addr_utils.c.obj)
                              (--whole-archive)
zephyr/libzephyr.a(kernel_shell.c.obj)
                              (--whole-archive)
zephyr/libzephyr.a(cycles.c.obj)
                              (--whole-archive)
zephyr/libzephyr.a(sleep.c.obj)
                              (--whole-archive)
zephyr/libzephyr.a(uptime.c.obj)
                              (--whole-archive)
zephyr/libzephyr.a(version.c.obj)
                              (--whole-archive)
zephyr/libzephyr.a(log-level.c.obj)
                              (--whole-archive)
zephyr/libzephyr.a(thread.c.obj)
                              (--whole-archive)
zephyr/libzephyr.a(list.c.obj)
                              (--whole-archive)
zephyr/libzephyr.a(stacks.c.obj)
                              (--whole-archive)
zephyr/libzephyr.a(suspend.c.obj)
                              (--whole-archive)
zephyr/libzephyr.a(resume.c.obj)
                              (--whole-archive)
zephyr/libzephyr.a(kill.c.obj)
                              (--whole-archive)
zephyr/libzephyr.a(device_service.c.obj)
                              (--whole-archive)
zephyr/libzephyr.a(devmem_service.c.obj)
                              (--whole-archive)
zephyr/libzephyr.a(shell_uart.c.obj)
                              (--whole-archive)
zephyr/libzephyr.a(shell.c.obj)
                              (--whole-archive)
zephyr/libzephyr.a(shell_fprintf.c.obj)
                              (--whole-archive)
zephyr/libzephyr.a(shell_utils.c.obj)
                              (--whole-archive)
zephyr/libzephyr.a(shell_ops.c.obj)
                              (--whole-archive)
zephyr/libzephyr.a(shell_log_backend.c.obj)
                              (--whole-archive)
zephyr/libzephyr.a(shell_help.c.obj)
                              (--whole-archive)
zephyr/libzephyr.a(shell_cmds.c.obj)
                              (--whole-archive)
zephyr/libzephyr.a(shell_history.c.obj)
                              (--whole-archive)
zephyr/libzephyr.a(shell_wildcard.c.obj)
                              (--whole-archive)
zephyr/arch/common/libarch__common.a(sw_isr_common.c.obj)
                              (--whole-archive)
zephyr/arch/common/libarch__common.a(dynamic_isr.c.obj)
                              (--whole-archive)
[...]
Memory Configuration

Name             Origin             Length             Attributes
FLASH            0x0000000000000000 0x00000000000b0000 xr
RAM              0x0000000020000000 0x0000000000024000 xw
FLASH_CCFG       0x00000000000affa8 0x0000000000000058 rw
SRAM1            0x0000000011000000 0x0000000000002000 rw
IDT_LIST         0x00000000ffff7fff 0x0000000000008000 xw
*default*        0x0000000000000000 0xffffffffffffffff

Linker script and memory map

                0x00000000000123cc                vfprintf = __l_vfprintf
                0x0000000000000000                vfscanf = __l_vfscanf
LOAD zephyr/CMakeFiles/zephyr_pre0.dir/misc/empty_file.c.obj
LOAD zephyr/CMakeFiles/offsets.dir/./arch/arm/core/offsets/offsets.c.obj
LOAD app/libapp.a
LOAD zephyr/libzephyr.a
LOAD zephyr/arch/common/libarch__common.a
LOAD zephyr/arch/arch/arm/core/libarch__arm__core.a
LOAD zephyr/arch/arch/arm/core/cortex_m/libarch__arm__core__cortex_m.a
LOAD zephyr/arch/arch/arm/core/mpu/libarch__arm__core__mpu.a
LOAD zephyr/lib/libc/picolibc/liblib__libc__picolibc.a
LOAD zephyr/lib/libc/common/liblib__libc__common.a
LOAD zephyr/lib/posix/options/liblib__posix__options.a
LOAD zephyr/lib/net_buf/liblib__net_buf.a
LOAD zephyr/boards/beagle/beagleconnect_freedom/libboards__beagle__beagleconnect_freedom.a
LOAD zephyr/subsys/random/libsubsys__random.a
LOAD zephyr/subsys/net/l2/ieee802154/libsubsys__net__l2__ieee802154.a
LOAD zephyr/subsys/net/ip/libsubsys__net__ip.a
LOAD zephyr/drivers/console/libdrivers__console.a
LOAD zephyr/drivers/entropy/libdrivers__entropy.a
LOAD zephyr/drivers/gpio/libdrivers__gpio.a
LOAD zephyr/drivers/ieee802154/libdrivers__ieee802154.a
LOAD zephyr/drivers/pinctrl/libdrivers__pinctrl.a
LOAD zephyr/drivers/serial/libdrivers__serial.a
LOAD zephyr/drivers/timer/libdrivers__timer.a
LOAD modules/ti/simplelink/source/ti/devices/cc13x2x7_cc26x2x7/lib..__modules__hal__ti__simplelink__source__ti__devices__cc13x2x7_cc26x2x7.a
LOAD modules/ti/simplelink/lib..__modules__hal__ti__simplelink.a
LOAD zephyr/kernel/libkernel.a
LOAD zephyr/arch/common/libisr_tables.a
LOAD /home/ash/zephyr-sdk-0.17.0/arm-zephyr-eabi/bin/../lib/gcc/../../picolibc/arm-zephyr-eabi/lib/thumb/v7e-m/nofp/libc.a
LOAD /home/ash/zephyr-sdk-0.17.0/arm-zephyr-eabi/bin/../lib/gcc/arm-zephyr-eabi/12.2.0/thumb/v7e-m/nofp/libgcc.a
                0x0000000000000020                _region_min_align = 0x20

.rel.plt        0x0000000000000000        0x0
 *(SORT_BY_ALIGNMENT(.rel.plt))
                [!provide]                        PROVIDE (__rel_iplt_start = .)
 *(SORT_BY_ALIGNMENT(.rel.iplt))
 .rel.iplt      0x0000000000000000        0x0 app/libapp.a(main.c.obj)
                [!provide]                        PROVIDE (__rel_iplt_end = .)

.rela.plt       0x0000000000000000        0x0
 *(SORT_BY_ALIGNMENT(.rela.plt))
                [!provide]                        PROVIDE (__rela_iplt_start = .)
 *(SORT_BY_ALIGNMENT(.rela.iplt))
                [!provide]                        PROVIDE (__rela_iplt_end = .)

.rel.dyn
 *(SORT_BY_ALIGNMENT(.rel.*))

.rela.dyn
 *(SORT_BY_ALIGNMENT(.rela.*))

/DISCARD/
 *(SORT_BY_ALIGNMENT(.plt))

/DISCARD/
 *(SORT_BY_ALIGNMENT(.iplt))
                0x0000000000000000                __rom_region_start = 0x0

rom_start       0x0000000000000000       0xd8
                0x0000000000000000                __rom_start_address = .
 FILL mask 0x00
                0x0000000000000000                . = (. + (0x0 - (. - __rom_start_address)))
                0x0000000000000000                . = ALIGN (0x4)
                0x0000000000000000                . = ALIGN (0x80)
                0x0000000000000000                . = ALIGN (0x100)
                0x0000000000000000                _vector_start = .
 *(SORT_BY_ALIGNMENT(.exc_vector_table))
 *(SORT_BY_ALIGNMENT(.exc_vector_table.*))
 .exc_vector_table._vector_table_section
                0x0000000000000000       0x40 zephyr/arch/arch/arm/core/cortex_m/libarch__arm__core__cortex_m.a(vector_table.S.obj)
                0x0000000000000000                _vector_table
 *(SORT_BY_ALIGNMENT(.vectors))
                0x00000000000000d8                _vector_end = .
                0x0000000000000040                . = ALIGN (0x4)
 *(SORT_BY_ALIGNMENT(.gnu.linkonce.irq_vector_table*))
 .gnu.linkonce.irq_vector_table
                0x0000000000000040       0x98 zephyr/arch/common/libisr_tables.a(isr_tables.c.obj)
                0x0000000000000040                _irq_vector_table
                0x00000000000000d8                _vector_end = .

text            0x00000000000000d8    0x19858
                0x00000000000000d8                __text_region_start = .
 *(SORT_BY_ALIGNMENT(.text))
 .text          0x00000000000000d8      0x168 /home/ash/zephyr-sdk-0.17.0/arm-zephyr-eabi/bin/../lib/gcc/arm-zephyr-eabi/12.2.0/thumb/v7e-m/nofp/libgcc.a(_arm_mulsf3.o)
                0x00000000000000d8                __mulsf3
                0x00000000000000d8                __aeabi_fmul
 .text          0x0000000000000240      0x378 /home/ash/zephyr-sdk-0.17.0/arm-zephyr-eabi/bin/../lib/gcc/arm-zephyr-eabi/12.2.0/thumb/v7e-m/nofp/libgcc.a(_arm_addsubdf3.o)
                0x0000000000000240                __aeabi_drsub
                0x0000000000000248                __aeabi_dsub
                0x0000000000000248                __subdf3
                0x000000000000024c                __adddf3
                0x000000000000024c                __aeabi_dadd
                0x00000000000004c4                __aeabi_ui2d
                0x00000000000004c4                __floatunsidf
                0x00000000000004e4                __floatsidf
                0x00000000000004e4                __aeabi_i2d
                0x0000000000000508                __extendsfdf2
                0x0000000000000508                __aeabi_f2d
                0x000000000000054c                __aeabi_ul2d
                0x000000000000054c                __floatundidf
                0x000000000000055c                __floatdidf
                0x000000000000055c                __aeabi_l2d
 .text          0x00000000000005b8      0x424 /home/ash/zephyr-sdk-0.17.0/arm-zephyr-eabi/bin/../lib/gcc/arm-zephyr-eabi/12.2.0/thumb/v7e-m/nofp/libgcc.a(_arm_muldivdf3.o)
                0x00000000000005b8                __aeabi_dmul
                0x00000000000005b8                __muldf3
                0x000000000000080c                __aeabi_ddiv
                0x000000000000080c                __divdf3
 .text          0x00000000000009dc      0x21c /home/ash/zephyr-sdk-0.17.0/arm-zephyr-eabi/bin/../lib/gcc/arm-zephyr-eabi/12.2.0/thumb/v7e-m/nofp/libgcc.a(_arm_addsubsf3.o)
                0x00000000000009dc                __aeabi_frsub
                0x00000000000009e4                __subsf3
                0x00000000000009e4                __aeabi_fsub
                0x00000000000009e8                __aeabi_fadd
                0x00000000000009e8                __addsf3
                0x0000000000000b48                __aeabi_ui2f
                0x0000000000000b48                __floatunsisf
                0x0000000000000b50                __aeabi_i2f
                0x0000000000000b50                __floatsisf
                0x0000000000000b6c                __floatundisf
                0x0000000000000b6c                __aeabi_ul2f
                0x0000000000000b7c                __floatdisf
                0x0000000000000b7c                __aeabi_l2f
 .text          0x0000000000000bf8       0xec /home/ash/zephyr-sdk-0.17.0/arm-zephyr-eabi/bin/../lib/gcc/arm-zephyr-eabi/12.2.0/thumb/v7e-m/nofp/libgcc.a(_arm_cmpsf2.o)
                0x0000000000000bf8                __gtsf2
                0x0000000000000bf8                __gesf2
                0x0000000000000c00                __lesf2
                0x0000000000000c00                __ltsf2
                0x0000000000000c08                __nesf2
                0x0000000000000c08                __eqsf2
                0x0000000000000c08                __cmpsf2
                0x0000000000000c68                __aeabi_cfrcmple
                0x0000000000000c70                __aeabi_cfcmple
                0x0000000000000c70                __aeabi_cfcmpeq
                0x0000000000000c80                __aeabi_fcmpeq
                0x0000000000000c94                __aeabi_fcmplt
                0x0000000000000ca8                __aeabi_fcmple
                0x0000000000000cbc                __aeabi_fcmpge
                0x0000000000000cd0                __aeabi_fcmpgt
 .text          0x0000000000000ce4       0xa0 /home/ash/zephyr-sdk-0.17.0/arm-zephyr-eabi/bin/../lib/gcc/arm-zephyr-eabi/12.2.0/thumb/v7e-m/nofp/libgcc.a(_aeabi_ldivmod.o)
                0x0000000000000ce4                __aeabi_ldivmod
 .text          0x0000000000000d84       0x30 /home/ash/zephyr-sdk-0.17.0/arm-zephyr-eabi/bin/../lib/gcc/arm-zephyr-eabi/12.2.0/thumb/v7e-m/nofp/libgcc.a(_aeabi_uldivmod.o)
                0x0000000000000d84                __aeabi_uldivmod
 .text          0x0000000000000db4       0x40 /home/ash/zephyr-sdk-0.17.0/arm-zephyr-eabi/bin/../lib/gcc/arm-zephyr-eabi/12.2.0/thumb/v7e-m/nofp/libgcc.a(_fixunssfdi.o)
                0x0000000000000db4                __aeabi_f2ulz
                0x0000000000000db4                __fixunssfdi
 .text          0x0000000000000df4        0x4 /home/ash/zephyr-sdk-0.17.0/arm-zephyr-eabi/bin/../lib/gcc/arm-zephyr-eabi/12.2.0/thumb/v7e-m/nofp/libgcc.a(_dvmd_tls.o)
                0x0000000000000df4                __aeabi_ldiv0
                0x0000000000000df4                __aeabi_idiv0
 .text          0x0000000000000df8       0x40 /home/ash/zephyr-sdk-0.17.0/arm-zephyr-eabi/bin/../lib/gcc/arm-zephyr-eabi/12.2.0/thumb/v7e-m/nofp/libgcc.a(_arm_fixunsdfsi.o)
                0x0000000000000df8                __fixunsdfsi
                0x0000000000000df8                __aeabi_d2uiz
 .text          0x0000000000000e38       0x14 /home/ash/zephyr-sdk-0.17.0/arm-zephyr-eabi/bin/../lib/gcc/../../picolibc/arm-zephyr-eabi/lib/thumb/v7e-m/nofp/libc.a(strcmp.S.o)
                0x0000000000000e38                strcmp
 .text          0x0000000000000e4c       0x10 /home/ash/zephyr-sdk-0.17.0/arm-zephyr-eabi/bin/../lib/gcc/../../picolibc/arm-zephyr-eabi/lib/thumb/v7e-m/nofp/libc.a(strcpy.S.o)
                0x0000000000000e4c                strcpy
 .text          0x0000000000000e5c       0x10 /home/ash/zephyr-sdk-0.17.0/arm-zephyr-eabi/bin/../lib/gcc/../../picolibc/arm-zephyr-eabi/lib/thumb/v7e-m/nofp/libc.a(strlen.S.o)
                0x0000000000000e5c                strlen
 .text          0x0000000000000e6c       0x26 /home/ash/zephyr-sdk-0.17.0/arm-zephyr-eabi/bin/../lib/gcc/arm-zephyr-eabi/12.2.0/thumb/v7e-m/nofp/libgcc.a(_fixsfdi.o)
                0x0000000000000e6c                __aeabi_f2lz
                0x0000000000000e6c                __fixsfdi
 .text          0x0000000000000e92      0x2a0 /home/ash/zephyr-sdk-0.17.0/arm-zephyr-eabi/bin/../lib/gcc/arm-zephyr-eabi/12.2.0/thumb/v7e-m/nofp/libgcc.a(_udivmoddi4.o)
                0x0000000000000e92                __udivmoddi4
 *(SORT_BY_ALIGNMENT(.text.*))
 *fill*         0x0000000000001132        0x6 
 .text.cmd_kernel_uptime
                0x0000000000001138       0xe8 zephyr/libzephyr.a(uptime.c.obj)
 .text.recv_cb  0x0000000000001220       0x78 app/libapp.a(main.c.obj)
 .text.cmd_send_msg
                0x0000000000001298      0x14c app/libapp.a(main.c.obj)
 .text.main     0x00000000000013e4       0x78 app/libapp.a(main.c.obj)
                0x00000000000013e4                main
 .text.cbvprintf_package
                0x000000000000145c      0x3a4 zephyr/libzephyr.a(cbprintf_packaged.c.obj)
                0x000000000000145c                cbvprintf_package
 .text.cbprintf_package_convert
                0x0000000000001800      0x3d4 zephyr/libzephyr.a(cbprintf_packaged.c.obj)
                0x0000000000001800                cbprintf_package_convert
 .text.__printk_hook_install
                0x0000000000001bd4        0xc zephyr/libzephyr.a(printk.c.obj)
                0x0000000000001bd4                __printk_hook_install
 .text.z_thread_entry
                0x0000000000001be0       0x34 zephyr/libzephyr.a(thread_entry.c.obj)
                0x0000000000001be0                z_thread_entry
 .text.unlatch_pins
                0x0000000000001c14       0x28 zephyr/libzephyr.a(power.c.obj)
 .text.pm_state_set
                0x0000000000001c3c       0x74 zephyr/libzephyr.a(power.c.obj)
                0x0000000000001c3c                pm_state_set
 .text.activate_foreach_backend
                0x0000000000001cb0       0x64 zephyr/libzephyr.a(log_core.c.obj)
 .text.enable_logger
                0x0000000000001d14       0x5c zephyr/libzephyr.a(log_core.c.obj)
 .text.log_process_thread_timer_expiry_fn
                0x0000000000001d70        0xc zephyr/libzephyr.a(log_core.c.obj)
 .text.z_log_init
                0x0000000000001d7c       0x98 zephyr/libzephyr.a(log_core.c.obj)
 .text.log_set_timestamp_func
                0x0000000000001e14       0x20 zephyr/libzephyr.a(log_core.c.obj)
                0x0000000000001e14                log_set_timestamp_func
 .text.z_log_notify_backend_enabled
                0x0000000000001e34       0x1c zephyr/libzephyr.a(log_core.c.obj)
                0x0000000000001e34                z_log_notify_backend_enabled
 .text.z_log_dropped
                0x0000000000001e50       0x44 zephyr/libzephyr.a(log_core.c.obj)
                0x0000000000001e50                z_log_dropped
 .text.z_log_dropped_read_and_clear
                0x0000000000001e94       0x20 zephyr/libzephyr.a(log_core.c.obj)
                0x0000000000001e94                z_log_dropped_read_and_clear
 .text.dropped_notify
                0x0000000000001eb4       0x30 zephyr/libzephyr.a(log_core.c.obj)
                0x0000000000001eb4                dropped_notify
 .text.z_log_msg_init
                0x0000000000001ee4       0x20 zephyr/libzephyr.a(log_core.c.obj)
                0x0000000000001ee4                z_log_msg_init
 .text.log_core_init
                0x0000000000001f04       0x54 zephyr/libzephyr.a(log_core.c.obj)
                0x0000000000001f04                log_core_init
 .text.z_log_msg_alloc
                0x0000000000001f58       0x10 zephyr/libzephyr.a(log_core.c.obj)
                0x0000000000001f58                z_log_msg_alloc
 .text.z_log_msg_local_claim
                0x0000000000001f68        0xc zephyr/libzephyr.a(log_core.c.obj)
                0x0000000000001f68                z_log_msg_local_claim
 .text.z_log_msg_free
                0x0000000000001f74       0x10 zephyr/libzephyr.a(log_core.c.obj)
                0x0000000000001f74                z_log_msg_free
 .text.z_log_msg_pending
                0x0000000000001f84        0xc zephyr/libzephyr.a(log_core.c.obj)
                0x0000000000001f84                z_log_msg_pending
 .text.z_impl_log_process
                0x0000000000001f90       0xf8 zephyr/libzephyr.a(log_core.c.obj)
                0x0000000000001f90                z_impl_log_process
 .text.z_impl_log_panic
                0x0000000000002088       0x44 zephyr/libzephyr.a(log_core.c.obj)
                0x0000000000002088                z_impl_log_panic
 .text.log_process_thread_func
                0x00000000000020cc       0xa4 zephyr/libzephyr.a(log_core.c.obj)
 .text.z_log_msg_post_finalize
                0x0000000000002170       0x78 zephyr/libzephyr.a(log_core.c.obj)
 .text.z_log_msg_commit
                0x00000000000021e8       0x24 zephyr/libzephyr.a(log_core.c.obj)
                0x00000000000021e8                z_log_msg_commit
 .text.log_source_name_get
                0x000000000000220c       0x1c zephyr/libzephyr.a(log_mgmt.c.obj)
                0x000000000000220c                log_source_name_get
 .text.z_log_runtime_filters_init
                0x0000000000002228       0x3c zephyr/libzephyr.a(log_mgmt.c.obj)
                0x0000000000002228                z_log_runtime_filters_init
 .text.log_source_id_get
                0x0000000000002264       0x38 zephyr/libzephyr.a(log_mgmt.c.obj)
                0x0000000000002264                log_source_id_get
 .text.filter_set
                0x000000000000229c       0xbc zephyr/libzephyr.a(log_mgmt.c.obj)
                0x000000000000229c                filter_set
 .text.backend_filter_set
                0x0000000000002358       0x30 zephyr/libzephyr.a(log_mgmt.c.obj)
 .text.log_filter_get
                0x0000000000002388       0x4c zephyr/libzephyr.a(log_mgmt.c.obj)
                0x0000000000002388                log_filter_get
 .text.z_impl_z_log_msg_static_create
                0x00000000000023d4      0x110 zephyr/libzephyr.a(log_msg.c.obj)
                0x00000000000023d4                z_impl_z_log_msg_static_create
 .text.z_log_msg_runtime_vcreate
                0x00000000000024e4       0xb0 zephyr/libzephyr.a(log_msg.c.obj)
                0x00000000000024e4                z_log_msg_runtime_vcreate
 .text.log_msg_get_source_id
                0x0000000000002594       0x18 zephyr/libzephyr.a(log_msg.c.obj)
                0x0000000000002594                log_msg_get_source_id
 .text.print_formatted
                0x00000000000025ac       0x24 zephyr/libzephyr.a(log_output.c.obj)
 .text.newline_print
                0x00000000000025d0       0x1c zephyr/libzephyr.a(log_output.c.obj)
 .text.log_output_process
                0x00000000000025ec      0x2d4 zephyr/libzephyr.a(log_output.c.obj)
                0x00000000000025ec                log_output_process
 .text.log_output_dropped_process
                0x00000000000028c0       0x58 zephyr/libzephyr.a(log_output.c.obj)
                0x00000000000028c0                log_output_dropped_process
 .text.log_output_timestamp_freq_set
                0x0000000000002918       0x2c zephyr/libzephyr.a(log_output.c.obj)
                0x0000000000002918                log_output_timestamp_freq_set
 .text.mem_attr_get_regions
                0x0000000000002944        0xc zephyr/libzephyr.a(mem_attr.c.obj)
                0x0000000000002944                mem_attr_get_regions
 .text.pm_state_notify
                0x0000000000002950       0x40 zephyr/libzephyr.a(pm.c.obj)
 .text.pm_system_resume
                0x0000000000002990       0x48 zephyr/libzephyr.a(pm.c.obj)
                0x0000000000002990                pm_system_resume
 .text.pm_system_suspend
                0x00000000000029d8       0xd4 zephyr/libzephyr.a(pm.c.obj)
                0x00000000000029d8                pm_system_suspend
 .text.pm_state_cpu_get_all
                0x0000000000002aac       0x20 zephyr/libzephyr.a(state.c.obj)
                0x0000000000002aac                pm_state_cpu_get_all
 .text.pm_policy_next_event_ticks
                0x0000000000002acc       0x40 zephyr/libzephyr.a(policy_events.c.obj)
                0x0000000000002acc                pm_policy_next_event_ticks
 .text.pm_policy_state_lock_get
                0x0000000000002b0c       0x70 zephyr/libzephyr.a(policy_state_lock.c.obj)
                0x0000000000002b0c                pm_policy_state_lock_get
 .text.pm_policy_state_lock_put
                0x0000000000002b7c       0x70 zephyr/libzephyr.a(policy_state_lock.c.obj)
                0x0000000000002b7c                pm_policy_state_lock_put
 .text.pm_policy_state_lock_is_active
                0x0000000000002bec       0x58 zephyr/libzephyr.a(policy_state_lock.c.obj)
                0x0000000000002bec                pm_policy_state_lock_is_active
 .text.pm_policy_next_state
                0x0000000000002c44       0xac zephyr/libzephyr.a(policy_default.c.obj)
                0x0000000000002c44                pm_policy_next_state
 .text.cmd_kernel_cycles
                0x0000000000002cf0       0x1c zephyr/libzephyr.a(cycles.c.obj)
 .text.cmd_kernel_sleep
                0x0000000000002d0c       0x50 zephyr/libzephyr.a(sleep.c.obj)
 .text.cmd_kernel_version
                0x0000000000002d5c       0x18 zephyr/libzephyr.a(version.c.obj)
 .text.cmd_kernel_log_level_set
                0x0000000000002d74       0x84 zephyr/libzephyr.a(log-level.c.obj)
 .text.z_thread_is_valid
                0x0000000000002df8       0x20 zephyr/libzephyr.a(thread.c.obj)
                0x0000000000002df8                z_thread_is_valid
 .text.cmd_kernel_thread_list
                0x0000000000002e18       0x34 zephyr/libzephyr.a(list.c.obj)
 .text.shell_tdata_dump
                0x0000000000002e4c       0xc0 zephyr/libzephyr.a(list.c.obj)
 .text.cmd_kernel_thread_stacks
                0x0000000000002f0c       0x70 zephyr/libzephyr.a(stacks.c.obj)
 .text.shell_stack_dump
                0x0000000000002f7c       0x60 zephyr/libzephyr.a(stacks.c.obj)
 .text.cmd_kernel_thread_suspend
                0x0000000000002fdc       0x64 zephyr/libzephyr.a(suspend.c.obj)
 .text.cmd_kernel_thread_resume
                0x0000000000003040       0x64 zephyr/libzephyr.a(resume.c.obj)
 .text.cmd_kernel_thread_kill
                0x00000000000030a4       0x64 zephyr/libzephyr.a(kill.c.obj)
 .text.cmd_device_list
                0x0000000000003108       0xd8 zephyr/libzephyr.a(device_service.c.obj)
 .text.cmd_devmem
                0x00000000000031e0       0xc4 zephyr/libzephyr.a(devmem_service.c.obj)
 .text.cmd_dump
                0x00000000000032a4      0x178 zephyr/libzephyr.a(devmem_service.c.obj)
 .text.set_bypass.isra.0
                0x000000000000341c       0x4c zephyr/libzephyr.a(devmem_service.c.obj)
 .text.bypass_cb
                0x0000000000003468      0x114 zephyr/libzephyr.a(devmem_service.c.obj)
 .text.cmd_load
                0x000000000000357c       0xd8 zephyr/libzephyr.a(devmem_service.c.obj)
 .text.enable_shell_uart
                0x0000000000003654       0x38 zephyr/libzephyr.a(shell_uart.c.obj)
 .text.init     0x000000000000368c       0x54 zephyr/libzephyr.a(shell_uart.c.obj)
 .text.uart_callback
                0x00000000000036e0      0x134 zephyr/libzephyr.a(shell_uart.c.obj)
 .text.shell_internal_help_print
                0x0000000000003814       0x20 zephyr/libzephyr.a(shell.c.obj)
 .text.kill_handler
                0x0000000000003834       0x54 zephyr/libzephyr.a(shell.c.obj)
 .text.z_cursor_next_line_move.isra.0
                0x0000000000003888        0xc zephyr/libzephyr.a(shell.c.obj)
 .text.history_handle
                0x0000000000003894       0xac zephyr/libzephyr.a(shell.c.obj)
 .text.execute  0x0000000000003940      0x2c8 zephyr/libzephyr.a(shell.c.obj)
 .text.state_set.constprop.0
                0x0000000000003c08       0x4c zephyr/libzephyr.a(shell.c.obj)
 .text.shell_process
                0x0000000000003c54      0x69c zephyr/libzephyr.a(shell.c.obj)
                0x0000000000003c54                shell_process
 .text.shell_thread
                0x00000000000042f0       0xe4 zephyr/libzephyr.a(shell.c.obj)
                0x00000000000042f0                shell_thread
 .text.cmd_help
                0x00000000000043d4       0x44 zephyr/libzephyr.a(shell.c.obj)
 .text.shell_hexdump_line
                0x0000000000004418       0xcc zephyr/libzephyr.a(shell.c.obj)
                0x0000000000004418                shell_hexdump_line
 .text.shell_init
                0x00000000000044e4       0xe8 zephyr/libzephyr.a(shell.c.obj)
                0x00000000000044e4                shell_init
 .text.z_shell_fprintf_fmt
                0x00000000000045cc       0x28 zephyr/libzephyr.a(shell_fprintf.c.obj)
                0x00000000000045cc                z_shell_fprintf_fmt
 .text.z_shell_cmd_get
                0x00000000000045f4       0x74 zephyr/libzephyr.a(shell_utils.c.obj)
                0x00000000000045f4                z_shell_cmd_get
 .text.shell_strtoul
                0x0000000000004668       0x50 zephyr/libzephyr.a(shell_utils.c.obj)
                0x0000000000004668                shell_strtoul
 .text.z_clear_eos
                0x00000000000046b8       0x18 zephyr/libzephyr.a(shell_ops.c.obj)
 .text.z_cursor_next_line_move.isra.0
                0x00000000000046d0        0xc zephyr/libzephyr.a(shell_ops.c.obj)
 .text.z_shell_op_cursor_vert_move
                0x00000000000046dc       0x2c zephyr/libzephyr.a(shell_ops.c.obj)
                0x00000000000046dc                z_shell_op_cursor_vert_move
 .text.z_shell_op_cursor_horiz_move
                0x0000000000004708       0x2c zephyr/libzephyr.a(shell_ops.c.obj)
                0x0000000000004708                z_shell_op_cursor_horiz_move
 .text.z_shell_print_cmd
                0x0000000000004734       0x78 zephyr/libzephyr.a(shell_ops.c.obj)
                0x0000000000004734                z_shell_print_cmd
 .text.z_shell_vt100_color_set
                0x00000000000047ac       0x40 zephyr/libzephyr.a(shell_ops.c.obj)
                0x00000000000047ac                z_shell_vt100_color_set
 .text.z_shell_vt100_colors_restore
                0x00000000000047ec       0x3c zephyr/libzephyr.a(shell_ops.c.obj)
                0x00000000000047ec                z_shell_vt100_colors_restore
 .text.z_shell_op_word_remove
                0x0000000000004828       0xc8 zephyr/libzephyr.a(shell_ops.c.obj)
                0x0000000000004828                z_shell_op_word_remove
 .text.reprint_from_cursor
                0x00000000000048f0       0xe0 zephyr/libzephyr.a(shell_ops.c.obj)
 .text.z_shell_op_char_insert
                0x00000000000049d0       0x70 zephyr/libzephyr.a(shell_ops.c.obj)
                0x00000000000049d0                z_shell_op_char_insert
 .text.z_shell_print_prompt_and_cmd
                0x0000000000004a40       0x30 zephyr/libzephyr.a(shell_ops.c.obj)
                0x0000000000004a40                z_shell_print_prompt_and_cmd
 .text.z_cursor_next_line_move.isra.0
                0x0000000000004a70        0xc zephyr/libzephyr.a(shell_help.c.obj)
 .text.z_shell_help_subcmd_print
                0x0000000000004a7c       0xb4 zephyr/libzephyr.a(shell_help.c.obj)
                0x0000000000004a7c                z_shell_help_subcmd_print
 .text.z_shell_help_cmd_print
                0x0000000000004b30       0x40 zephyr/libzephyr.a(shell_help.c.obj)
                0x0000000000004b30                z_shell_help_cmd_print
 .text.z_shell_help_request
                0x0000000000004b70       0x28 zephyr/libzephyr.a(shell_help.c.obj)
                0x0000000000004b70                z_shell_help_request
 .text.cmd_resize_default
                0x0000000000004b98       0x2c zephyr/libzephyr.a(shell_cmds.c.obj)
 .text.cmd_shell_stats_show
                0x0000000000004bc4       0x14 zephyr/libzephyr.a(shell_cmds.c.obj)
 .text.cmd_backends
                0x0000000000004bd8       0x4c zephyr/libzephyr.a(shell_cmds.c.obj)
 .text.cmd_prompt_off
                0x0000000000004c24       0x10 zephyr/libzephyr.a(shell_cmds.c.obj)
 .text.cmd_history
                0x0000000000004c34       0x40 zephyr/libzephyr.a(shell_cmds.c.obj)
 .text.cmd_get_retval
                0x0000000000004c74       0x1c zephyr/libzephyr.a(shell_cmds.c.obj)
 .text.cmd_echo
                0x0000000000004c90       0x50 zephyr/libzephyr.a(shell_cmds.c.obj)
 .text.cmd_clear
                0x0000000000004ce0       0x34 zephyr/libzephyr.a(shell_cmds.c.obj)
 .text.cmd_resize
                0x0000000000004d14      0x1a0 zephyr/libzephyr.a(shell_cmds.c.obj)
 .text.z_shell_wildcard_process
                0x0000000000004eb4       0xe4 zephyr/libzephyr.a(shell_wildcard.c.obj)
                0x0000000000004eb4                z_shell_wildcard_process
 .text.z_isr_install
                0x0000000000004f98       0x1c zephyr/arch/common/libarch__common.a(dynamic_isr.c.obj)
                0x0000000000004f98                z_isr_install
 .text.z_arm_fatal_error
                0x0000000000004fb4       0xe0 zephyr/arch/arch/arm/core/libarch__arm__core.a(fatal.c.obj)
                0x0000000000004fb4                z_arm_fatal_error
 .text.z_SysNmiOnReset
                0x0000000000005094        0x8 zephyr/arch/arch/arm/core/libarch__arm__core.a(nmi_on_reset.S.obj)
                0x0000000000005094                z_SysNmiOnReset
 .text.arch_tls_stack_setup
                0x000000000000509c       0x40 zephyr/arch/arch/arm/core/libarch__arm__core.a(tls.c.obj)
                0x000000000000509c                arch_tls_stack_setup
 .text._HandlerModeExit
                0x00000000000050dc       0x20 zephyr/arch/arch/arm/core/cortex_m/libarch__arm__core__cortex_m.a(exc_exit.c.obj)
                0x00000000000050dc                z_arm_exc_exit
                0x00000000000050dc                z_arm_int_exit
 .text.bus_fault.constprop.0
                0x00000000000050fc      0x108 zephyr/arch/arch/arm/core/cortex_m/libarch__arm__core__cortex_m.a(fault.c.obj)
 .text.usage_fault.constprop.0
                0x0000000000005204       0xdc zephyr/arch/arch/arm/core/cortex_m/libarch__arm__core__cortex_m.a(fault.c.obj)
 .text.mem_manage_fault
                0x00000000000052e0      0x140 zephyr/arch/arch/arm/core/cortex_m/libarch__arm__core__cortex_m.a(fault.c.obj)
 .text.z_arm_fault
                0x0000000000005420      0x20c zephyr/arch/arch/arm/core/cortex_m/libarch__arm__core__cortex_m.a(fault.c.obj)
                0x0000000000005420                z_arm_fault
 .text.z_arm_fault_init
                0x000000000000562c       0x18 zephyr/arch/arch/arm/core/cortex_m/libarch__arm__core__cortex_m.a(fault.c.obj)
                0x000000000000562c                z_arm_fault_init
 .text.__fault  0x0000000000005644       0x14 zephyr/arch/arch/arm/core/cortex_m/libarch__arm__core__cortex_m.a(fault_s.S.obj)
                0x0000000000005644                z_arm_bus_fault
                0x0000000000005644                z_arm_usage_fault
                0x0000000000005644                z_arm_mpu_fault
                0x0000000000005644                z_arm_exc_spurious
                0x0000000000005644                z_arm_debug_monitor
                0x0000000000005644                z_arm_hard_fault
 .text._reset_section
                0x0000000000005658       0x44 zephyr/arch/arch/arm/core/cortex_m/libarch__arm__core__cortex_m.a(reset.S.obj)
                0x0000000000005658                z_arm_reset
                0x0000000000005658                __start
 .text.z_impl_k_thread_abort
                0x000000000000569c       0x2c zephyr/arch/arch/arm/core/cortex_m/libarch__arm__core__cortex_m.a(thread_abort.c.obj)
                0x000000000000569c                z_impl_k_thread_abort
 .text.z_arm_pendsv
                0x00000000000056c8       0x64 zephyr/arch/arch/arm/core/cortex_m/libarch__arm__core__cortex_m.a(swap_helper.S.obj)
                0x00000000000056c8                z_arm_pendsv
 .text.z_arm_svc
                0x000000000000572c       0x24 zephyr/arch/arch/arm/core/cortex_m/libarch__arm__core__cortex_m.a(swap_helper.S.obj)
                0x000000000000572c                z_arm_svc
 .text.__NVIC_SetPriority
                0x0000000000005750       0x28 zephyr/arch/arch/arm/core/cortex_m/libarch__arm__core__cortex_m.a(irq_manage.c.obj)
 .text.arm_irq_enable
                0x0000000000005778       0x1c zephyr/arch/arch/arm/core/cortex_m/libarch__arm__core__cortex_m.a(irq_manage.c.obj)
                0x0000000000005778                arm_irq_enable
 .text.relocate_vector_table
                0x0000000000005794       0x1c zephyr/arch/arch/arm/core/cortex_m/libarch__arm__core__cortex_m.a(prep_c.c.obj)
                0x0000000000005794                relocate_vector_table
 .text.z_prep_c
                0x00000000000057b0       0x38 zephyr/arch/arch/arm/core/cortex_m/libarch__arm__core__cortex_m.a(prep_c.c.obj)
                0x00000000000057b0                z_prep_c
 .text.arch_new_thread
                0x00000000000057e8       0x38 zephyr/arch/arch/arm/core/cortex_m/libarch__arm__core__cortex_m.a(thread.c.obj)
                0x00000000000057e8                arch_new_thread
 .text.z_check_thread_stack_fail
                0x0000000000005820       0x30 zephyr/arch/arch/arm/core/cortex_m/libarch__arm__core__cortex_m.a(thread.c.obj)
                0x0000000000005820                z_check_thread_stack_fail
 .text.arch_switch_to_main_thread
                0x0000000000005850       0x40 zephyr/arch/arch/arm/core/cortex_m/libarch__arm__core__cortex_m.a(thread.c.obj)
                0x0000000000005850                arch_switch_to_main_thread
 .text.z_arm_cpu_idle_init
                0x0000000000005890        0xc zephyr/arch/arch/arm/core/cortex_m/libarch__arm__core__cortex_m.a(cpu_idle.c.obj)
                0x0000000000005890                z_arm_cpu_idle_init
 .text.z_arm_interrupt_init
                0x000000000000589c       0x18 zephyr/arch/arch/arm/core/cortex_m/libarch__arm__core__cortex_m.a(irq_init.c.obj)
                0x000000000000589c                z_arm_interrupt_init
 .text._isr_wrapper
                0x00000000000058b4       0x38 zephyr/arch/arch/arm/core/cortex_m/libarch__arm__core__cortex_m.a(isr_wrapper.c.obj)
                0x00000000000058b4                _isr_wrapper
 .text.z_arm_configure_static_mpu_regions
                0x00000000000058ec       0x18 zephyr/arch/arch/arm/core/mpu/libarch__arm__core__mpu.a(arm_core_mpu.c.obj)
                0x00000000000058ec                z_arm_configure_static_mpu_regions
 .text.z_arm_configure_dynamic_mpu_regions
                0x0000000000005904       0x24 zephyr/arch/arch/arm/core/mpu/libarch__arm__core__mpu.a(arm_core_mpu.c.obj)
                0x0000000000005904                z_arm_configure_dynamic_mpu_regions
 .text.region_allocate_and_init
                0x0000000000005928       0x58 zephyr/arch/arch/arm/core/mpu/libarch__arm__core__mpu.a(arm_mpu.c.obj)
 .text.mpu_configure_regions
                0x0000000000005980       0x70 zephyr/arch/arch/arm/core/mpu/libarch__arm__core__mpu.a(arm_mpu.c.obj)
 .text.arm_core_mpu_enable
                0x00000000000059f0       0x18 zephyr/arch/arch/arm/core/mpu/libarch__arm__core__mpu.a(arm_mpu.c.obj)
                0x00000000000059f0                arm_core_mpu_enable
 .text.arm_core_mpu_disable
                0x0000000000005a08       0x14 zephyr/arch/arch/arm/core/mpu/libarch__arm__core__mpu.a(arm_mpu.c.obj)
                0x0000000000005a08                arm_core_mpu_disable
 .text.arm_core_mpu_configure_static_mpu_regions
                0x0000000000005a1c       0x14 zephyr/arch/arch/arm/core/mpu/libarch__arm__core__mpu.a(arm_mpu.c.obj)
                0x0000000000005a1c                arm_core_mpu_configure_static_mpu_regions
 .text.arm_core_mpu_configure_dynamic_mpu_regions
                0x0000000000005a30       0x38 zephyr/arch/arch/arm/core/mpu/libarch__arm__core__mpu.a(arm_mpu.c.obj)
                0x0000000000005a30                arm_core_mpu_configure_dynamic_mpu_regions
 .text.z_arm_mpu_init
                0x0000000000005a68      0x17c zephyr/arch/arch/arm/core/mpu/libarch__arm__core__mpu.a(arm_mpu.c.obj)
                0x0000000000005a68                z_arm_mpu_init
 .text.cbvprintf
                0x0000000000005be4       0x38 zephyr/lib/libc/picolibc/liblib__libc__picolibc.a(cbprintf.c.obj)
                0x0000000000005be4                cbvprintf
 .text.z_impl_zephyr_fputc
                0x0000000000005c1c       0x10 zephyr/lib/libc/picolibc/liblib__libc__picolibc.a(stdio.c.obj)
                0x0000000000005c1c                z_impl_zephyr_fputc
 .text.__stdout_hook_install
                0x0000000000005c2c       0x18 zephyr/lib/libc/picolibc/liblib__libc__picolibc.a(stdio.c.obj)
                0x0000000000005c2c                __stdout_hook_install
 .text.malloc_prepare
                0x0000000000005c44       0x24 zephyr/lib/libc/common/liblib__libc__common.a(malloc.c.obj)
 .text.getopt_init
                0x0000000000005c68       0x48 zephyr/lib/posix/options/liblib__posix__options.a(getopt.c.obj)
                0x0000000000005c68                getopt_init
 .text.getopt   0x0000000000005cb0       0xf8 zephyr/lib/posix/options/liblib__posix__options.a(getopt.c.obj)
                0x0000000000005cb0                getopt
 .text.z_getopt_global_state_update
                0x0000000000005da8       0x34 zephyr/lib/posix/options/liblib__posix__options.a(getopt_common.c.obj)
                0x0000000000005da8                z_getopt_global_state_update
 .text.getopt_state_get
                0x0000000000005ddc        0x8 zephyr/lib/posix/options/liblib__posix__options.a(getopt_common.c.obj)
                0x0000000000005ddc                getopt_state_get
 .text.net_buf_destroy
                0x0000000000005de4       0x38 zephyr/lib/net_buf/liblib__net_buf.a(buf.c.obj)
 .text.net_buf_id
                0x0000000000005e1c       0x20 zephyr/lib/net_buf/liblib__net_buf.a(buf.c.obj)
                0x0000000000005e1c                net_buf_id
 .text.fixed_data_alloc
                0x0000000000005e3c       0x24 zephyr/lib/net_buf/liblib__net_buf.a(buf.c.obj)
 .text.net_buf_alloc_len
                0x0000000000005e60       0xfc zephyr/lib/net_buf/liblib__net_buf.a(buf.c.obj)
                0x0000000000005e60                net_buf_alloc_len
 .text.net_buf_unref
                0x0000000000005f5c       0x38 zephyr/lib/net_buf/liblib__net_buf.a(buf.c.obj)
                0x0000000000005f5c                net_buf_unref
 .text.board_antenna_init
                0x0000000000005f94       0x2c zephyr/boards/beagle/beagleconnect_freedom/libboards__beagle__beagleconnect_freedom.a(board_antenna.c.obj)
 .text.board_cc13xx_rf_callback
                0x0000000000005fc0       0x7c zephyr/boards/beagle/beagleconnect_freedom/libboards__beagle__beagleconnect_freedom.a(board_antenna.c.obj)
 .text.z_impl_sys_rand_get
                0x000000000000603c       0x40 zephyr/subsys/random/libsubsys__random.a(random_entropy_device.c.obj)
                0x000000000000603c                z_impl_sys_rand_get
 .text.ieee802154_wait_for_ack
                0x000000000000607c       0x5c zephyr/subsys/net/l2/ieee802154/libsubsys__net__l2__ieee802154.a(ieee802154.c.obj)
                0x000000000000607c                ieee802154_wait_for_ack
 .text.ieee802154_radio_send
                0x00000000000060d8       0xcc zephyr/subsys/net/l2/ieee802154/libsubsys__net__l2__ieee802154.a(ieee802154.c.obj)
                0x00000000000060d8                ieee802154_radio_send
 .text.ieee802154_send
                0x00000000000061a4      0x100 zephyr/subsys/net/l2/ieee802154/libsubsys__net__l2__ieee802154.a(ieee802154.c.obj)
 .text.ieee802154_init
                0x00000000000062a4      0x128 zephyr/subsys/net/l2/ieee802154/libsubsys__net__l2__ieee802154.a(ieee802154.c.obj)
                0x00000000000062a4                ieee802154_init
 .text.ieee802154_create_data_frame
                0x00000000000063cc      0x194 zephyr/subsys/net/l2/ieee802154/libsubsys__net__l2__ieee802154.a(ieee802154_frame.c.obj)
                0x00000000000063cc                ieee802154_create_data_frame
 .text.ieee802154_6lo_fragment
                0x0000000000006560      0x108 zephyr/subsys/net/l2/ieee802154/libsubsys__net__l2__ieee802154.a(ieee802154_6lo_fragment.c.obj)
                0x0000000000006560                ieee802154_6lo_fragment
 .text.ieee802154_6lo_reassemble
                0x0000000000006668      0x2f0 zephyr/subsys/net/l2/ieee802154/libsubsys__net__l2__ieee802154.a(ieee802154_6lo_fragment.c.obj)
                0x0000000000006668                ieee802154_6lo_reassemble
 .text.ieee802154_radio_remove_pan_id
                0x0000000000006958       0x4c zephyr/subsys/net/l2/ieee802154/libsubsys__net__l2__ieee802154.a(ieee802154_mgmt.c.obj)
 .text.ieee802154_radio_filter_pan_id
                0x00000000000069a4       0x4c zephyr/subsys/net/l2/ieee802154/libsubsys__net__l2__ieee802154.a(ieee802154_mgmt.c.obj)
 .text.ieee802154_radio_remove_src_short_addr
                0x00000000000069f0       0x4c zephyr/subsys/net/l2/ieee802154/libsubsys__net__l2__ieee802154.a(ieee802154_mgmt.c.obj)
 .text.ieee802154_radio_filter_short_addr
                0x0000000000006a3c       0x4c zephyr/subsys/net/l2/ieee802154/libsubsys__net__l2__ieee802154.a(ieee802154_mgmt.c.obj)
 .text.ieee802154_handle_beacon
                0x0000000000006a88       0xa4 zephyr/subsys/net/l2/ieee802154/libsubsys__net__l2__ieee802154.a(ieee802154_mgmt.c.obj)
                0x0000000000006a88                ieee802154_handle_beacon
 .text.ieee802154_handle_mac_command
                0x0000000000006b2c      0x11c zephyr/subsys/net/l2/ieee802154/libsubsys__net__l2__ieee802154.a(ieee802154_mgmt.c.obj)
                0x0000000000006b2c                ieee802154_handle_mac_command
 .text.unslotted_csma_ca_channel_access
                0x0000000000006c48      0x174 zephyr/subsys/net/l2/ieee802154/libsubsys__net__l2__ieee802154.a(ieee802154_radio_csma_ca.c.obj)
                0x0000000000006c48                ieee802154_wait_for_clear_channel
 .text.net_if_get_default.part.0
                0x0000000000006dbc       0x20 zephyr/subsys/net/ip/libsubsys__net__ip.a(net_if.c.obj)
 .text.iface_router_update_timer
                0x0000000000006ddc       0x90 zephyr/subsys/net/ip/libsubsys__net__ip.a(net_if.c.obj)
 .text.iface_router_expired
                0x0000000000006e6c       0xa8 zephyr/subsys/net/ip/libsubsys__net__ip.a(net_if.c.obj)
 .text.z_impl_net_if_get_by_index
                0x0000000000006f14       0x24 zephyr/subsys/net/ip/libsubsys__net__ip.a(net_if.c.obj)
                0x0000000000006f14                z_impl_net_if_get_by_index
 .text.dad_timeout
                0x0000000000006f38       0xd8 zephyr/subsys/net/ip/libsubsys__net__ip.a(net_if.c.obj)
 .text.net_if_get_default
                0x0000000000007010       0x24 zephyr/subsys/net/ip/libsubsys__net__ip.a(net_if.c.obj)
                0x0000000000007010                net_if_get_default
 .text.net_if_mcast_monitor
                0x0000000000007034       0x54 zephyr/subsys/net/ip/libsubsys__net__ip.a(net_if.c.obj)
                0x0000000000007034                net_if_mcast_monitor
 .text.net_if_config_ipv6_get
                0x0000000000007088       0x6c zephyr/subsys/net/ip/libsubsys__net__ip.a(net_if.c.obj)
                0x0000000000007088                net_if_config_ipv6_get
 .text.net_if_start_rs
                0x00000000000070f4       0x84 zephyr/subsys/net/ip/libsubsys__net__ip.a(net_if.c.obj)
                0x00000000000070f4                net_if_start_rs
 .text.rs_timeout
                0x0000000000007178       0xf8 zephyr/subsys/net/ip/libsubsys__net__ip.a(net_if.c.obj)
 .text.net_if_stop_rs
                0x0000000000007270       0x40 zephyr/subsys/net/ip/libsubsys__net__ip.a(net_if.c.obj)
                0x0000000000007270                net_if_stop_rs
 .text.net_if_ipv6_addr_lookup
                0x00000000000072b0       0x88 zephyr/subsys/net/ip/libsubsys__net__ip.a(net_if.c.obj)
                0x00000000000072b0                net_if_ipv6_addr_lookup
 .text.net_if_ipv6_addr_update_lifetime
                0x0000000000007338       0x5c zephyr/subsys/net/ip/libsubsys__net__ip.a(net_if.c.obj)
                0x0000000000007338                net_if_ipv6_addr_update_lifetime
 .text.net_if_ipv6_maddr_rm
                0x0000000000007394       0x74 zephyr/subsys/net/ip/libsubsys__net__ip.a(net_if.c.obj)
                0x0000000000007394                net_if_ipv6_maddr_rm
 .text.net_if_ipv6_maddr_lookup
                0x0000000000007408       0x98 zephyr/subsys/net/ip/libsubsys__net__ip.a(net_if.c.obj)
                0x0000000000007408                net_if_ipv6_maddr_lookup
 .text.net_if_ipv6_maddr_add
                0x00000000000074a0       0xec zephyr/subsys/net/ip/libsubsys__net__ip.a(net_if.c.obj)
                0x00000000000074a0                net_if_ipv6_maddr_add
 .text.net_if_ipv6_prefix_add
                0x000000000000758c      0x118 zephyr/subsys/net/ip/libsubsys__net__ip.a(net_if.c.obj)
                0x000000000000758c                net_if_ipv6_prefix_add
 .text.net_if_ipv6_addr_onlink
                0x00000000000076a4       0x88 zephyr/subsys/net/ip/libsubsys__net__ip.a(net_if.c.obj)
                0x00000000000076a4                net_if_ipv6_addr_onlink
 .text.net_if_ipv6_prefix_set_timer
                0x000000000000772c       0x58 zephyr/subsys/net/ip/libsubsys__net__ip.a(net_if.c.obj)
                0x000000000000772c                net_if_ipv6_prefix_set_timer
 .text.net_if_ipv6_prefix_unset_timer
                0x0000000000007784       0x40 zephyr/subsys/net/ip/libsubsys__net__ip.a(net_if.c.obj)
                0x0000000000007784                net_if_ipv6_prefix_unset_timer
 .text.net_if_ipv6_router_lookup
                0x00000000000077c4       0x4c zephyr/subsys/net/ip/libsubsys__net__ip.a(net_if.c.obj)
                0x00000000000077c4                net_if_ipv6_router_lookup
 .text.net_if_ipv6_router_find_default
                0x0000000000007810       0x4c zephyr/subsys/net/ip/libsubsys__net__ip.a(net_if.c.obj)
                0x0000000000007810                net_if_ipv6_router_find_default
 .text.net_if_ipv6_router_add
                0x000000000000785c       0xa4 zephyr/subsys/net/ip/libsubsys__net__ip.a(net_if.c.obj)
                0x000000000000785c                net_if_ipv6_router_add
 .text.net_if_ipv6_router_rm
                0x0000000000007900       0x6c zephyr/subsys/net/ip/libsubsys__net__ip.a(net_if.c.obj)
                0x0000000000007900                net_if_ipv6_router_rm
 .text.net_if_ipv6_select_src_addr_hint
                0x000000000000796c       0xd4 zephyr/subsys/net/ip/libsubsys__net__ip.a(net_if.c.obj)
                0x000000000000796c                net_if_ipv6_select_src_addr_hint
 .text.net_if_addr_unref
                0x0000000000007a40      0x12c zephyr/subsys/net/ip/libsubsys__net__ip.a(net_if.c.obj)
                0x0000000000007a40                net_if_addr_unref
 .text.net_if_ipv6_dad_failed
                0x0000000000007b6c       0x84 zephyr/subsys/net/ip/libsubsys__net__ip.a(net_if.c.obj)
                0x0000000000007b6c                net_if_ipv6_dad_failed
 .text.net_if_ipv6_prefix_rm
                0x0000000000007bf0       0xa4 zephyr/subsys/net/ip/libsubsys__net__ip.a(net_if.c.obj)
                0x0000000000007bf0                net_if_ipv6_prefix_rm
 .text.prefix_lifetime_timeout
                0x0000000000007c94       0xf0 zephyr/subsys/net/ip/libsubsys__net__ip.a(net_if.c.obj)
 .text.address_lifetime_timeout
                0x0000000000007d84       0xdc zephyr/subsys/net/ip/libsubsys__net__ip.a(net_if.c.obj)
 .text.net_if_register_link_cb
                0x0000000000007e60       0x40 zephyr/subsys/net/ip/libsubsys__net__ip.a(net_if.c.obj)
                0x0000000000007e60                net_if_register_link_cb
 .text.net_if_call_link_cb
                0x0000000000007ea0       0x4c zephyr/subsys/net/ip/libsubsys__net__ip.a(net_if.c.obj)
                0x0000000000007ea0                net_if_call_link_cb
 .text.net_if_tx.isra.0
                0x0000000000007eec       0xe4 zephyr/subsys/net/ip/libsubsys__net__ip.a(net_if.c.obj)
 .text.net_if_try_send_data
                0x0000000000007fd0      0x100 zephyr/subsys/net/ip/libsubsys__net__ip.a(net_if.c.obj)
                0x0000000000007fd0                net_if_try_send_data
 .text.net_if_get_by_iface
                0x00000000000080d0       0x24 zephyr/subsys/net/ip/libsubsys__net__ip.a(net_if.c.obj)
                0x00000000000080d0                net_if_get_by_iface
 .text.net_if_ipv6_start_dad.part.0
                0x00000000000080f4       0xb8 zephyr/subsys/net/ip/libsubsys__net__ip.a(net_if.c.obj)
 .text.join_mcast_allnodes.part.0
                0x00000000000081ac       0x8c zephyr/subsys/net/ip/libsubsys__net__ip.a(net_if.c.obj)
 .text.join_mcast_nodes
                0x0000000000008238       0x9c zephyr/subsys/net/ip/libsubsys__net__ip.a(net_if.c.obj)
 .text.net_if_ipv6_addr_add
                0x00000000000082d4      0x1b0 zephyr/subsys/net/ip/libsubsys__net__ip.a(net_if.c.obj)
                0x00000000000082d4                net_if_ipv6_addr_add
 .text.net_if_start_dad
                0x0000000000008484      0x1ac zephyr/subsys/net/ip/libsubsys__net__ip.a(net_if.c.obj)
                0x0000000000008484                net_if_start_dad
 .text.update_operational_state
                0x0000000000008630      0x2c4 zephyr/subsys/net/ip/libsubsys__net__ip.a(net_if.c.obj)
 .text.net_if_up
                0x00000000000088f4       0x70 zephyr/subsys/net/ip/libsubsys__net__ip.a(net_if.c.obj)
                0x00000000000088f4                net_if_up
 .text.net_if_set_name
                0x0000000000008964       0x64 zephyr/subsys/net/ip/libsubsys__net__ip.a(net_if.c.obj)
                0x0000000000008964                net_if_set_name
 .text.net_if_init
                0x00000000000089c8      0x240 zephyr/subsys/net/ip/libsubsys__net__ip.a(net_if.c.obj)
                0x00000000000089c8                net_if_init
 .text.net_if_post_init
                0x0000000000008c08       0x28 zephyr/subsys/net/ip/libsubsys__net__ip.a(net_if.c.obj)
                0x0000000000008c08                net_if_post_init
 .text.net_sprint_ll_addr_buf
                0x0000000000008c30       0x58 zephyr/subsys/net/ip/libsubsys__net__ip.a(utils.c.obj)
                0x0000000000008c30                net_sprint_ll_addr_buf
 .text.z_impl_net_addr_ntop
                0x0000000000008c88      0x1d4 zephyr/subsys/net/ip/libsubsys__net__ip.a(utils.c.obj)
                0x0000000000008c88                z_impl_net_addr_ntop
 .text.net_sprint_addr
                0x0000000000008e5c       0x2c zephyr/subsys/net/ip/libsubsys__net__ip.a(utils.c.obj)
                0x0000000000008e5c                net_sprint_addr
 .text.net_ipv6_unspecified_address
                0x0000000000008e88        0x8 zephyr/subsys/net/ip/libsubsys__net__ip.a(utils.c.obj)
                0x0000000000008e88                net_ipv6_unspecified_address
 .text.mgmt_event_work_handler
                0x0000000000008e90      0x11c zephyr/subsys/net/ip/libsubsys__net__ip.a(net_mgmt.c.obj)
 .text.mgmt_rebuild_global_event_mask
                0x0000000000008fac       0x5c zephyr/subsys/net/ip/libsubsys__net__ip.a(net_mgmt.c.obj)
 .text.net_mgmt_event_notify_with_info
                0x0000000000009008       0x94 zephyr/subsys/net/ip/libsubsys__net__ip.a(net_mgmt.c.obj)
                0x0000000000009008                net_mgmt_event_notify_with_info
 .text.net_mgmt_event_init
                0x000000000000909c       0x3c zephyr/subsys/net/ip/libsubsys__net__ip.a(net_mgmt.c.obj)
                0x000000000000909c                net_mgmt_event_init
 .text.net_context_init
                0x00000000000090d8       0x10 zephyr/subsys/net/ip/libsubsys__net__ip.a(net_context.c.obj)
                0x00000000000090d8                net_context_init
 .text.net_pkt_get_reserve_data
                0x00000000000090e8       0x48 zephyr/subsys/net/ip/libsubsys__net__ip.a(net_pkt.c.obj)
                0x00000000000090e8                net_pkt_get_reserve_data
 .text.net_pkt_get_reserve_rx_data
                0x0000000000009130        0xc zephyr/subsys/net/ip/libsubsys__net__ip.a(net_pkt.c.obj)
                0x0000000000009130                net_pkt_get_reserve_rx_data
 .text.net_pkt_get_reserve_tx_data
                0x000000000000913c        0xc zephyr/subsys/net/ip/libsubsys__net__ip.a(net_pkt.c.obj)
                0x000000000000913c                net_pkt_get_reserve_tx_data
 .text.net_pkt_get_frag
                0x0000000000009148       0x20 zephyr/subsys/net/ip/libsubsys__net__ip.a(net_pkt.c.obj)
                0x0000000000009148                net_pkt_get_frag
 .text.pkt_alloc
                0x0000000000009168       0x58 zephyr/subsys/net/ip/libsubsys__net__ip.a(net_pkt.c.obj)
 .text.net_pkt_alloc_buffer_with_reserve
                0x00000000000091c0      0x104 zephyr/subsys/net/ip/libsubsys__net__ip.a(net_pkt.c.obj)
                0x00000000000091c0                net_pkt_alloc_buffer_with_reserve
 .text.net_pkt_alloc_buffer
                0x00000000000092c4       0x7c zephyr/subsys/net/ip/libsubsys__net__ip.a(net_pkt.c.obj)
                0x00000000000092c4                net_pkt_alloc_buffer
 .text.net_pkt_alloc_with_buffer
                0x0000000000009340       0x24 zephyr/subsys/net/ip/libsubsys__net__ip.a(net_pkt.c.obj)
                0x0000000000009340                net_pkt_alloc_with_buffer
 .text.net_pkt_rx_alloc_with_buffer
                0x0000000000009364       0x24 zephyr/subsys/net/ip/libsubsys__net__ip.a(net_pkt.c.obj)
                0x0000000000009364                net_pkt_rx_alloc_with_buffer
 .text.net_pkt_get_data
                0x0000000000009388       0x58 zephyr/subsys/net/ip/libsubsys__net__ip.a(net_pkt.c.obj)
                0x0000000000009388                net_pkt_get_data
 .text.net_tc_submit_to_rx_queue
                0x00000000000093e0       0x18 zephyr/subsys/net/ip/libsubsys__net__ip.a(net_tc.c.obj)
                0x00000000000093e0                net_tc_submit_to_rx_queue
 .text.net_rx_priority2tc
                0x00000000000093f8       0x10 zephyr/subsys/net/ip/libsubsys__net__ip.a(net_tc.c.obj)
                0x00000000000093f8                net_rx_priority2tc
 .text.net_tc_rx_init
                0x0000000000009408       0x90 zephyr/subsys/net/ip/libsubsys__net__ip.a(net_tc.c.obj)
                0x0000000000009408                net_tc_rx_init
 .text.icmp_call_handlers
                0x0000000000009498       0x6c zephyr/subsys/net/ip/libsubsys__net__ip.a(icmp.c.obj)
 .text.net_icmp_init_ctx
                0x0000000000009504       0x50 zephyr/subsys/net/ip/libsubsys__net__ip.a(icmp.c.obj)
                0x0000000000009504                net_icmp_init_ctx
 .text.k_mutex_lock.constprop.0.isra.0
                0x0000000000009554       0x10 zephyr/subsys/net/ip/libsubsys__net__ip.a(connection.c.obj)
 .text.k_mutex_unlock.constprop.0.isra.0
                0x0000000000009564        0xc zephyr/subsys/net/ip/libsubsys__net__ip.a(connection.c.obj)
 .text.net_conn_input
                0x0000000000009570      0x1dc zephyr/subsys/net/ip/libsubsys__net__ip.a(connection.c.obj)
                0x0000000000009570                net_conn_input
 .text.net_conn_init
                0x000000000000974c       0x40 zephyr/subsys/net/ip/libsubsys__net__ip.a(connection.c.obj)
                0x000000000000974c                net_conn_init
 .text.get_ihpc_inlined_size
                0x000000000000978c       0x50 zephyr/subsys/net/ip/libsubsys__net__ip.a(6lo.c.obj)
 .text.get_udp_nhc_inlined_size
                0x00000000000097dc       0x28 zephyr/subsys/net/ip/libsubsys__net__ip.a(6lo.c.obj)
 .text.net_6lo_compress
                0x0000000000009804      0x3b8 zephyr/subsys/net/ip/libsubsys__net__ip.a(6lo.c.obj)
                0x0000000000009804                net_6lo_compress
 .text.net_6lo_uncompress
                0x0000000000009bbc      0x598 zephyr/subsys/net/ip/libsubsys__net__ip.a(6lo.c.obj)
                0x0000000000009bbc                net_6lo_uncompress
 .text.net_6lo_uncompress_hdr_diff
                0x000000000000a154       0x70 zephyr/subsys/net/ip/libsubsys__net__ip.a(6lo.c.obj)
                0x000000000000a154                net_6lo_uncompress_hdr_diff
 .text.net_icmpv6_input
                0x000000000000a1c4       0x74 zephyr/subsys/net/ip/libsubsys__net__ip.a(icmpv6.c.obj)
                0x000000000000a1c4                net_icmpv6_input
 .text.net_icmpv6_init
                0x000000000000a238       0x60 zephyr/subsys/net/ip/libsubsys__net__ip.a(icmpv6.c.obj)
                0x000000000000a238                net_icmpv6_init
 .text.net_nbr_link
                0x000000000000a298       0xbc zephyr/subsys/net/ip/libsubsys__net__ip.a(nbr.c.obj)
                0x000000000000a298                net_nbr_link
 .text.net_nbr_unlink
                0x000000000000a354       0x44 zephyr/subsys/net/ip/libsubsys__net__ip.a(nbr.c.obj)
                0x000000000000a354                net_nbr_unlink
 .text.net_nbr_get_lladdr
                0x000000000000a398       0x14 zephyr/subsys/net/ip/libsubsys__net__ip.a(nbr.c.obj)
                0x000000000000a398                net_nbr_get_lladdr
 .text.net_ipv6_input
                0x000000000000a3ac      0x3f0 zephyr/subsys/net/ip/libsubsys__net__ip.a(ipv6.c.obj)
                0x000000000000a3ac                net_ipv6_input
 .text.ipv6_nd_restart_reachable_timer
                0x000000000000a79c       0x88 zephyr/subsys/net/ip/libsubsys__net__ip.a(ipv6_nbr.c.obj)
 .text.ipv6_nbr_set_state
                0x000000000000a824       0x6c zephyr/subsys/net/ip/libsubsys__net__ip.a(ipv6_nbr.c.obj)
 .text.nbr_new  0x000000000000a890       0x84 zephyr/subsys/net/ip/libsubsys__net__ip.a(ipv6_nbr.c.obj)
 .text.nbr_lookup.constprop.0
                0x000000000000a914       0x44 zephyr/subsys/net/ip/libsubsys__net__ip.a(ipv6_nbr.c.obj)
 .text.dbg_update_neighbor_lladdr.constprop.0
                0x000000000000a958       0x28 zephyr/subsys/net/ip/libsubsys__net__ip.a(ipv6_nbr.c.obj)
 .text.dad_failed.part.0.isra.0
                0x000000000000a980       0x1c zephyr/subsys/net/ip/libsubsys__net__ip.a(ipv6_nbr.c.obj)
 .text.net_ipv6_nbr_lock
                0x000000000000a99c       0x14 zephyr/subsys/net/ip/libsubsys__net__ip.a(ipv6_nbr.c.obj)
                0x000000000000a99c                net_ipv6_nbr_lock
 .text.net_ipv6_nbr_unlock
                0x000000000000a9b0        0xc zephyr/subsys/net/ip/libsubsys__net__ip.a(ipv6_nbr.c.obj)
                0x000000000000a9b0                net_ipv6_nbr_unlock
 .text.ipv6_ns_reply_timeout
                0x000000000000a9bc       0xbc zephyr/subsys/net/ip/libsubsys__net__ip.a(ipv6_nbr.c.obj)
 .text.net_ipv6_nbr_rm
                0x000000000000aa78       0x44 zephyr/subsys/net/ip/libsubsys__net__ip.a(ipv6_nbr.c.obj)
                0x000000000000aa78                net_ipv6_nbr_rm
 .text.add_nbr  0x000000000000aabc       0xa0 zephyr/subsys/net/ip/libsubsys__net__ip.a(ipv6_nbr.c.obj)
 .text.handle_na_input
                0x000000000000ab5c      0x2b8 zephyr/subsys/net/ip/libsubsys__net__ip.a(ipv6_nbr.c.obj)
 .text.net_ipv6_send_ns
                0x000000000000ae14      0x1f8 zephyr/subsys/net/ip/libsubsys__net__ip.a(ipv6_nbr.c.obj)
                0x000000000000ae14                net_ipv6_send_ns
 .text.net_ipv6_nbr_add
                0x000000000000b00c      0x110 zephyr/subsys/net/ip/libsubsys__net__ip.a(ipv6_nbr.c.obj)
                0x000000000000b00c                net_ipv6_nbr_add
 .text.handle_ra_input
                0x000000000000b11c      0x598 zephyr/subsys/net/ip/libsubsys__net__ip.a(ipv6_nbr.c.obj)
 .text.handle_ns_input
                0x000000000000b6b4      0x27c zephyr/subsys/net/ip/libsubsys__net__ip.a(ipv6_nbr.c.obj)
 .text.ipv6_nd_reachable_timeout
                0x000000000000b930       0xf0 zephyr/subsys/net/ip/libsubsys__net__ip.a(ipv6_nbr.c.obj)
 .text.net_ipv6_nbr_init
                0x000000000000ba20      0x118 zephyr/subsys/net/ip/libsubsys__net__ip.a(ipv6_nbr.c.obj)
                0x000000000000ba20                net_ipv6_nbr_init
 .text.net_ipv6_mld_join
                0x000000000000bb38       0x98 zephyr/subsys/net/ip/libsubsys__net__ip.a(ipv6_mld.c.obj)
                0x000000000000bb38                net_ipv6_mld_join
 .text.net_ipv6_mld_init
                0x000000000000bbd0       0x60 zephyr/subsys/net/ip/libsubsys__net__ip.a(ipv6_mld.c.obj)
                0x000000000000bbd0                net_ipv6_mld_init
 .text.nbr_new  0x000000000000bc30       0x5c zephyr/subsys/net/ip/libsubsys__net__ip.a(route.c.obj)
 .text.net_route_get_nbr
                0x000000000000bc8c       0x38 zephyr/subsys/net/ip/libsubsys__net__ip.a(route.c.obj)
                0x000000000000bc8c                net_route_get_nbr
 .text.net_route_lookup
                0x000000000000bcc4       0xbc zephyr/subsys/net/ip/libsubsys__net__ip.a(route.c.obj)
                0x000000000000bcc4                net_route_lookup
 .text.net_route_update_lifetime
                0x000000000000bd80       0x88 zephyr/subsys/net/ip/libsubsys__net__ip.a(route.c.obj)
                0x000000000000bd80                net_route_update_lifetime
 .text.net_route_del
                0x000000000000be08       0x8c zephyr/subsys/net/ip/libsubsys__net__ip.a(route.c.obj)
                0x000000000000be08                net_route_del
 .text.route_lifetime_timeout
                0x000000000000be94       0xa8 zephyr/subsys/net/ip/libsubsys__net__ip.a(route.c.obj)
 .text.net_route_del_by_nexthop
                0x000000000000bf3c       0x58 zephyr/subsys/net/ip/libsubsys__net__ip.a(route.c.obj)
                0x000000000000bf3c                net_route_del_by_nexthop
 .text.net_route_get_nexthop
                0x000000000000bf94       0x48 zephyr/subsys/net/ip/libsubsys__net__ip.a(route.c.obj)
                0x000000000000bf94                net_route_get_nexthop
 .text.net_route_add
                0x000000000000bfdc      0x17c zephyr/subsys/net/ip/libsubsys__net__ip.a(route.c.obj)
                0x000000000000bfdc                net_route_add
 .text.net_route_packet
                0x000000000000c158       0xb8 zephyr/subsys/net/ip/libsubsys__net__ip.a(route.c.obj)
                0x000000000000c158                net_route_packet
 .text.net_route_init
                0x000000000000c210       0x10 zephyr/subsys/net/ip/libsubsys__net__ip.a(route.c.obj)
                0x000000000000c210                net_route_init
 .text.net_udp_finalize
                0x000000000000c220       0x90 zephyr/subsys/net/ip/libsubsys__net__ip.a(udp.c.obj)
                0x000000000000c220                net_udp_finalize
 .text.net_udp_input
                0x000000000000c2b0       0x7c zephyr/subsys/net/ip/libsubsys__net__ip.a(udp.c.obj)
                0x000000000000c2b0                net_udp_input
 .text.uart_console_init
                0x000000000000c32c       0x28 zephyr/drivers/console/libdrivers__console.a(uart_console.c.obj)
 .text.console_out
                0x000000000000c354       0x28 zephyr/drivers/console/libdrivers__console.a(uart_console.c.obj)
 .text.handle_shutdown_ovf
                0x000000000000c37c       0x18 zephyr/drivers/entropy/libdrivers__entropy.a(entropy_cc13xx_cc26xx.c.obj)
 .text.entropy_cc13xx_cc26xx_isr
                0x000000000000c394       0x70 zephyr/drivers/entropy/libdrivers__entropy.a(entropy_cc13xx_cc26xx.c.obj)
 .text.entropy_cc13xx_cc26xx_get_entropy_isr
                0x000000000000c404       0xd0 zephyr/drivers/entropy/libdrivers__entropy.a(entropy_cc13xx_cc26xx.c.obj)
 .text.entropy_cc13xx_cc26xx_get_entropy
                0x000000000000c4d4       0x8c zephyr/drivers/entropy/libdrivers__entropy.a(entropy_cc13xx_cc26xx.c.obj)
 .text.start_trng.constprop.0
                0x000000000000c560       0x54 zephyr/drivers/entropy/libdrivers__entropy.a(entropy_cc13xx_cc26xx.c.obj)
 .text.entropy_cc13xx_cc26xx_init
                0x000000000000c5b4       0x58 zephyr/drivers/entropy/libdrivers__entropy.a(entropy_cc13xx_cc26xx.c.obj)
 .text.gpio_cc13xx_cc26xx_config
                0x000000000000c60c       0xe0 zephyr/drivers/gpio/libdrivers__gpio.a(gpio_cc13xx_cc26xx.c.obj)
 .text.gpio_cc13xx_cc26xx_port_get_raw
                0x000000000000c6ec       0x10 zephyr/drivers/gpio/libdrivers__gpio.a(gpio_cc13xx_cc26xx.c.obj)
 .text.gpio_cc13xx_cc26xx_port_set_masked_raw
                0x000000000000c6fc       0x1c zephyr/drivers/gpio/libdrivers__gpio.a(gpio_cc13xx_cc26xx.c.obj)
 .text.gpio_cc13xx_cc26xx_port_set_bits_raw
                0x000000000000c718       0x10 zephyr/drivers/gpio/libdrivers__gpio.a(gpio_cc13xx_cc26xx.c.obj)
 .text.gpio_cc13xx_cc26xx_port_clear_bits_raw
                0x000000000000c728       0x10 zephyr/drivers/gpio/libdrivers__gpio.a(gpio_cc13xx_cc26xx.c.obj)
 .text.gpio_cc13xx_cc26xx_port_toggle_bits
                0x000000000000c738       0x10 zephyr/drivers/gpio/libdrivers__gpio.a(gpio_cc13xx_cc26xx.c.obj)
 .text.gpio_cc13xx_cc26xx_get_pending_int
                0x000000000000c748        0xc zephyr/drivers/gpio/libdrivers__gpio.a(gpio_cc13xx_cc26xx.c.obj)
 .text.gpio_cc13xx_cc26xx_init
                0x000000000000c754       0x38 zephyr/drivers/gpio/libdrivers__gpio.a(gpio_cc13xx_cc26xx.c.obj)
 .text.gpio_cc13xx_cc26xx_isr
                0x000000000000c78c       0x38 zephyr/drivers/gpio/libdrivers__gpio.a(gpio_cc13xx_cc26xx.c.obj)
 .text.ieee802154_cc13xx_cc26xx_subg_attr_get
                0x000000000000c7c4       0x20 zephyr/drivers/ieee802154/libdrivers__ieee802154.a(ieee802154_cc13xx_cc26xx_subg.c.obj)
 .text.drv_start_rx.isra.0
                0x000000000000c7e4       0x4c zephyr/drivers/ieee802154/libdrivers__ieee802154.a(ieee802154_cc13xx_cc26xx_subg.c.obj)
 .text.client_error_callback.part.0
                0x000000000000c830       0x30 zephyr/drivers/ieee802154/libdrivers__ieee802154.a(ieee802154_cc13xx_cc26xx_subg.c.obj)
 .text.client_error_callback
                0x000000000000c860       0x18 zephyr/drivers/ieee802154/libdrivers__ieee802154.a(ieee802154_cc13xx_cc26xx_subg.c.obj)
 .text.ieee802154_cc13xx_cc26xx_subg_init
                0x000000000000c878      0x180 zephyr/drivers/ieee802154/libdrivers__ieee802154.a(ieee802154_cc13xx_cc26xx_subg.c.obj)
 .text.ieee802154_cc13xx_cc26xx_subg_set_txpower
                0x000000000000c9f8       0x6c zephyr/drivers/ieee802154/libdrivers__ieee802154.a(ieee802154_cc13xx_cc26xx_subg.c.obj)
 .text.ieee802154_cc13xx_cc26xx_subg_tx
                0x000000000000ca64       0xd0 zephyr/drivers/ieee802154/libdrivers__ieee802154.a(ieee802154_cc13xx_cc26xx_subg.c.obj)
 .text.cmd_prop_rx_adv_callback
                0x000000000000cb34      0x180 zephyr/drivers/ieee802154/libdrivers__ieee802154.a(ieee802154_cc13xx_cc26xx_subg.c.obj)
 .text.uart_cc13xx_cc26xx_configure
                0x000000000000ccb4       0xc0 zephyr/drivers/serial/libdrivers__serial.a(uart_cc13xx_cc26xx.c.obj)
 .text.postNotifyFxn
                0x000000000000cd74       0x3c zephyr/drivers/serial/libdrivers__serial.a(uart_cc13xx_cc26xx.c.obj)
 .text.uart_cc13xx_cc26xx_init_1
                0x000000000000cdb0       0x94 zephyr/drivers/serial/libdrivers__serial.a(uart_cc13xx_cc26xx.c.obj)
 .text.uart_cc13xx_cc26xx_init_0
                0x000000000000ce44       0x94 zephyr/drivers/serial/libdrivers__serial.a(uart_cc13xx_cc26xx.c.obj)
 .text.rtc_isr  0x000000000000ced8       0x68 zephyr/drivers/timer/libdrivers__timer.a(cc13xx_cc26xx_rtc_timer.c.obj)
                0x000000000000ced8                rtc_isr
 .text.sys_clock_driver_init
                0x000000000000cf40       0x9c zephyr/drivers/timer/libdrivers__timer.a(cc13xx_cc26xx_rtc_timer.c.obj)
 .text.sys_clock_set_timeout
                0x000000000000cfdc       0xcc zephyr/drivers/timer/libdrivers__timer.a(cc13xx_cc26xx_rtc_timer.c.obj)
                0x000000000000cfdc                sys_clock_set_timeout
 .text.sys_clock_elapsed
                0x000000000000d0a8       0x28 zephyr/drivers/timer/libdrivers__timer.a(cc13xx_cc26xx_rtc_timer.c.obj)
                0x000000000000d0a8                sys_clock_elapsed
 .text.TrimAfterColdResetWakeupFromShutDown
                0x000000000000d0d0       0xc8 modules/ti/simplelink/source/ti/devices/cc13x2x7_cc26x2x7/lib..__modules__hal__ti__simplelink__source__ti__devices__cc13x2x7_cc26x2x7.a(setup.c.obj)
 .text.NOROM_SetupTrimDevice
                0x000000000000d198       0xc8 modules/ti/simplelink/source/ti/devices/cc13x2x7_cc26x2x7/lib..__modules__hal__ti__simplelink__source__ti__devices__cc13x2x7_cc26x2x7.a(setup.c.obj)
                0x000000000000d198                NOROM_SetupTrimDevice
 .text.NOROM_ChipInfo_GetChipFamily
                0x000000000000d260       0x20 modules/ti/simplelink/source/ti/devices/cc13x2x7_cc26x2x7/lib..__modules__hal__ti__simplelink__source__ti__devices__cc13x2x7_cc26x2x7.a(chipinfo.c.obj)
                0x000000000000d260                NOROM_ChipInfo_GetChipFamily
 .text.NOROM_ChipInfo_GetChipType
                0x000000000000d280       0x4c modules/ti/simplelink/source/ti/devices/cc13x2x7_cc26x2x7/lib..__modules__hal__ti__simplelink__source__ti__devices__cc13x2x7_cc26x2x7.a(chipinfo.c.obj)
                0x000000000000d280                NOROM_ChipInfo_GetChipType
 .text.NOROM_AUXSYSIFOpModeChange
                0x000000000000d2cc       0x38 modules/ti/simplelink/source/ti/devices/cc13x2x7_cc26x2x7/lib..__modules__hal__ti__simplelink__source__ti__devices__cc13x2x7_cc26x2x7.a(aux_sysif.c.obj)
                0x000000000000d2cc                NOROM_AUXSYSIFOpModeChange
 .text.NOROM_SysCtrlIdle
                0x000000000000d304       0x3c modules/ti/simplelink/source/ti/devices/cc13x2x7_cc26x2x7/lib..__modules__hal__ti__simplelink__source__ti__devices__cc13x2x7_cc26x2x7.a(sys_ctrl.c.obj)
                0x000000000000d304                NOROM_SysCtrlIdle
 .text.NOROM_SysCtrlShutdownWithAbort
                0x000000000000d340       0x68 modules/ti/simplelink/source/ti/devices/cc13x2x7_cc26x2x7/lib..__modules__hal__ti__simplelink__source__ti__devices__cc13x2x7_cc26x2x7.a(sys_ctrl.c.obj)
                0x000000000000d340                NOROM_SysCtrlShutdownWithAbort
 .text.NOROM_SysCtrlSetRechargeBeforePowerDown
                0x000000000000d3a8       0x18 modules/ti/simplelink/source/ti/devices/cc13x2x7_cc26x2x7/lib..__modules__hal__ti__simplelink__source__ti__devices__cc13x2x7_cc26x2x7.a(sys_ctrl.c.obj)
                0x000000000000d3a8                NOROM_SysCtrlSetRechargeBeforePowerDown
 .text.NOROM_SysCtrlStandby
                0x000000000000d3c0       0xf8 modules/ti/simplelink/source/ti/devices/cc13x2x7_cc26x2x7/lib..__modules__hal__ti__simplelink__source__ti__devices__cc13x2x7_cc26x2x7.a(sys_ctrl.c.obj)
                0x000000000000d3c0                NOROM_SysCtrlStandby
 .text.OSCHfSourceSwitch
                0x000000000000d4b8       0x38 modules/ti/simplelink/source/ti/devices/cc13x2x7_cc26x2x7/lib..__modules__hal__ti__simplelink__source__ti__devices__cc13x2x7_cc26x2x7.a(osc.c.obj)
 .text.NOROM_OSCHF_TurnOnXosc
                0x000000000000d4f0       0x24 modules/ti/simplelink/source/ti/devices/cc13x2x7_cc26x2x7/lib..__modules__hal__ti__simplelink__source__ti__devices__cc13x2x7_cc26x2x7.a(osc.c.obj)
                0x000000000000d4f0                NOROM_OSCHF_TurnOnXosc
 .text.NOROM_OSCHF_AttemptToSwitchToXosc
                0x000000000000d514       0x60 modules/ti/simplelink/source/ti/devices/cc13x2x7_cc26x2x7/lib..__modules__hal__ti__simplelink__source__ti__devices__cc13x2x7_cc26x2x7.a(osc.c.obj)
                0x000000000000d514                NOROM_OSCHF_AttemptToSwitchToXosc
 .text.NOROM_OSCHF_SwitchToRcOscTurnOffXosc
                0x000000000000d574       0x44 modules/ti/simplelink/source/ti/devices/cc13x2x7_cc26x2x7/lib..__modules__hal__ti__simplelink__source__ti__devices__cc13x2x7_cc26x2x7.a(osc.c.obj)
                0x000000000000d574                NOROM_OSCHF_SwitchToRcOscTurnOffXosc
 .text.NOROM_OSC_HPOSCRelativeFrequencyOffsetGet
                0x000000000000d5b8       0x40 modules/ti/simplelink/source/ti/devices/cc13x2x7_cc26x2x7/lib..__modules__hal__ti__simplelink__source__ti__devices__cc13x2x7_cc26x2x7.a(osc.c.obj)
                0x000000000000d5b8                NOROM_OSC_HPOSCRelativeFrequencyOffsetGet
 .text.NOROM_PRCMPowerDomainsAllOff
                0x000000000000d5f8       0x48 modules/ti/simplelink/source/ti/devices/cc13x2x7_cc26x2x7/lib..__modules__hal__ti__simplelink__source__ti__devices__cc13x2x7_cc26x2x7.a(prcm.c.obj)
                0x000000000000d5f8                NOROM_PRCMPowerDomainsAllOff
 .text.NOROM_PRCMPowerDomainsAllOn
                0x000000000000d640       0x40 modules/ti/simplelink/source/ti/devices/cc13x2x7_cc26x2x7/lib..__modules__hal__ti__simplelink__source__ti__devices__cc13x2x7_cc26x2x7.a(prcm.c.obj)
                0x000000000000d640                NOROM_PRCMPowerDomainsAllOn
 .text.configureMultiProtocolPatch
                0x000000000000d680       0x7c modules/ti/simplelink/source/ti/devices/cc13x2x7_cc26x2x7/lib..__modules__hal__ti__simplelink__source__ti__devices__cc13x2x7_cc26x2x7.a(rf_patch_cpe_multi_protocol.c.obj)
 .text.rf_patch_cpe_multi_protocol
                0x000000000000d6fc       0x38 modules/ti/simplelink/source/ti/devices/cc13x2x7_cc26x2x7/lib..__modules__hal__ti__simplelink__source__ti__devices__cc13x2x7_cc26x2x7.a(rf_patch_cpe_multi_protocol.c.obj)
                0x000000000000d6fc                rf_patch_cpe_multi_protocol
 .text.NOROM_RFCCpeIntGetAndClear
                0x000000000000d734       0x10 modules/ti/simplelink/source/ti/devices/cc13x2x7_cc26x2x7/lib..__modules__hal__ti__simplelink__source__ti__devices__cc13x2x7_cc26x2x7.a(rfc.c.obj)
                0x000000000000d734                NOROM_RFCCpeIntGetAndClear
 .text.NOROM_RFCDoorbellSendTo
                0x000000000000d744       0x20 modules/ti/simplelink/source/ti/devices/cc13x2x7_cc26x2x7/lib..__modules__hal__ti__simplelink__source__ti__devices__cc13x2x7_cc26x2x7.a(rfc.c.obj)
                0x000000000000d744                NOROM_RFCDoorbellSendTo
 .text.NOROM_RFCSynthPowerDown
                0x000000000000d764       0x4c modules/ti/simplelink/source/ti/devices/cc13x2x7_cc26x2x7/lib..__modules__hal__ti__simplelink__source__ti__devices__cc13x2x7_cc26x2x7.a(rfc.c.obj)
                0x000000000000d764                NOROM_RFCSynthPowerDown
 .text.NOROM_RFCAnaDivTxOverride
                0x000000000000d7b0       0x3c modules/ti/simplelink/source/ti/devices/cc13x2x7_cc26x2x7/lib..__modules__hal__ti__simplelink__source__ti__devices__cc13x2x7_cc26x2x7.a(rfc.c.obj)
                0x000000000000d7b0                NOROM_RFCAnaDivTxOverride
 .text.NOROM_RFCHwIntGetAndClear
                0x000000000000d7ec       0x10 modules/ti/simplelink/source/ti/devices/cc13x2x7_cc26x2x7/lib..__modules__hal__ti__simplelink__source__ti__devices__cc13x2x7_cc26x2x7.a(rfc.c.obj)
                0x000000000000d7ec                NOROM_RFCHwIntGetAndClear
 .text.OSCClockLossEventEnable
                0x000000000000d7fc       0x24 modules/ti/simplelink/lib..__modules__hal__ti__simplelink.a(PowerCC26X2.c.obj)
 .text.notify   0x000000000000d820       0x30 modules/ti/simplelink/lib..__modules__hal__ti__simplelink.a(PowerCC26X2.c.obj)
 .text.Power_getConstraintMask
                0x000000000000d850        0xc modules/ti/simplelink/lib..__modules__hal__ti__simplelink.a(PowerCC26X2.c.obj)
                0x000000000000d850                Power_getConstraintMask
 .text.Power_getDependencyCount
                0x000000000000d85c       0x10 modules/ti/simplelink/lib..__modules__hal__ti__simplelink.a(PowerCC26X2.c.obj)
                0x000000000000d85c                Power_getDependencyCount
 .text.Power_registerNotify
                0x000000000000d86c       0x24 modules/ti/simplelink/lib..__modules__hal__ti__simplelink.a(PowerCC26X2.c.obj)
                0x000000000000d86c                Power_registerNotify
 .text.Power_releaseConstraint
                0x000000000000d890       0x4c modules/ti/simplelink/lib..__modules__hal__ti__simplelink.a(PowerCC26X2.c.obj)
                0x000000000000d890                Power_releaseConstraint
 .text.switchXOSCHF
                0x000000000000d8dc       0x4c modules/ti/simplelink/lib..__modules__hal__ti__simplelink.a(PowerCC26X2.c.obj)
 .text.oscillatorISR
                0x000000000000d928       0x88 modules/ti/simplelink/lib..__modules__hal__ti__simplelink.a(PowerCC26X2.c.obj)
 .text.switchToTCXO
                0x000000000000d9b0       0x1c modules/ti/simplelink/lib..__modules__hal__ti__simplelink.a(PowerCC26X2.c.obj)
 .text.Power_releaseDependency
                0x000000000000d9cc       0xb8 modules/ti/simplelink/lib..__modules__hal__ti__simplelink.a(PowerCC26X2.c.obj)
                0x000000000000d9cc                Power_releaseDependency
 .text.Power_setConstraint
                0x000000000000da84       0x44 modules/ti/simplelink/lib..__modules__hal__ti__simplelink.a(PowerCC26X2.c.obj)
                0x000000000000da84                Power_setConstraint
 .text.configureXOSCHF
                0x000000000000dac8      0x120 modules/ti/simplelink/lib..__modules__hal__ti__simplelink.a(PowerCC26X2.c.obj)
 .text.Power_init
                0x000000000000dbe8      0x164 modules/ti/simplelink/lib..__modules__hal__ti__simplelink.a(PowerCC26X2.c.obj)
                0x000000000000dbe8                Power_init
 .text.Power_setDependency
                0x000000000000dd4c       0xb4 modules/ti/simplelink/lib..__modules__hal__ti__simplelink.a(PowerCC26X2.c.obj)
                0x000000000000dd4c                Power_setDependency
 .text.Power_shutdown
                0x000000000000de00       0x60 modules/ti/simplelink/lib..__modules__hal__ti__simplelink.a(PowerCC26X2.c.obj)
                0x000000000000de00                Power_shutdown
 .text.Power_sleep
                0x000000000000de60      0x18c modules/ti/simplelink/lib..__modules__hal__ti__simplelink.a(PowerCC26X2.c.obj)
                0x000000000000de60                Power_sleep
 .text.PowerCC26XX_isStableXOSC_HF
                0x000000000000dfec       0x40 modules/ti/simplelink/lib..__modules__hal__ti__simplelink.a(PowerCC26X2.c.obj)
                0x000000000000dfec                PowerCC26XX_isStableXOSC_HF
 .text.PowerCC26XX_switchXOSC_HF
                0x000000000000e02c       0x48 modules/ti/simplelink/lib..__modules__hal__ti__simplelink.a(PowerCC26X2.c.obj)
                0x000000000000e02c                PowerCC26XX_switchXOSC_HF
 .text.PowerCC26X2_initiateCalibration
                0x000000000000e074       0x64 modules/ti/simplelink/lib..__modules__hal__ti__simplelink.a(PowerCC26X2_calibrateRCOSC.c.obj)
                0x000000000000e074                PowerCC26X2_initiateCalibration
 .text.PowerCC26X2_calibrate
                0x000000000000e0d8      0x170 modules/ti/simplelink/lib..__modules__hal__ti__simplelink.a(PowerCC26X2_calibrateRCOSC.c.obj)
                0x000000000000e0d8                PowerCC26X2_calibrate
 .text.PowerCC26X2_auxISR
                0x000000000000e248      0x290 modules/ti/simplelink/lib..__modules__hal__ti__simplelink.a(PowerCC26X2_calibrateRCOSC.c.obj)
                0x000000000000e248                PowerCC26X2_auxISR
 .text.PowerCC26X2_RCOSC_clockFunc
                0x000000000000e4d8       0x3c modules/ti/simplelink/lib..__modules__hal__ti__simplelink.a(PowerCC26X2_calibrateRCOSC.c.obj)
                0x000000000000e4d8                PowerCC26X2_RCOSC_clockFunc
 .text.RF_cmdGet
                0x000000000000e514       0x40 modules/ti/simplelink/lib..__modules__hal__ti__simplelink.a(RFCC26X2_multiMode.c.obj)
 .text.RF_dbellSyncOnAck
                0x000000000000e554       0x14 modules/ti/simplelink/lib..__modules__hal__ti__simplelink.a(RFCC26X2_multiMode.c.obj)
 .text.RF_checkCmdFsError
                0x000000000000e568       0x30 modules/ti/simplelink/lib..__modules__hal__ti__simplelink.a(RFCC26X2_multiMode.c.obj)
 .text.RF_invokeGlobalCallback
                0x000000000000e598       0x20 modules/ti/simplelink/lib..__modules__hal__ti__simplelink.a(RFCC26X2_multiMode.c.obj)
 .text.RF_isStateTransitionAllowed
                0x000000000000e5b8       0x24 modules/ti/simplelink/lib..__modules__hal__ti__simplelink.a(RFCC26X2_multiMode.c.obj)
 .text.RF_issueRadioFreeCb
                0x000000000000e5dc       0x78 modules/ti/simplelink/lib..__modules__hal__ti__simplelink.a(RFCC26X2_multiMode.c.obj)
 .text.RF_applyRfCorePatch
                0x000000000000e654       0x74 modules/ti/simplelink/lib..__modules__hal__ti__simplelink.a(RFCC26X2_multiMode.c.obj)
 .text.RF_hwiHw
                0x000000000000e6c8       0x6c modules/ti/simplelink/lib..__modules__hal__ti__simplelink.a(RFCC26X2_multiMode.c.obj)
 .text.RF_swiFsm
                0x000000000000e734       0x24 modules/ti/simplelink/lib..__modules__hal__ti__simplelink.a(RFCC26X2_multiMode.c.obj)
 .text.ClockP_convertUsToSystemTicksCeil
                0x000000000000e758       0x34 modules/ti/simplelink/lib..__modules__hal__ti__simplelink.a(RFCC26X2_multiMode.c.obj)
 .text.RF_hwiCpe0ChangePhy
                0x000000000000e78c       0x24 modules/ti/simplelink/lib..__modules__hal__ti__simplelink.a(RFCC26X2_multiMode.c.obj)
 .text.RF_executeDirectImmediateCmd
                0x000000000000e7b0       0x2c modules/ti/simplelink/lib..__modules__hal__ti__simplelink.a(RFCC26X2_multiMode.c.obj)
 .text.RF_runDirectImmediateCmd
                0x000000000000e7dc       0x34 modules/ti/simplelink/lib..__modules__hal__ti__simplelink.a(RFCC26X2_multiMode.c.obj)
 .text.RF_wakeupNotification
                0x000000000000e810       0x74 modules/ti/simplelink/lib..__modules__hal__ti__simplelink.a(RFCC26X2_multiMode.c.obj)
 .text.RF_initRadioSetup
                0x000000000000e884       0xb0 modules/ti/simplelink/lib..__modules__hal__ti__simplelink.a(RFCC26X2_multiMode.c.obj)
 .text.RF_fsmSetupState
                0x000000000000e934      0x11c modules/ti/simplelink/lib..__modules__hal__ti__simplelink.a(RFCC26X2_multiMode.c.obj)
 .text.RF_fsmXOSCState
                0x000000000000ea50       0x70 modules/ti/simplelink/lib..__modules__hal__ti__simplelink.a(RFCC26X2_multiMode.c.obj)
 .text.RF_discardPendCmd
                0x000000000000eac0       0x8c modules/ti/simplelink/lib..__modules__hal__ti__simplelink.a(RFCC26X2_multiMode.c.obj)
 .text.RF_abortCmd
                0x000000000000eb4c      0x140 modules/ti/simplelink/lib..__modules__hal__ti__simplelink.a(RFCC26X2_multiMode.c.obj)
 .text.RF_powerConstraintSet
                0x000000000000ec8c       0x1c modules/ti/simplelink/lib..__modules__hal__ti__simplelink.a(RFCC26X2_multiMode.c.obj)
                0x000000000000ec8c                RF_powerConstraintSet
 .text.RF_ratRestartChannels
                0x000000000000eca8       0x88 modules/ti/simplelink/lib..__modules__hal__ti__simplelink.a(RFCC26X2_multiMode.c.obj)
 .text.RF_powerConstraintRelease
                0x000000000000ed30       0x40 modules/ti/simplelink/lib..__modules__hal__ti__simplelink.a(RFCC26X2_multiMode.c.obj)
                0x000000000000ed30                RF_powerConstraintRelease
 .text.RF_clkInactivityCallback
                0x000000000000ed70       0x1c modules/ti/simplelink/lib..__modules__hal__ti__simplelink.a(RFCC26X2_multiMode.c.obj)
 .text.RF_radioOpDoneCb
                0x000000000000ed8c      0x138 modules/ti/simplelink/lib..__modules__hal__ti__simplelink.a(RFCC26X2_multiMode.c.obj)
 .text.RF_ratFreeChannel
                0x000000000000eec4       0x94 modules/ti/simplelink/lib..__modules__hal__ti__simplelink.a(RFCC26X2_multiMode.c.obj)
 .text.RF_swiHw
                0x000000000000ef58       0xcc modules/ti/simplelink/lib..__modules__hal__ti__simplelink.a(RFCC26X2_multiMode.c.obj)
 .text.RF_getCurrentTime
                0x000000000000f024       0x60 modules/ti/simplelink/lib..__modules__hal__ti__simplelink.a(RFCC26X2_multiMode.c.obj)
                0x000000000000f024                RF_getCurrentTime
 .text.RF_cmdDispatchTime
                0x000000000000f084       0xac modules/ti/simplelink/lib..__modules__hal__ti__simplelink.a(RFCC26X2_multiMode.c.obj)
 .text.RF_dispatchNextCmd
                0x000000000000f130      0x1c0 modules/ti/simplelink/lib..__modules__hal__ti__simplelink.a(RFCC26X2_multiMode.c.obj)
 .text.RF_hwiCpe0Active
                0x000000000000f2f0       0xf8 modules/ti/simplelink/lib..__modules__hal__ti__simplelink.a(RFCC26X2_multiMode.c.obj)
 .text.RF_hwiCpe0PowerFsm
                0x000000000000f3e8       0x60 modules/ti/simplelink/lib..__modules__hal__ti__simplelink.a(RFCC26X2_multiMode.c.obj)
 .text.RF_calculateDispatchTime
                0x000000000000f448       0xc8 modules/ti/simplelink/lib..__modules__hal__ti__simplelink.a(RFCC26X2_multiMode.c.obj)
 .text.RF_dispatchNextEvent
                0x000000000000f510       0x6c modules/ti/simplelink/lib..__modules__hal__ti__simplelink.a(RFCC26X2_multiMode.c.obj)
 .text.RF_fsmPowerUpState
                0x000000000000f57c      0x118 modules/ti/simplelink/lib..__modules__hal__ti__simplelink.a(RFCC26X2_multiMode.c.obj)
 .text.RF_fsmActiveState
                0x000000000000f694      0x4e0 modules/ti/simplelink/lib..__modules__hal__ti__simplelink.a(RFCC26X2_multiMode.c.obj)
 .text.RF_clkPowerUp
                0x000000000000fb74       0x24 modules/ti/simplelink/lib..__modules__hal__ti__simplelink.a(RFCC26X2_multiMode.c.obj)
 .text.RF_postCmd
                0x000000000000fb98      0x100 modules/ti/simplelink/lib..__modules__hal__ti__simplelink.a(RFCC26X2_multiMode.c.obj)
                0x000000000000fb98                RF_postCmd
 .text.RF_pendCmd
                0x000000000000fc98       0xa4 modules/ti/simplelink/lib..__modules__hal__ti__simplelink.a(RFCC26X2_multiMode.c.obj)
                0x000000000000fc98                RF_pendCmd
 .text.RF_yield
                0x000000000000fd3c       0x84 modules/ti/simplelink/lib..__modules__hal__ti__simplelink.a(RFCC26X2_multiMode.c.obj)
                0x000000000000fd3c                RF_yield
 .text.RF_Params_init
                0x000000000000fdc0       0x18 modules/ti/simplelink/lib..__modules__hal__ti__simplelink.a(RFCC26X2_multiMode.c.obj)
                0x000000000000fdc0                RF_Params_init
 .text.RF_open  0x000000000000fdd8      0x250 modules/ti/simplelink/lib..__modules__hal__ti__simplelink.a(RFCC26X2_multiMode.c.obj)
                0x000000000000fdd8                RF_open
 .text.RF_getTxPower
                0x0000000000010028       0x70 modules/ti/simplelink/lib..__modules__hal__ti__simplelink.a(RFCC26X2_multiMode.c.obj)
                0x0000000000010028                RF_getTxPower
 .text.RF_TxPowerTable_findValue
                0x0000000000010098       0x60 modules/ti/simplelink/lib..__modules__hal__ti__simplelink.a(RFCC26X2_multiMode.c.obj)
                0x0000000000010098                RF_TxPowerTable_findValue
 .text.ClockP_construct
                0x00000000000100f8       0x40 modules/ti/simplelink/lib..__modules__hal__ti__simplelink.a(ClockP_zephyr.c.obj)
                0x00000000000100f8                ClockP_construct
 .text.HwiP_construct
                0x0000000000010138      0x108 modules/ti/simplelink/lib..__modules__hal__ti__simplelink.a(HwiP_zephyr.c.obj)
                0x0000000000010138                HwiP_construct
 .text.SwiP_construct
                0x0000000000010240       0xf0 modules/ti/simplelink/lib..__modules__hal__ti__simplelink.a(SwiP_zephyr.c.obj)
                0x0000000000010240                SwiP_construct
 .text.SwiP_disable
                0x0000000000010330       0x1c modules/ti/simplelink/lib..__modules__hal__ti__simplelink.a(SwiP_zephyr.c.obj)
                0x0000000000010330                SwiP_disable
 .text.SwiP_dispatch
                0x000000000001034c       0xac modules/ti/simplelink/lib..__modules__hal__ti__simplelink.a(SwiP_zephyr.c.obj)
                0x000000000001034c                SwiP_dispatch
 .text.SwiP_getTrigger
                0x00000000000103f8        0xc modules/ti/simplelink/lib..__modules__hal__ti__simplelink.a(SwiP_zephyr.c.obj)
                0x00000000000103f8                SwiP_getTrigger
 .text.SwiP_post
                0x0000000000010404       0x64 modules/ti/simplelink/lib..__modules__hal__ti__simplelink.a(SwiP_zephyr.c.obj)
                0x0000000000010404                SwiP_post
 .text.SwiP_restore
                0x0000000000010468       0x44 modules/ti/simplelink/lib..__modules__hal__ti__simplelink.a(SwiP_zephyr.c.obj)
                0x0000000000010468                SwiP_restore
 .text.z_impl_k_busy_wait
                0x00000000000104ac       0x38 zephyr/kernel/libkernel.a(busy_wait.c.obj)
                0x00000000000104ac                z_impl_k_busy_wait
 .text.z_device_get_all_static
                0x00000000000104e4       0x18 zephyr/kernel/libkernel.a(device.c.obj)
                0x00000000000104e4                z_device_get_all_static
 .text.k_sys_fatal_error_handler
                0x00000000000104fc       0x28 zephyr/kernel/libkernel.a(fatal.c.obj)
                0x00000000000104fc                k_sys_fatal_error_handler
 .text.z_fatal_error
                0x0000000000010524      0x110 zephyr/kernel/libkernel.a(fatal.c.obj)
                0x0000000000010524                z_fatal_error
 .text.z_sys_init_run_level
                0x0000000000010634       0x30 zephyr/kernel/libkernel.a(init.c.obj)
 .text.bg_thread_main
                0x0000000000010664       0xc4 zephyr/kernel/libkernel.a(init.c.obj)
 .text.z_bss_zero
                0x0000000000010728       0x18 zephyr/kernel/libkernel.a(init.c.obj)
                0x0000000000010728                z_bss_zero
 .text.z_init_cpu
                0x0000000000010740       0x94 zephyr/kernel/libkernel.a(init.c.obj)
                0x0000000000010740                z_init_cpu
 .text.z_cstart
                0x00000000000107d4       0xd8 zephyr/kernel/libkernel.a(init.c.obj)
                0x00000000000107d4                z_cstart
 .text.statics_init
                0x00000000000108ac       0x24 zephyr/kernel/libkernel.a(kheap.c.obj)
 .text.init_mem_slab_obj_core_list
                0x00000000000108d0       0x24 zephyr/kernel/libkernel.a(mem_slab.c.obj)
 .text.k_mem_slab_alloc
                0x00000000000108f4       0x5c zephyr/kernel/libkernel.a(mem_slab.c.obj)
                0x00000000000108f4                k_mem_slab_alloc
 .text.idle     0x0000000000010950       0x38 zephyr/kernel/libkernel.a(idle.c.obj)
                0x0000000000010950                idle
 .text.z_impl_k_msgq_put
                0x0000000000010988       0xc0 zephyr/kernel/libkernel.a(msg_q.c.obj)
                0x0000000000010988                z_impl_k_msgq_put
 .text.z_impl_k_msgq_get
                0x0000000000010a48       0xc8 zephyr/kernel/libkernel.a(msg_q.c.obj)
                0x0000000000010a48                z_impl_k_msgq_get
 .text.z_impl_k_mutex_lock
                0x0000000000010b10       0xf0 zephyr/kernel/libkernel.a(mutex.c.obj)
                0x0000000000010b10                z_impl_k_mutex_lock
 .text.z_impl_k_mutex_unlock
                0x0000000000010c00       0xa0 zephyr/kernel/libkernel.a(mutex.c.obj)
                0x0000000000010c00                z_impl_k_mutex_unlock
 .text.z_impl_k_queue_get
                0x0000000000010ca0       0x64 zephyr/kernel/libkernel.a(queue.c.obj)
                0x0000000000010ca0                z_impl_k_queue_get
 .text.z_impl_k_sem_give
                0x0000000000010d04       0x74 zephyr/kernel/libkernel.a(sem.c.obj)
                0x0000000000010d04                z_impl_k_sem_give
 .text.z_impl_k_sem_take
                0x0000000000010d78       0x4c zephyr/kernel/libkernel.a(sem.c.obj)
                0x0000000000010d78                z_impl_k_sem_take
 .text.z_impl_k_sem_reset
                0x0000000000010dc4       0x80 zephyr/kernel/libkernel.a(sem.c.obj)
                0x0000000000010dc4                z_impl_k_sem_reset
 .text.work_queue_main
                0x0000000000010e44      0x14c zephyr/kernel/libkernel.a(work.c.obj)
 .text.submit_to_queue_locked
                0x0000000000010f90       0xb4 zephyr/kernel/libkernel.a(work.c.obj)
 .text.k_work_queue_start
                0x0000000000011044       0x7c zephyr/kernel/libkernel.a(work.c.obj)
                0x0000000000011044                k_work_queue_start
 .text.k_work_reschedule_for_queue
                0x00000000000110c0       0x5c zephyr/kernel/libkernel.a(work.c.obj)
                0x00000000000110c0                k_work_reschedule_for_queue
 .text.k_work_reschedule
                0x000000000001111c        0xc zephyr/kernel/libkernel.a(work.c.obj)
                0x000000000001111c                k_work_reschedule
 .text.z_impl_k_thread_name_set
                0x0000000000011128       0x20 zephyr/kernel/libkernel.a(thread.c.obj)
                0x0000000000011128                z_impl_k_thread_name_set
 .text.k_thread_state_str
                0x0000000000011148       0x84 zephyr/kernel/libkernel.a(thread.c.obj)
                0x0000000000011148                k_thread_state_str
 .text.z_setup_new_thread
                0x00000000000111cc       0xf8 zephyr/kernel/libkernel.a(thread.c.obj)
                0x00000000000111cc                z_setup_new_thread
 .text.z_impl_k_thread_create
                0x00000000000112c4       0x58 zephyr/kernel/libkernel.a(thread.c.obj)
                0x00000000000112c4                z_impl_k_thread_create
 .text.z_dummy_thread_init
                0x000000000001131c       0x20 zephyr/kernel/libkernel.a(thread.c.obj)
                0x000000000001131c                z_dummy_thread_init
 .text.z_swap_irqlock
                0x000000000001133c       0x34 zephyr/kernel/libkernel.a(sched.c.obj)
 .text.ready_thread
                0x0000000000011370       0x84 zephyr/kernel/libkernel.a(sched.c.obj)
 .text.unready_thread
                0x00000000000113f4       0x54 zephyr/kernel/libkernel.a(sched.c.obj)
 .text.move_thread_to_end_of_prio_q
                0x0000000000011448       0x90 zephyr/kernel/libkernel.a(sched.c.obj)
                0x0000000000011448                move_thread_to_end_of_prio_q
 .text.z_impl_k_thread_suspend
                0x00000000000114d8       0xf0 zephyr/kernel/libkernel.a(sched.c.obj)
                0x00000000000114d8                z_impl_k_thread_suspend
 .text.z_pend_curr
                0x00000000000115c8       0x58 zephyr/kernel/libkernel.a(sched.c.obj)
                0x00000000000115c8                z_pend_curr
 .text.z_thread_prio_set
                0x0000000000011620       0xe4 zephyr/kernel/libkernel.a(sched.c.obj)
                0x0000000000011620                z_thread_prio_set
 .text.z_reschedule
                0x0000000000011704       0x24 zephyr/kernel/libkernel.a(sched.c.obj)
                0x0000000000011704                z_reschedule
 .text.z_impl_k_thread_resume
                0x0000000000011728       0x3c zephyr/kernel/libkernel.a(sched.c.obj)
                0x0000000000011728                z_impl_k_thread_resume
 .text.z_reschedule_irqlock
                0x0000000000011764       0x28 zephyr/kernel/libkernel.a(sched.c.obj)
                0x0000000000011764                z_reschedule_irqlock
 .text.k_sched_lock
                0x000000000001178c       0x28 zephyr/kernel/libkernel.a(sched.c.obj)
                0x000000000001178c                k_sched_lock
 .text.k_sched_unlock
                0x00000000000117b4       0x68 zephyr/kernel/libkernel.a(sched.c.obj)