Archive member included to satisfy reference by file (symbol)

app/libapp.a(main.c.obj)      (--whole-archive)
zephyr/libzephyr.a(heap.c.obj)
                              (--whole-archive)
zephyr/libzephyr.a(cbprintf_packaged.c.obj)
                              (--whole-archive)
zephyr/libzephyr.a(printk.c.obj)
                              (--whole-archive)
zephyr/libzephyr.a(sem.c.obj)
                              (--whole-archive)
zephyr/libzephyr.a(thread_entry.c.obj)
                              (--whole-archive)
zephyr/libzephyr.a(cbprintf_complete.c.obj)
                              (--whole-archive)
zephyr/libzephyr.a(assert.c.obj)
                              (--whole-archive)
zephyr/libzephyr.a(dec.c.obj)
                              (--whole-archive)
zephyr/libzephyr.a(hex.c.obj)
                              (--whole-archive)
zephyr/libzephyr.a(rb.c.obj)  (--whole-archive)
zephyr/libzephyr.a(timeutil.c.obj)
                              (--whole-archive)
zephyr/libzephyr.a(bitarray.c.obj)
                              (--whole-archive)
zephyr/libzephyr.a(ring_buffer.c.obj)
                              (--whole-archive)
zephyr/libzephyr.a(configs.c.obj)
                              (--whole-archive)
zephyr/libzephyr.a(soc.c.obj)
                              (--whole-archive)
zephyr/libzephyr.a(ccfg.c.obj)
                              (--whole-archive)
zephyr/libzephyr.a(mem_attr.c.obj)
                              (--whole-archive)
zephyr/libzephyr.a(tracing_none.c.obj)
                              (--whole-archive)
zephyr/libzephyr.a(kernel_shell.c.obj)
                              (--whole-archive)
zephyr/libzephyr.a(cycles.c.obj)
                              (--whole-archive)
zephyr/libzephyr.a(sleep.c.obj)
                              (--whole-archive)
zephyr/libzephyr.a(uptime.c.obj)
                              (--whole-archive)
zephyr/libzephyr.a(version.c.obj)
                              (--whole-archive)
zephyr/libzephyr.a(thread.c.obj)
                              (--whole-archive)
zephyr/libzephyr.a(list.c.obj)
                              (--whole-archive)
zephyr/libzephyr.a(stacks.c.obj)
                              (--whole-archive)
zephyr/libzephyr.a(suspend.c.obj)
                              (--whole-archive)
zephyr/libzephyr.a(resume.c.obj)
                              (--whole-archive)
zephyr/libzephyr.a(kill.c.obj)
                              (--whole-archive)
zephyr/libzephyr.a(device_service.c.obj)
                              (--whole-archive)
zephyr/libzephyr.a(devmem_service.c.obj)
                              (--whole-archive)
zephyr/libzephyr.a(shell_uart.c.obj)
                              (--whole-archive)
zephyr/libzephyr.a(shell.c.obj)
                              (--whole-archive)
zephyr/libzephyr.a(shell_fprintf.c.obj)
                              (--whole-archive)
zephyr/libzephyr.a(shell_utils.c.obj)
                              (--whole-archive)
zephyr/libzephyr.a(shell_ops.c.obj)
                              (--whole-archive)
zephyr/libzephyr.a(shell_help.c.obj)
                              (--whole-archive)
zephyr/libzephyr.a(shell_cmds.c.obj)
                              (--whole-archive)
zephyr/libzephyr.a(shell_history.c.obj)
                              (--whole-archive)
zephyr/libzephyr.a(shell_wildcard.c.obj)
                              (--whole-archive)
zephyr/arch/common/libarch__common.a(sw_isr_common.c.obj)
                              (--whole-archive)
zephyr/arch/common/libarch__common.a(dynamic_isr.c.obj)
                              (--whole-archive)
zephyr/arch/arch/arm/core/libarch__arm__core.a(fatal.c.obj)
                              (--whole-archive)
zephyr/arch/arch/arm/core/libarch__arm__core.a(nmi.c.obj)
                              (--whole-archive)
zephyr/arch/arch/arm/core/libarch__arm__core.a(nmi_on_reset.S.obj)
                              (--whole-archive)
zephyr/arch/arch/arm/core/libarch__arm__core.a(tls.c.obj)
                              (--whole-archive)
zephyr/arch/arch/arm/core/cortex_m/libarch__arm__core__cortex_m.a(exc_exit.c.obj)
                              (--whole-archive)
zephyr/arch/arch/arm/core/cortex_m/libarch__arm__core__cortex_m.a(fault.c.obj)
                              (--whole-archive)
zephyr/arch/arch/arm/core/cortex_m/libarch__arm__core__cortex_m.a(fault_s.S.obj)
                              (--whole-archive)
zephyr/arch/arch/arm/core/cortex_m/libarch__arm__core__cortex_m.a(fpu.c.obj)
                              (--whole-archive)
zephyr/arch/arch/arm/core/cortex_m/libarch__arm__core__cortex_m.a(reset.S.obj)
                              (--whole-archive)
zephyr/arch/arch/arm/core/cortex_m/libarch__arm__core__cortex_m.a(scb.c.obj)
                              (--whole-archive)
zephyr/arch/arch/arm/core/cortex_m/libarch__arm__core__cortex_m.a(thread_abort.c.obj)
                              (--whole-archive)
[...]
Memory Configuration

Name             Origin             Length             Attributes
FLASH            0x0000000000000000 0x00000000000b0000 xr
RAM              0x0000000020000000 0x0000000000024000 xw
FLASH_CCFG       0x00000000000affa8 0x0000000000000058 rw
SRAM1            0x0000000011000000 0x0000000000002000 rw
IDT_LIST         0x00000000ffff7fff 0x0000000000008000 xw
*default*        0x0000000000000000 0xffffffffffffffff

Linker script and memory map

                0x0000000000005214                vfprintf = __l_vfprintf
                0x0000000000000000                vfscanf = __l_vfscanf
LOAD zephyr/CMakeFiles/zephyr_final.dir/misc/empty_file.c.obj
LOAD zephyr/CMakeFiles/zephyr_final.dir/isr_tables.c.obj
LOAD zephyr/CMakeFiles/offsets.dir/./arch/arm/core/offsets/offsets.c.obj
LOAD app/libapp.a
LOAD zephyr/libzephyr.a
LOAD zephyr/arch/common/libarch__common.a
LOAD zephyr/arch/arch/arm/core/libarch__arm__core.a
LOAD zephyr/arch/arch/arm/core/cortex_m/libarch__arm__core__cortex_m.a
LOAD zephyr/arch/arch/arm/core/mpu/libarch__arm__core__mpu.a
LOAD zephyr/lib/libc/picolibc/liblib__libc__picolibc.a
LOAD zephyr/lib/libc/common/liblib__libc__common.a
LOAD zephyr/lib/posix/options/liblib__posix__options.a
LOAD zephyr/boards/beagle/beagleconnect_freedom/libboards__beagle__beagleconnect_freedom.a
LOAD zephyr/drivers/console/libdrivers__console.a
LOAD zephyr/drivers/gpio/libdrivers__gpio.a
LOAD zephyr/drivers/pinctrl/libdrivers__pinctrl.a
LOAD zephyr/drivers/serial/libdrivers__serial.a
LOAD zephyr/drivers/timer/libdrivers__timer.a
LOAD modules/ti/simplelink/source/ti/devices/cc13x2x7_cc26x2x7/lib..__modules__hal__ti__simplelink__source__ti__devices__cc13x2x7_cc26x2x7.a
LOAD modules/ti/simplelink/lib..__modules__hal__ti__simplelink.a
LOAD zephyr/kernel/libkernel.a
LOAD zephyr/arch/common/libisr_tables.a
LOAD /home/ash/zephyr-sdk-0.17.0/arm-zephyr-eabi/bin/../lib/gcc/../../picolibc/arm-zephyr-eabi/lib/thumb/v7e-m/nofp/libc.a
LOAD /home/ash/zephyr-sdk-0.17.0/arm-zephyr-eabi/bin/../lib/gcc/arm-zephyr-eabi/12.2.0/thumb/v7e-m/nofp/libgcc.a
                0x0000000000000020                _region_min_align = 0x20

.rel.plt        0x0000000000000000        0x0
 *(SORT_BY_ALIGNMENT(.rel.plt))
                [!provide]                        PROVIDE (__rel_iplt_start = .)
 *(SORT_BY_ALIGNMENT(.rel.iplt))
 .rel.iplt      0x0000000000000000        0x0 zephyr/CMakeFiles/zephyr_final.dir/isr_tables.c.obj
                [!provide]                        PROVIDE (__rel_iplt_end = .)

.rela.plt       0x0000000000000000        0x0
 *(SORT_BY_ALIGNMENT(.rela.plt))
                [!provide]                        PROVIDE (__rela_iplt_start = .)
 *(SORT_BY_ALIGNMENT(.rela.iplt))
                [!provide]                        PROVIDE (__rela_iplt_end = .)

.rel.dyn
 *(SORT_BY_ALIGNMENT(.rel.*))

.rela.dyn
 *(SORT_BY_ALIGNMENT(.rela.*))

/DISCARD/
 *(SORT_BY_ALIGNMENT(.plt))

/DISCARD/
 *(SORT_BY_ALIGNMENT(.iplt))
                0x0000000000000000                __rom_region_start = 0x0

rom_start       0x0000000000000000       0xd8
                0x0000000000000000                __rom_start_address = .
 FILL mask 0x00
                0x0000000000000000                . = (. + (0x0 - (. - __rom_start_address)))
                0x0000000000000000                . = ALIGN (0x4)
                0x0000000000000000                . = ALIGN (0x80)
                0x0000000000000000                . = ALIGN (0x100)
                0x0000000000000000                _vector_start = .
 *(SORT_BY_ALIGNMENT(.exc_vector_table))
 *(SORT_BY_ALIGNMENT(.exc_vector_table.*))
 .exc_vector_table._vector_table_section
                0x0000000000000000       0x40 zephyr/arch/arch/arm/core/cortex_m/libarch__arm__core__cortex_m.a(vector_table.S.obj)
                0x0000000000000000                _vector_table
 *(SORT_BY_ALIGNMENT(.vectors))
                0x00000000000000d8                _vector_end = .
                0x0000000000000040                . = ALIGN (0x4)
 *(SORT_BY_ALIGNMENT(.gnu.linkonce.irq_vector_table*))
 .gnu.linkonce.irq_vector_table
                0x0000000000000040       0x98 zephyr/CMakeFiles/zephyr_final.dir/isr_tables.c.obj
                0x0000000000000040                _irq_vector_table
                0x00000000000000d8                _vector_end = .

text            0x00000000000000d8     0x7774
                0x00000000000000d8                __text_region_start = .
 *(SORT_BY_ALIGNMENT(.text))
 .text          0x00000000000000d8       0xa0 /home/ash/zephyr-sdk-0.17.0/arm-zephyr-eabi/bin/../lib/gcc/arm-zephyr-eabi/12.2.0/thumb/v7e-m/nofp/libgcc.a(_aeabi_ldivmod.o)
                0x00000000000000d8                __aeabi_ldivmod
 .text          0x0000000000000178       0x30 /home/ash/zephyr-sdk-0.17.0/arm-zephyr-eabi/bin/../lib/gcc/arm-zephyr-eabi/12.2.0/thumb/v7e-m/nofp/libgcc.a(_aeabi_uldivmod.o)
                0x0000000000000178                __aeabi_uldivmod
 .text          0x00000000000001a8        0x4 /home/ash/zephyr-sdk-0.17.0/arm-zephyr-eabi/bin/../lib/gcc/arm-zephyr-eabi/12.2.0/thumb/v7e-m/nofp/libgcc.a(_dvmd_tls.o)
                0x00000000000001a8                __aeabi_ldiv0
                0x00000000000001a8                __aeabi_idiv0
 .text          0x00000000000001ac       0x14 /home/ash/zephyr-sdk-0.17.0/arm-zephyr-eabi/bin/../lib/gcc/../../picolibc/arm-zephyr-eabi/lib/thumb/v7e-m/nofp/libc.a(strcmp.S.o)
                0x00000000000001ac                strcmp
 .text          0x00000000000001c0       0x10 /home/ash/zephyr-sdk-0.17.0/arm-zephyr-eabi/bin/../lib/gcc/../../picolibc/arm-zephyr-eabi/lib/thumb/v7e-m/nofp/libc.a(strcpy.S.o)
                0x00000000000001c0                strcpy
 .text          0x00000000000001d0       0x10 /home/ash/zephyr-sdk-0.17.0/arm-zephyr-eabi/bin/../lib/gcc/../../picolibc/arm-zephyr-eabi/lib/thumb/v7e-m/nofp/libc.a(strlen.S.o)
                0x00000000000001d0                strlen
 .text          0x00000000000001e0      0x2a0 /home/ash/zephyr-sdk-0.17.0/arm-zephyr-eabi/bin/../lib/gcc/arm-zephyr-eabi/12.2.0/thumb/v7e-m/nofp/libgcc.a(_udivmoddi4.o)
                0x00000000000001e0                __udivmoddi4
 *(SORT_BY_ALIGNMENT(.text.*))
 .text.cmd_kernel_uptime
                0x0000000000000480       0xe8 zephyr/libzephyr.a(uptime.c.obj)
 .text.thread_func
                0x0000000000000568       0x1c app/libapp.a(main.c.obj)
                0x0000000000000568                thread_func
 .text.main     0x0000000000000584       0x4c app/libapp.a(main.c.obj)
                0x0000000000000584                main
 .text.char_out
                0x00000000000005d0        0xc zephyr/libzephyr.a(printk.c.obj)
 .text.__printk_hook_install
                0x00000000000005dc        0xc zephyr/libzephyr.a(printk.c.obj)
                0x00000000000005dc                __printk_hook_install
 .text.vprintk  0x00000000000005e8       0x30 zephyr/libzephyr.a(printk.c.obj)
                0x00000000000005e8                vprintk
 .text.z_thread_entry
                0x0000000000000618       0x34 zephyr/libzephyr.a(thread_entry.c.obj)
                0x0000000000000618                z_thread_entry
 .text.mem_attr_get_regions
                0x000000000000064c        0xc zephyr/libzephyr.a(mem_attr.c.obj)
                0x000000000000064c                mem_attr_get_regions
 .text.cmd_kernel_cycles
                0x0000000000000658       0x1c zephyr/libzephyr.a(cycles.c.obj)
 .text.cmd_kernel_sleep
                0x0000000000000674       0x50 zephyr/libzephyr.a(sleep.c.obj)
 .text.cmd_kernel_version
                0x00000000000006c4       0x18 zephyr/libzephyr.a(version.c.obj)
 .text.z_thread_is_valid
                0x00000000000006dc       0x20 zephyr/libzephyr.a(thread.c.obj)
                0x00000000000006dc                z_thread_is_valid
 .text.cmd_kernel_thread_list
                0x00000000000006fc       0x34 zephyr/libzephyr.a(list.c.obj)
 .text.shell_tdata_dump
                0x0000000000000730       0xc0 zephyr/libzephyr.a(list.c.obj)
 .text.cmd_kernel_thread_stacks
                0x00000000000007f0       0x70 zephyr/libzephyr.a(stacks.c.obj)
 .text.shell_stack_dump
                0x0000000000000860       0x60 zephyr/libzephyr.a(stacks.c.obj)
 .text.cmd_kernel_thread_suspend
                0x00000000000008c0       0x64 zephyr/libzephyr.a(suspend.c.obj)
 .text.cmd_kernel_thread_resume
                0x0000000000000924       0x64 zephyr/libzephyr.a(resume.c.obj)
 .text.cmd_kernel_thread_kill
                0x0000000000000988       0x64 zephyr/libzephyr.a(kill.c.obj)
 .text.cmd_device_list
                0x00000000000009ec       0xd8 zephyr/libzephyr.a(device_service.c.obj)
 .text.cmd_devmem
                0x0000000000000ac4       0xc4 zephyr/libzephyr.a(devmem_service.c.obj)
 .text.cmd_dump
                0x0000000000000b88      0x178 zephyr/libzephyr.a(devmem_service.c.obj)
 .text.set_bypass.isra.0
                0x0000000000000d00       0x4c zephyr/libzephyr.a(devmem_service.c.obj)
 .text.bypass_cb
                0x0000000000000d4c      0x114 zephyr/libzephyr.a(devmem_service.c.obj)
 .text.cmd_load
                0x0000000000000e60       0xd8 zephyr/libzephyr.a(devmem_service.c.obj)
 .text.enable_shell_uart
                0x0000000000000f38       0x34 zephyr/libzephyr.a(shell_uart.c.obj)
 .text.init     0x0000000000000f6c       0x54 zephyr/libzephyr.a(shell_uart.c.obj)
 .text.shell_internal_help_print
                0x0000000000000fc0       0x20 zephyr/libzephyr.a(shell.c.obj)
 .text.kill_handler
                0x0000000000000fe0       0x50 zephyr/libzephyr.a(shell.c.obj)
 .text.z_cursor_next_line_move.isra.0
                0x0000000000001030        0xc zephyr/libzephyr.a(shell.c.obj)
 .text.history_handle
                0x000000000000103c       0xac zephyr/libzephyr.a(shell.c.obj)
 .text.execute  0x00000000000010e8      0x2c8 zephyr/libzephyr.a(shell.c.obj)
 .text.state_set.constprop.0
                0x00000000000013b0       0x4c zephyr/libzephyr.a(shell.c.obj)
 .text.shell_process
                0x00000000000013fc      0x69c zephyr/libzephyr.a(shell.c.obj)
                0x00000000000013fc                shell_process
 .text.shell_thread
                0x0000000000001a98       0xd0 zephyr/libzephyr.a(shell.c.obj)
                0x0000000000001a98                shell_thread
 .text.cmd_help
                0x0000000000001b68       0x44 zephyr/libzephyr.a(shell.c.obj)
 .text.shell_hexdump_line
                0x0000000000001bac       0xcc zephyr/libzephyr.a(shell.c.obj)
                0x0000000000001bac                shell_hexdump_line
 .text.shell_init
                0x0000000000001c78       0xe8 zephyr/libzephyr.a(shell.c.obj)
                0x0000000000001c78                shell_init
 .text.z_shell_fprintf_fmt
                0x0000000000001d60       0x28 zephyr/libzephyr.a(shell_fprintf.c.obj)
                0x0000000000001d60                z_shell_fprintf_fmt
 .text.z_shell_cmd_get
                0x0000000000001d88       0x74 zephyr/libzephyr.a(shell_utils.c.obj)
                0x0000000000001d88                z_shell_cmd_get
 .text.shell_strtoul
                0x0000000000001dfc       0x50 zephyr/libzephyr.a(shell_utils.c.obj)
                0x0000000000001dfc                shell_strtoul
 .text.z_clear_eos
                0x0000000000001e4c       0x18 zephyr/libzephyr.a(shell_ops.c.obj)
 .text.z_cursor_next_line_move.isra.0
                0x0000000000001e64        0xc zephyr/libzephyr.a(shell_ops.c.obj)
 .text.z_shell_op_cursor_vert_move
                0x0000000000001e70       0x2c zephyr/libzephyr.a(shell_ops.c.obj)
                0x0000000000001e70                z_shell_op_cursor_vert_move
 .text.z_shell_op_cursor_horiz_move
                0x0000000000001e9c       0x2c zephyr/libzephyr.a(shell_ops.c.obj)
                0x0000000000001e9c                z_shell_op_cursor_horiz_move
 .text.z_shell_print_cmd
                0x0000000000001ec8       0x78 zephyr/libzephyr.a(shell_ops.c.obj)
                0x0000000000001ec8                z_shell_print_cmd
 .text.z_shell_vt100_color_set
                0x0000000000001f40       0x40 zephyr/libzephyr.a(shell_ops.c.obj)
                0x0000000000001f40                z_shell_vt100_color_set
 .text.z_shell_vt100_colors_restore
                0x0000000000001f80       0x3c zephyr/libzephyr.a(shell_ops.c.obj)
                0x0000000000001f80                z_shell_vt100_colors_restore
 .text.z_shell_op_word_remove
                0x0000000000001fbc       0xc8 zephyr/libzephyr.a(shell_ops.c.obj)
                0x0000000000001fbc                z_shell_op_word_remove
 .text.reprint_from_cursor
                0x0000000000002084       0xe0 zephyr/libzephyr.a(shell_ops.c.obj)
 .text.z_shell_op_char_insert
                0x0000000000002164       0x70 zephyr/libzephyr.a(shell_ops.c.obj)
                0x0000000000002164                z_shell_op_char_insert
 .text.z_shell_print_prompt_and_cmd
                0x00000000000021d4       0x30 zephyr/libzephyr.a(shell_ops.c.obj)
                0x00000000000021d4                z_shell_print_prompt_and_cmd
 .text.z_cursor_next_line_move.isra.0
                0x0000000000002204        0xc zephyr/libzephyr.a(shell_help.c.obj)
 .text.z_shell_help_subcmd_print
                0x0000000000002210       0xb4 zephyr/libzephyr.a(shell_help.c.obj)
                0x0000000000002210                z_shell_help_subcmd_print
 .text.z_shell_help_cmd_print
                0x00000000000022c4       0x40 zephyr/libzephyr.a(shell_help.c.obj)
                0x00000000000022c4                z_shell_help_cmd_print
 .text.z_shell_help_request
                0x0000000000002304       0x28 zephyr/libzephyr.a(shell_help.c.obj)
                0x0000000000002304                z_shell_help_request
 .text.cmd_resize_default
                0x000000000000232c       0x2c zephyr/libzephyr.a(shell_cmds.c.obj)
 .text.cmd_shell_stats_show
                0x0000000000002358       0x14 zephyr/libzephyr.a(shell_cmds.c.obj)
 .text.cmd_backends
                0x000000000000236c       0x4c zephyr/libzephyr.a(shell_cmds.c.obj)
 .text.cmd_prompt_off
                0x00000000000023b8       0x10 zephyr/libzephyr.a(shell_cmds.c.obj)
 .text.cmd_history
                0x00000000000023c8       0x40 zephyr/libzephyr.a(shell_cmds.c.obj)
 .text.cmd_get_retval
                0x0000000000002408       0x1c zephyr/libzephyr.a(shell_cmds.c.obj)
 .text.cmd_echo
                0x0000000000002424       0x50 zephyr/libzephyr.a(shell_cmds.c.obj)
 .text.cmd_clear
                0x0000000000002474       0x34 zephyr/libzephyr.a(shell_cmds.c.obj)
 .text.cmd_resize
                0x00000000000024a8      0x1a0 zephyr/libzephyr.a(shell_cmds.c.obj)
 .text.z_shell_wildcard_process
                0x0000000000002648       0xe4 zephyr/libzephyr.a(shell_wildcard.c.obj)
                0x0000000000002648                z_shell_wildcard_process
 .text.z_SysNmiOnReset
                0x000000000000272c        0x8 zephyr/arch/arch/arm/core/libarch__arm__core.a(nmi_on_reset.S.obj)
                0x000000000000272c                z_SysNmiOnReset
 .text.arch_tls_stack_setup
                0x0000000000002734       0x40 zephyr/arch/arch/arm/core/libarch__arm__core.a(tls.c.obj)
                0x0000000000002734                arch_tls_stack_setup
 .text._HandlerModeExit
                0x0000000000002774       0x20 zephyr/arch/arch/arm/core/cortex_m/libarch__arm__core__cortex_m.a(exc_exit.c.obj)
                0x0000000000002774                z_arm_exc_exit
                0x0000000000002774                z_arm_int_exit
 .text.mem_manage_fault
                0x0000000000002794       0xa0 zephyr/arch/arch/arm/core/cortex_m/libarch__arm__core__cortex_m.a(fault.c.obj)
 .text.usage_fault.constprop.0
                0x0000000000002834       0x54 zephyr/arch/arch/arm/core/cortex_m/libarch__arm__core__cortex_m.a(fault.c.obj)
 .text.bus_fault.constprop.0
                0x0000000000002888       0x6c zephyr/arch/arch/arm/core/cortex_m/libarch__arm__core__cortex_m.a(fault.c.obj)
 .text.z_arm_fault
                0x00000000000028f4      0x128 zephyr/arch/arch/arm/core/cortex_m/libarch__arm__core__cortex_m.a(fault.c.obj)
                0x00000000000028f4                z_arm_fault
 .text.z_arm_fault_init
                0x0000000000002a1c       0x18 zephyr/arch/arch/arm/core/cortex_m/libarch__arm__core__cortex_m.a(fault.c.obj)
                0x0000000000002a1c                z_arm_fault_init
 .text.__fault  0x0000000000002a34       0x14 zephyr/arch/arch/arm/core/cortex_m/libarch__arm__core__cortex_m.a(fault_s.S.obj)
                0x0000000000002a34                z_arm_bus_fault
                0x0000000000002a34                z_arm_usage_fault
                0x0000000000002a34                z_arm_mpu_fault
                0x0000000000002a34                z_arm_exc_spurious
                0x0000000000002a34                z_arm_debug_monitor
                0x0000000000002a34                z_arm_hard_fault
 .text._reset_section
                0x0000000000002a48       0x44 zephyr/arch/arch/arm/core/cortex_m/libarch__arm__core__cortex_m.a(reset.S.obj)
                0x0000000000002a48                z_arm_reset
                0x0000000000002a48                __start
 .text.z_impl_k_thread_abort
                0x0000000000002a8c       0x2c zephyr/arch/arch/arm/core/cortex_m/libarch__arm__core__cortex_m.a(thread_abort.c.obj)
                0x0000000000002a8c                z_impl_k_thread_abort
 .text.z_arm_pendsv
                0x0000000000002ab8       0x64 zephyr/arch/arch/arm/core/cortex_m/libarch__arm__core__cortex_m.a(swap_helper.S.obj)
                0x0000000000002ab8                z_arm_pendsv
 .text.z_arm_svc
                0x0000000000002b1c       0x24 zephyr/arch/arch/arm/core/cortex_m/libarch__arm__core__cortex_m.a(swap_helper.S.obj)
                0x0000000000002b1c                z_arm_svc
 .text.__NVIC_SetPriority
                0x0000000000002b40       0x28 zephyr/arch/arch/arm/core/cortex_m/libarch__arm__core__cortex_m.a(irq_manage.c.obj)
 .text.arm_irq_enable
                0x0000000000002b68       0x1c zephyr/arch/arch/arm/core/cortex_m/libarch__arm__core__cortex_m.a(irq_manage.c.obj)
                0x0000000000002b68                arm_irq_enable
 .text.relocate_vector_table
                0x0000000000002b84       0x1c zephyr/arch/arch/arm/core/cortex_m/libarch__arm__core__cortex_m.a(prep_c.c.obj)
                0x0000000000002b84                relocate_vector_table
 .text.z_prep_c
                0x0000000000002ba0       0x38 zephyr/arch/arch/arm/core/cortex_m/libarch__arm__core__cortex_m.a(prep_c.c.obj)
                0x0000000000002ba0                z_prep_c
 .text.arch_new_thread
                0x0000000000002bd8       0x38 zephyr/arch/arch/arm/core/cortex_m/libarch__arm__core__cortex_m.a(thread.c.obj)
                0x0000000000002bd8                arch_new_thread
 .text.z_check_thread_stack_fail
                0x0000000000002c10       0x30 zephyr/arch/arch/arm/core/cortex_m/libarch__arm__core__cortex_m.a(thread.c.obj)
                0x0000000000002c10                z_check_thread_stack_fail
 .text.arch_switch_to_main_thread
                0x0000000000002c40       0x40 zephyr/arch/arch/arm/core/cortex_m/libarch__arm__core__cortex_m.a(thread.c.obj)
                0x0000000000002c40                arch_switch_to_main_thread
 .text.z_arm_cpu_idle_init
                0x0000000000002c80        0xc zephyr/arch/arch/arm/core/cortex_m/libarch__arm__core__cortex_m.a(cpu_idle.c.obj)
                0x0000000000002c80                z_arm_cpu_idle_init
 .text.z_arm_interrupt_init
                0x0000000000002c8c       0x18 zephyr/arch/arch/arm/core/cortex_m/libarch__arm__core__cortex_m.a(irq_init.c.obj)
                0x0000000000002c8c                z_arm_interrupt_init
 .text._isr_wrapper
                0x0000000000002ca4       0x24 zephyr/arch/arch/arm/core/cortex_m/libarch__arm__core__cortex_m.a(isr_wrapper.c.obj)
                0x0000000000002ca4                _isr_wrapper
 .text.z_arm_configure_static_mpu_regions
                0x0000000000002cc8       0x18 zephyr/arch/arch/arm/core/mpu/libarch__arm__core__mpu.a(arm_core_mpu.c.obj)
                0x0000000000002cc8                z_arm_configure_static_mpu_regions
 .text.z_arm_configure_dynamic_mpu_regions
                0x0000000000002ce0       0x24 zephyr/arch/arch/arm/core/mpu/libarch__arm__core__mpu.a(arm_core_mpu.c.obj)
                0x0000000000002ce0                z_arm_configure_dynamic_mpu_regions
 .text.region_init
                0x0000000000002d04       0x28 zephyr/arch/arch/arm/core/mpu/libarch__arm__core__mpu.a(arm_mpu.c.obj)
 .text.mpu_configure_regions
                0x0000000000002d2c       0x6c zephyr/arch/arch/arm/core/mpu/libarch__arm__core__mpu.a(arm_mpu.c.obj)
 .text.arm_core_mpu_enable
                0x0000000000002d98       0x18 zephyr/arch/arch/arm/core/mpu/libarch__arm__core__mpu.a(arm_mpu.c.obj)
                0x0000000000002d98                arm_core_mpu_enable
 .text.arm_core_mpu_disable
                0x0000000000002db0       0x14 zephyr/arch/arch/arm/core/mpu/libarch__arm__core__mpu.a(arm_mpu.c.obj)
                0x0000000000002db0                arm_core_mpu_disable
 .text.arm_core_mpu_configure_static_mpu_regions
                0x0000000000002dc4       0x14 zephyr/arch/arch/arm/core/mpu/libarch__arm__core__mpu.a(arm_mpu.c.obj)
                0x0000000000002dc4                arm_core_mpu_configure_static_mpu_regions
 .text.arm_core_mpu_configure_dynamic_mpu_regions
                0x0000000000002dd8       0x38 zephyr/arch/arch/arm/core/mpu/libarch__arm__core__mpu.a(arm_mpu.c.obj)
                0x0000000000002dd8                arm_core_mpu_configure_dynamic_mpu_regions
 .text.z_arm_mpu_init
                0x0000000000002e10      0x168 zephyr/arch/arch/arm/core/mpu/libarch__arm__core__mpu.a(arm_mpu.c.obj)
                0x0000000000002e10                z_arm_mpu_init
 .text.cbvprintf
                0x0000000000002f78       0x38 zephyr/lib/libc/picolibc/liblib__libc__picolibc.a(cbprintf.c.obj)
                0x0000000000002f78                cbvprintf
 .text.z_impl_zephyr_fputc
                0x0000000000002fb0       0x10 zephyr/lib/libc/picolibc/liblib__libc__picolibc.a(stdio.c.obj)
                0x0000000000002fb0                z_impl_zephyr_fputc
 .text.__stdout_hook_install
                0x0000000000002fc0       0x18 zephyr/lib/libc/picolibc/liblib__libc__picolibc.a(stdio.c.obj)
                0x0000000000002fc0                __stdout_hook_install
 .text.malloc_prepare
                0x0000000000002fd8       0x24 zephyr/lib/libc/common/liblib__libc__common.a(malloc.c.obj)
 .text.getopt_init
                0x0000000000002ffc       0x48 zephyr/lib/posix/options/liblib__posix__options.a(getopt.c.obj)
                0x0000000000002ffc                getopt_init
 .text.getopt   0x0000000000003044       0xf8 zephyr/lib/posix/options/liblib__posix__options.a(getopt.c.obj)
                0x0000000000003044                getopt
 .text.z_getopt_global_state_update
                0x000000000000313c       0x34 zephyr/lib/posix/options/liblib__posix__options.a(getopt_common.c.obj)
                0x000000000000313c                z_getopt_global_state_update
 .text.getopt_state_get
                0x0000000000003170        0x8 zephyr/lib/posix/options/liblib__posix__options.a(getopt_common.c.obj)
                0x0000000000003170                getopt_state_get
 .text.board_antenna_init
                0x0000000000003178       0x2c zephyr/boards/beagle/beagleconnect_freedom/libboards__beagle__beagleconnect_freedom.a(board_antenna.c.obj)
 .text.uart_console_init
                0x00000000000031a4       0x28 zephyr/drivers/console/libdrivers__console.a(uart_console.c.obj)
 .text.console_out
                0x00000000000031cc       0x28 zephyr/drivers/console/libdrivers__console.a(uart_console.c.obj)
 .text.gpio_cc13xx_cc26xx_config
                0x00000000000031f4       0xe0 zephyr/drivers/gpio/libdrivers__gpio.a(gpio_cc13xx_cc26xx.c.obj)
 .text.gpio_cc13xx_cc26xx_port_get_raw
                0x00000000000032d4       0x10 zephyr/drivers/gpio/libdrivers__gpio.a(gpio_cc13xx_cc26xx.c.obj)
 .text.gpio_cc13xx_cc26xx_port_set_masked_raw
                0x00000000000032e4       0x1c zephyr/drivers/gpio/libdrivers__gpio.a(gpio_cc13xx_cc26xx.c.obj)
 .text.gpio_cc13xx_cc26xx_port_set_bits_raw
                0x0000000000003300       0x10 zephyr/drivers/gpio/libdrivers__gpio.a(gpio_cc13xx_cc26xx.c.obj)
 .text.gpio_cc13xx_cc26xx_port_clear_bits_raw
                0x0000000000003310       0x10 zephyr/drivers/gpio/libdrivers__gpio.a(gpio_cc13xx_cc26xx.c.obj)
 .text.gpio_cc13xx_cc26xx_port_toggle_bits
                0x0000000000003320       0x10 zephyr/drivers/gpio/libdrivers__gpio.a(gpio_cc13xx_cc26xx.c.obj)
 .text.gpio_cc13xx_cc26xx_get_pending_int
                0x0000000000003330        0xc zephyr/drivers/gpio/libdrivers__gpio.a(gpio_cc13xx_cc26xx.c.obj)
 .text.gpio_cc13xx_cc26xx_init
                0x000000000000333c       0x64 zephyr/drivers/gpio/libdrivers__gpio.a(gpio_cc13xx_cc26xx.c.obj)
 .text.gpio_cc13xx_cc26xx_isr
                0x00000000000033a0       0x38 zephyr/drivers/gpio/libdrivers__gpio.a(gpio_cc13xx_cc26xx.c.obj)
 .text.uart_cc13xx_cc26xx_configure
                0x00000000000033d8       0xc0 zephyr/drivers/serial/libdrivers__serial.a(uart_cc13xx_cc26xx.c.obj)
 .text.uart_cc13xx_cc26xx_init_1
                0x0000000000003498       0x8c zephyr/drivers/serial/libdrivers__serial.a(uart_cc13xx_cc26xx.c.obj)
 .text.uart_cc13xx_cc26xx_init_0
                0x0000000000003524       0x8c zephyr/drivers/serial/libdrivers__serial.a(uart_cc13xx_cc26xx.c.obj)
 .text.rtc_isr  0x00000000000035b0       0x68 zephyr/drivers/timer/libdrivers__timer.a(cc13xx_cc26xx_rtc_timer.c.obj)
                0x00000000000035b0                rtc_isr
 .text.sys_clock_driver_init
                0x0000000000003618       0x9c zephyr/drivers/timer/libdrivers__timer.a(cc13xx_cc26xx_rtc_timer.c.obj)
 .text.sys_clock_set_timeout
                0x00000000000036b4       0xcc zephyr/drivers/timer/libdrivers__timer.a(cc13xx_cc26xx_rtc_timer.c.obj)
                0x00000000000036b4                sys_clock_set_timeout
 .text.sys_clock_elapsed
                0x0000000000003780       0x28 zephyr/drivers/timer/libdrivers__timer.a(cc13xx_cc26xx_rtc_timer.c.obj)
                0x0000000000003780                sys_clock_elapsed
 .text.TrimAfterColdResetWakeupFromShutDown
                0x00000000000037a8       0xc8 modules/ti/simplelink/source/ti/devices/cc13x2x7_cc26x2x7/lib..__modules__hal__ti__simplelink__source__ti__devices__cc13x2x7_cc26x2x7.a(setup.c.obj)
 .text.NOROM_SetupTrimDevice
                0x0000000000003870       0xc8 modules/ti/simplelink/source/ti/devices/cc13x2x7_cc26x2x7/lib..__modules__hal__ti__simplelink__source__ti__devices__cc13x2x7_cc26x2x7.a(setup.c.obj)
                0x0000000000003870                NOROM_SetupTrimDevice
 .text.NOROM_ChipInfo_GetChipFamily
                0x0000000000003938       0x20 modules/ti/simplelink/source/ti/devices/cc13x2x7_cc26x2x7/lib..__modules__hal__ti__simplelink__source__ti__devices__cc13x2x7_cc26x2x7.a(chipinfo.c.obj)
                0x0000000000003938                NOROM_ChipInfo_GetChipFamily
 .text.NOROM_AUXSYSIFOpModeChange
                0x0000000000003958       0x38 modules/ti/simplelink/source/ti/devices/cc13x2x7_cc26x2x7/lib..__modules__hal__ti__simplelink__source__ti__devices__cc13x2x7_cc26x2x7.a(aux_sysif.c.obj)
                0x0000000000003958                NOROM_AUXSYSIFOpModeChange
 .text.NOROM_PRCMPowerDomainsAllOn
                0x0000000000003990       0x40 modules/ti/simplelink/source/ti/devices/cc13x2x7_cc26x2x7/lib..__modules__hal__ti__simplelink__source__ti__devices__cc13x2x7_cc26x2x7.a(prcm.c.obj)
                0x0000000000003990                NOROM_PRCMPowerDomainsAllOn
 .text.z_impl_k_busy_wait
                0x00000000000039d0       0x38 zephyr/kernel/libkernel.a(busy_wait.c.obj)
                0x00000000000039d0                z_impl_k_busy_wait
 .text.z_device_get_all_static
                0x0000000000003a08       0x18 zephyr/kernel/libkernel.a(device.c.obj)
                0x0000000000003a08                z_device_get_all_static
 .text.z_fatal_error
                0x0000000000003a20       0x30 zephyr/kernel/libkernel.a(fatal.c.obj)
                0x0000000000003a20                z_fatal_error
 .text.z_sys_init_run_level
                0x0000000000003a50       0x30 zephyr/kernel/libkernel.a(init.c.obj)
 .text.bg_thread_main
                0x0000000000003a80       0xc4 zephyr/kernel/libkernel.a(init.c.obj)
 .text.z_bss_zero
                0x0000000000003b44       0x18 zephyr/kernel/libkernel.a(init.c.obj)
                0x0000000000003b44                z_bss_zero
 .text.z_init_cpu
                0x0000000000003b5c       0x78 zephyr/kernel/libkernel.a(init.c.obj)
                0x0000000000003b5c                z_init_cpu
 .text.z_cstart
                0x0000000000003bd4       0xd4 zephyr/kernel/libkernel.a(init.c.obj)
                0x0000000000003bd4                z_cstart
 .text.init_mem_slab_obj_core_list
                0x0000000000003ca8       0x24 zephyr/kernel/libkernel.a(mem_slab.c.obj)
 .text.z_impl_k_mutex_lock
                0x0000000000003ccc       0xf0 zephyr/kernel/libkernel.a(mutex.c.obj)
                0x0000000000003ccc                z_impl_k_mutex_lock
 .text.z_impl_k_mutex_unlock
                0x0000000000003dbc       0xa0 zephyr/kernel/libkernel.a(mutex.c.obj)
                0x0000000000003dbc                z_impl_k_mutex_unlock
 .text.z_impl_k_sem_give
                0x0000000000003e5c       0x74 zephyr/kernel/libkernel.a(sem.c.obj)
                0x0000000000003e5c                z_impl_k_sem_give
 .text.z_impl_k_thread_name_set
                0x0000000000003ed0       0x20 zephyr/kernel/libkernel.a(thread.c.obj)
                0x0000000000003ed0                z_impl_k_thread_name_set
 .text.k_thread_state_str
                0x0000000000003ef0       0x84 zephyr/kernel/libkernel.a(thread.c.obj)
                0x0000000000003ef0                k_thread_state_str
 .text.z_setup_new_thread
                0x0000000000003f74       0xf8 zephyr/kernel/libkernel.a(thread.c.obj)
                0x0000000000003f74                z_setup_new_thread
 .text.z_impl_k_thread_create
                0x000000000000406c       0x58 zephyr/kernel/libkernel.a(thread.c.obj)
                0x000000000000406c                z_impl_k_thread_create
 .text.z_dummy_thread_init
                0x00000000000040c4       0x1c zephyr/kernel/libkernel.a(thread.c.obj)
                0x00000000000040c4                z_dummy_thread_init
 .text.z_swap_irqlock
                0x00000000000040e0       0x34 zephyr/kernel/libkernel.a(sched.c.obj)
 .text.ready_thread
                0x0000000000004114       0x84 zephyr/kernel/libkernel.a(sched.c.obj)
 .text.unready_thread
                0x0000000000004198       0x54 zephyr/kernel/libkernel.a(sched.c.obj)
 .text.move_thread_to_end_of_prio_q
                0x00000000000041ec       0x90 zephyr/kernel/libkernel.a(sched.c.obj)
                0x00000000000041ec                move_thread_to_end_of_prio_q
 .text.z_impl_k_thread_suspend
                0x000000000000427c       0xf0 zephyr/kernel/libkernel.a(sched.c.obj)
                0x000000000000427c                z_impl_k_thread_suspend
 .text.z_pend_curr
                0x000000000000436c       0x58 zephyr/kernel/libkernel.a(sched.c.obj)
                0x000000000000436c                z_pend_curr
 .text.z_thread_prio_set
                0x00000000000043c4       0xe4 zephyr/kernel/libkernel.a(sched.c.obj)
                0x00000000000043c4                z_thread_prio_set
 .text.z_reschedule
                0x00000000000044a8       0x24 zephyr/kernel/libkernel.a(sched.c.obj)
                0x00000000000044a8                z_reschedule
 .text.z_impl_k_thread_resume
                0x00000000000044cc       0x3c zephyr/kernel/libkernel.a(sched.c.obj)
                0x00000000000044cc                z_impl_k_thread_resume
 .text.z_reschedule_irqlock
                0x0000000000004508       0x28 zephyr/kernel/libkernel.a(sched.c.obj)
                0x0000000000004508                z_reschedule_irqlock
 .text.k_sched_lock
                0x0000000000004530       0x28 zephyr/kernel/libkernel.a(sched.c.obj)
                0x0000000000004530                k_sched_lock
 .text.k_sched_unlock
                0x0000000000004558       0x68 zephyr/kernel/libkernel.a(sched.c.obj)
                0x0000000000004558                k_sched_unlock
 .text.z_sched_init
                0x00000000000045c0       0x10 zephyr/kernel/libkernel.a(sched.c.obj)
                0x00000000000045c0                z_sched_init
 .text.z_impl_k_yield
                0x00000000000045d0       0x88 zephyr/kernel/libkernel.a(sched.c.obj)
                0x00000000000045d0                z_impl_k_yield
 .text.z_tick_sleep
                0x0000000000004658       0x80 zephyr/kernel/libkernel.a(sched.c.obj)
 .text.z_impl_k_wakeup
                0x00000000000046d8       0x48 zephyr/kernel/libkernel.a(sched.c.obj)
                0x00000000000046d8                z_impl_k_wakeup
 .text.z_impl_k_sched_current_thread_query
                0x0000000000004720        0xc zephyr/kernel/libkernel.a(sched.c.obj)
                0x0000000000004720                z_impl_k_sched_current_thread_query
 .text.z_thread_abort
                0x000000000000472c      0x140 zephyr/kernel/libkernel.a(sched.c.obj)
                0x000000000000472c                z_thread_abort
 .text.z_sched_wait
                0x000000000000486c       0x24 zephyr/kernel/libkernel.a(sched.c.obj)
                0x000000000000486c                z_sched_wait
 .text.slice_timeout
                0x0000000000004890       0x20 zephyr/kernel/libkernel.a(timeslicing.c.obj)
 .text.thread_is_sliceable
                0x00000000000048b0       0x3c zephyr/kernel/libkernel.a(timeslicing.c.obj)
                0x00000000000048b0                thread_is_sliceable
 .text.z_reset_time_slice
                0x00000000000048ec       0x50 zephyr/kernel/libkernel.a(timeslicing.c.obj)
                0x00000000000048ec                z_reset_time_slice
 .text.z_time_slice
                0x000000000000493c       0x60 zephyr/kernel/libkernel.a(timeslicing.c.obj)
                0x000000000000493c                z_time_slice
 .text.z_thread_monitor_exit
                0x000000000000499c       0x3c zephyr/kernel/libkernel.a(thread_monitor.c.obj)
                0x000000000000499c                z_thread_monitor_exit
 .text.k_thread_foreach
                0x00000000000049d8       0x34 zephyr/kernel/libkernel.a(thread_monitor.c.obj)
                0x00000000000049d8                k_thread_foreach
 .text.k_thread_foreach_unlocked
                0x0000000000004a0c       0x48 zephyr/kernel/libkernel.a(thread_monitor.c.obj)
                0x0000000000004a0c                k_thread_foreach_unlocked
 .text.z_data_copy
                0x0000000000004a54       0x38 zephyr/kernel/libkernel.a(xip.c.obj)
                0x0000000000004a54                z_data_copy
 .text.first    0x0000000000004a8c       0x10 zephyr/kernel/libkernel.a(timeout.c.obj)
 .text.elapsed  0x0000000000004a9c       0x14 zephyr/kernel/libkernel.a(timeout.c.obj)
 .text.remove_timeout
                0x0000000000004ab0       0x38 zephyr/kernel/libkernel.a(timeout.c.obj)
 .text.z_add_timeout
                0x0000000000004ae8      0x104 zephyr/kernel/libkernel.a(timeout.c.obj)
                0x0000000000004ae8                z_add_timeout
 .text.sys_clock_announce
                0x0000000000004bec       0xc0 zephyr/kernel/libkernel.a(timeout.c.obj)
                0x0000000000004bec                sys_clock_announce
 .text.sys_clock_tick_get
                0x0000000000004cac       0x30 zephyr/kernel/libkernel.a(timeout.c.obj)
                0x0000000000004cac                sys_clock_tick_get
 .text.clear_event_registrations
                0x0000000000004cdc       0x60 zephyr/kernel/libkernel.a(poll.c.obj)
 .text.z_impl_k_poll
                0x0000000000004d3c       0xb0 zephyr/kernel/libkernel.a(poll.c.obj)
                0x0000000000004d3c                z_impl_k_poll
 .text.z_impl_k_poll_signal_raise
                0x0000000000004dec       0x50 zephyr/kernel/libkernel.a(poll.c.obj)
                0x0000000000004dec                z_impl_k_poll_signal_raise
 .text.boot_banner
                0x0000000000004e3c        0xc zephyr/kernel/libkernel.a(banner.c.obj)
                0x0000000000004e3c                boot_banner
 .text.k_sys_work_q_init
                0x0000000000004e48       0x2c zephyr/kernel/libkernel.a(system_work_q.c.obj)
 .text.work_queue_main
                0x0000000000004e74      0x14c zephyr/kernel/libkernel.a(work.c.obj)
 .text.submit_to_queue_locked
                0x0000000000004fc0       0xb4 zephyr/kernel/libkernel.a(work.c.obj)
 .text.k_work_queue_start
                0x0000000000005074       0x7c zephyr/kernel/libkernel.a(work.c.obj)
                0x0000000000005074                k_work_queue_start
 .text.snprintf
                0x00000000000050f0       0x58 /home/ash/zephyr-sdk-0.17.0/arm-zephyr-eabi/bin/../lib/gcc/../../picolibc/arm-zephyr-eabi/lib/thumb/v7e-m/nofp/libc.a(libc_tinystdio_snprintf.c.o)
                0x00000000000050f0                snprintf
 .text.strtoul  0x0000000000005148       0xcc /home/ash/zephyr-sdk-0.17.0/arm-zephyr-eabi/bin/../lib/gcc/../../picolibc/arm-zephyr-eabi/lib/thumb/v7e-m/nofp/libc.a(libc_tinystdio_strtoul.c.o)
                0x0000000000005148                strtoul
 .text.__l_vfprintf
                0x0000000000005214      0x4b8 /home/ash/zephyr-sdk-0.17.0/arm-zephyr-eabi/bin/../lib/gcc/../../picolibc/arm-zephyr-eabi/lib/thumb/v7e-m/nofp/libc.a(libc_tinystdio_vflprintf.c.o)
                0x0000000000005214                __l_vfprintf
 .text._OffsetAbsSyms
                0x00000000000056cc        0x2 zephyr/CMakeFiles/offsets.dir/./arch/arm/core/offsets/offsets.c.obj
                0x00000000000056cc                _OffsetAbsSyms
 .text.chunk_size
                0x00000000000056ce        0xa zephyr/libzephyr.a(heap.c.obj)
 .text.free_list_add
                0x00000000000056d8       0x4e zephyr/libzephyr.a(heap.c.obj)
 .text.sys_heap_init
                0x0000000000005726       0x7a zephyr/libzephyr.a(heap.c.obj)
                0x0000000000005726                sys_heap_init
 .text.arch_printk_char_out
                0x00000000000057a0        0x4 zephyr/libzephyr.a(printk.c.obj)
                0x00000000000057a0                arch_printk_char_out
 .text.printk   0x00000000000057a4       0x1a zephyr/libzephyr.a(printk.c.obj)
                0x00000000000057a4                printk
 .text.ring_buf_area_claim
                0x00000000000057be       0x30 zephyr/libzephyr.a(ring_buffer.c.obj)
                0x00000000000057be                ring_buf_area_claim
 .text.ring_buf_put_claim
                0x00000000000057ee       0x1e zephyr/libzephyr.a(ring_buffer.c.obj)
 .text.ring_buf_get_claim
                0x000000000000580c       0x1e zephyr/libzephyr.a(ring_buffer.c.obj)
 .text.ring_buf_area_finish
                0x000000000000582a       0x32 zephyr/libzephyr.a(ring_buffer.c.obj)
                0x000000000000582a                ring_buf_area_finish
 .text.ring_buf_put
                0x000000000000585c       0x40 zephyr/libzephyr.a(ring_buffer.c.obj)
                0x000000000000585c                ring_buf_put
 .text.ring_buf_get
                0x000000000000589c       0x44 zephyr/libzephyr.a(ring_buffer.c.obj)
                0x000000000000589c                ring_buf_get
 .text._ConfigAbsSyms
                0x00000000000058e0        0x2 zephyr/libzephyr.a(configs.c.obj)
                0x00000000000058e0                _ConfigAbsSyms
 .text.soc_early_init_hook
                0x00000000000058e2        0x4 zephyr/libzephyr.a(soc.c.obj)
                0x00000000000058e2                soc_early_init_hook
 .text.thread_valid_cb
                0x00000000000058e6        0xc zephyr/libzephyr.a(thread.c.obj)
 .text.uart_irq_tx_disable
                0x00000000000058f2        0xa zephyr/libzephyr.a(shell_uart.c.obj)
 .text.enable   0x00000000000058fc       0x12 zephyr/libzephyr.a(shell_uart.c.obj)
 .text.read_uart
                0x000000000000590e       0x12 zephyr/libzephyr.a(shell_uart.c.obj)
 .text.uninit   0x0000000000005920       0x20 zephyr/libzephyr.a(shell_uart.c.obj)
 .text.write_uart
                0x0000000000005940       0x6c zephyr/libzephyr.a(shell_uart.c.obj)
 .text.uart_callback
                0x00000000000059ac      0x112 zephyr/libzephyr.a(shell_uart.c.obj)
 .text.cmd_buffer_clear
                0x0000000000005abe       0x16 zephyr/libzephyr.a(shell.c.obj)
 .text.atomic_or
                0x0000000000005ad4       0x1e zephyr/libzephyr.a(shell.c.obj)
 .text.atomic_and
                0x0000000000005af2       0x1e zephyr/libzephyr.a(shell.c.obj)
 .text.k_mutex_lock
                0x0000000000005b10        0x4 zephyr/libzephyr.a(shell.c.obj)
 .text.shell_signal_handle
                0x0000000000005b14       0x2c zephyr/libzephyr.a(shell.c.obj)
 .text.z_shell_raw_fprintf
                0x0000000000005b40       0x1a zephyr/libzephyr.a(shell.c.obj)
 .text.z_shell_strlen
                0x0000000000005b5a        0xc zephyr/libzephyr.a(shell.c.obj)
 .text.transport_evt_handler
                0x0000000000005b66       0x14 zephyr/libzephyr.a(shell.c.obj)
 .text.z_flag_cmd_ctx_set.isra.0
                0x0000000000005b7a       0x16 zephyr/libzephyr.a(shell.c.obj)
 .text.z_flag_history_exit_set.isra.0
                0x0000000000005b90       0x14 zephyr/libzephyr.a(shell.c.obj)
 .text.z_flag_insert_mode_set.isra.0
                0x0000000000005ba4       0x1e zephyr/libzephyr.a(shell.c.obj)
 .text.k_mutex_unlock.isra.0
                0x0000000000005bc2        0x4 zephyr/libzephyr.a(shell.c.obj)
 .text.shell_start
                0x0000000000005bc6       0x52 zephyr/libzephyr.a(shell.c.obj)
                0x0000000000005bc6                shell_start
 .text.shell_vfprintf
                0x0000000000005c18       0x8c zephyr/libzephyr.a(shell.c.obj)
                0x0000000000005c18                shell_vfprintf
 .text.shell_fprintf_impl
                0x0000000000005ca4       0x1a zephyr/libzephyr.a(shell.c.obj)
                0x0000000000005ca4                shell_fprintf_impl
 .text.shell_fprintf_normal
                0x0000000000005cbe       0x1c zephyr/libzephyr.a(shell.c.obj)
                0x0000000000005cbe                shell_fprintf_normal
 .text.shell_fprintf_warn
                0x0000000000005cda       0x1c zephyr/libzephyr.a(shell.c.obj)
                0x0000000000005cda                shell_fprintf_warn
 .text.shell_fprintf_error
                0x0000000000005cf6       0x1c zephyr/libzephyr.a(shell.c.obj)
                0x0000000000005cf6                shell_fprintf_error
 .text.shell_prompt_change
                0x0000000000005d12       0x5c zephyr/libzephyr.a(shell.c.obj)
                0x0000000000005d12                shell_prompt_change
 .text.shell_get_return_value
                0x0000000000005d6e       0x10 zephyr/libzephyr.a(shell.c.obj)
                0x0000000000005d6e                shell_get_return_value
 .text.shell_set_bypass
                0x0000000000005d7e        0xc zephyr/libzephyr.a(shell.c.obj)
                0x0000000000005d7e                shell_set_bypass
 .text.z_shell_fprintf_buffer_flush
                0x0000000000005d8a       0x18 zephyr/libzephyr.a(shell_fprintf.c.obj)
                0x0000000000005d8a                z_shell_fprintf_buffer_flush
 .text.out_func
                0x0000000000005da2       0x3c zephyr/libzephyr.a(shell_fprintf.c.obj)
 .text.z_shell_strlen
                0x0000000000005dde        0xc zephyr/libzephyr.a(shell_utils.c.obj)
 .text.z_column_span_with_buffer_offsets_get
                0x0000000000005dea       0x1e zephyr/libzephyr.a(shell_utils.c.obj)
                0x0000000000005dea                z_column_span_with_buffer_offsets_get
 .text.z_row_span_with_buffer_offsets_get
                0x0000000000005e08       0x16 zephyr/libzephyr.a(shell_utils.c.obj)
                0x0000000000005e08                z_row_span_with_buffer_offsets_get
 .text.z_shell_multiline_data_calc
                0x0000000000005e1e       0x2c zephyr/libzephyr.a(shell_utils.c.obj)
                0x0000000000005e1e                z_shell_multiline_data_calc
 .text.z_shell_make_argv
                0x0000000000005e4a      0x1a0 zephyr/libzephyr.a(shell_utils.c.obj)
                0x0000000000005e4a                z_shell_make_argv
 .text.z_shell_pattern_remove
                0x0000000000005fea       0x4e zephyr/libzephyr.a(shell_utils.c.obj)
                0x0000000000005fea                z_shell_pattern_remove
 .text.z_shell_find_cmd
                0x0000000000006038       0x56 zephyr/libzephyr.a(shell_utils.c.obj)
                0x0000000000006038                z_shell_find_cmd
 .text.z_shell_get_last_command
                0x000000000000608e       0x5c zephyr/libzephyr.a(shell_utils.c.obj)
                0x000000000000608e                z_shell_get_last_command
 .text.z_shell_spaces_trim
                0x00000000000060ea       0x62 zephyr/libzephyr.a(shell_utils.c.obj)
                0x00000000000060ea                z_shell_spaces_trim
 .text.z_shell_cmd_trim
                0x000000000000614c       0x76 zephyr/libzephyr.a(shell_utils.c.obj)
                0x000000000000614c                z_shell_cmd_trim
 .text.z_shell_raw_fprintf
                0x00000000000061c2       0x1a zephyr/libzephyr.a(shell_ops.c.obj)
 .text.full_line_cmd.isra.0
                0x00000000000061dc       0x24 zephyr/libzephyr.a(shell_ops.c.obj)
 .text.z_shell_cursor_in_empty_line
                0x0000000000006200       0x2e zephyr/libzephyr.a(shell_ops.c.obj)
                0x0000000000006200                z_shell_cursor_in_empty_line
 .text.z_shell_op_cond_next_line
                0x000000000000622e       0x1e zephyr/libzephyr.a(shell_ops.c.obj)
                0x000000000000622e                z_shell_op_cond_next_line
 .text.z_shell_op_cursor_position_synchronize
                0x000000000000624c       0x4a zephyr/libzephyr.a(shell_ops.c.obj)
                0x000000000000624c                z_shell_op_cursor_position_synchronize
 .text.z_shell_op_cursor_move
                0x0000000000006296       0x52 zephyr/libzephyr.a(shell_ops.c.obj)
                0x0000000000006296                z_shell_op_cursor_move
 .text.z_shell_op_cursor_word_move
                0x00000000000062e8       0x7c zephyr/libzephyr.a(shell_ops.c.obj)
                0x00000000000062e8                z_shell_op_cursor_word_move
 .text.z_shell_op_cursor_home_move
                0x0000000000006364        0xe zephyr/libzephyr.a(shell_ops.c.obj)
                0x0000000000006364                z_shell_op_cursor_home_move
 .text.z_shell_op_cursor_end_move
                0x0000000000006372       0x12 zephyr/libzephyr.a(shell_ops.c.obj)
                0x0000000000006372                z_shell_op_cursor_end_move
 .text.z_shell_op_left_arrow
                0x0000000000006384       0x12 zephyr/libzephyr.a(shell_ops.c.obj)
                0x0000000000006384                z_shell_op_left_arrow
 .text.z_shell_op_right_arrow
                0x0000000000006396       0x16 zephyr/libzephyr.a(shell_ops.c.obj)
                0x0000000000006396                z_shell_op_right_arrow
 .text.z_shell_op_delete_from_cursor
                0x00000000000063ac       0x1c zephyr/libzephyr.a(shell_ops.c.obj)
                0x00000000000063ac                z_shell_op_delete_from_cursor
 .text.z_shell_cmd_line_erase
                0x00000000000063c8       0x38 zephyr/libzephyr.a(shell_ops.c.obj)
                0x00000000000063c8                z_shell_cmd_line_erase
 .text.z_shell_write
                0x0000000000006400       0x88 zephyr/libzephyr.a(shell_ops.c.obj)
                0x0000000000006400                z_shell_write
 .text.z_shell_print_stream
                0x0000000000006488        0x4 zephyr/libzephyr.a(shell_ops.c.obj)
                0x0000000000006488                z_shell_print_stream
 .text.z_shell_vfprintf
                0x000000000000648c       0x4a zephyr/libzephyr.a(shell_ops.c.obj)
                0x000000000000648c                z_shell_vfprintf
 .text.z_shell_fprintf
                0x00000000000064d6       0x1a zephyr/libzephyr.a(shell_ops.c.obj)
                0x00000000000064d6                z_shell_fprintf
 .text.data_insert
                0x00000000000064f0       0x74 zephyr/libzephyr.a(shell_ops.c.obj)
 .text.z_shell_op_completion_insert
                0x0000000000006564        0x4 zephyr/libzephyr.a(shell_ops.c.obj)
                0x0000000000006564                z_shell_op_completion_insert
 .text.z_shell_op_char_delete
                0x0000000000006568       0x3e zephyr/libzephyr.a(shell_ops.c.obj)
                0x0000000000006568                z_shell_op_char_delete
 .text.z_shell_op_char_backspace
                0x00000000000065a6       0x26 zephyr/libzephyr.a(shell_ops.c.obj)
                0x00000000000065a6                z_shell_op_char_backspace
 .text.z_shell_backend_rx_buffer_flush
                0x00000000000065cc       0x2a zephyr/libzephyr.a(shell_ops.c.obj)
                0x00000000000065cc                z_shell_backend_rx_buffer_flush
 .text.z_shell_raw_fprintf
                0x00000000000065f6       0x1a zephyr/libzephyr.a(shell_help.c.obj)
 .text.formatted_text_print.constprop.0
                0x0000000000006610       0xe2 zephyr/libzephyr.a(shell_help.c.obj)
 .text.cmd_comment
                0x00000000000066f2        0x4 zephyr/libzephyr.a(shell_cmds.c.obj)
 .text.cmd_shell_stats_reset
                0x00000000000066f6        0x8 zephyr/libzephyr.a(shell_cmds.c.obj)
 .text.z_shell_raw_fprintf
                0x00000000000066fe       0x1a zephyr/libzephyr.a(shell_cmds.c.obj)
 .text.cmd_prompt_on
                0x0000000000006718        0xc zephyr/libzephyr.a(shell_cmds.c.obj)
 .text.cmd_vt100_off
                0x0000000000006724       0x22 zephyr/libzephyr.a(shell_cmds.c.obj)
 .text.cmd_bacskpace_mode_delete
                0x0000000000006746       0x22 zephyr/libzephyr.a(shell_cmds.c.obj)
 .text.cmd_colors_off
                0x0000000000006768       0x22 zephyr/libzephyr.a(shell_cmds.c.obj)
 .text.cmd_bacskpace_mode_backspace
                0x000000000000678a       0x22 zephyr/libzephyr.a(shell_cmds.c.obj)
 .text.cmd_echo_off
                0x00000000000067ac       0x22 zephyr/libzephyr.a(shell_cmds.c.obj)
 .text.cmd_colors_on
                0x00000000000067ce       0x22 zephyr/libzephyr.a(shell_cmds.c.obj)
 .text.cmd_vt100_on
                0x00000000000067f0       0x22 zephyr/libzephyr.a(shell_cmds.c.obj)
 .text.cmd_echo_on
                0x0000000000006812       0x22 zephyr/libzephyr.a(shell_cmds.c.obj)
 .text.remove_from_tail.part.0
                0x0000000000006834       0x24 zephyr/libzephyr.a(shell_history.c.obj)
 .text.z_shell_history_mode_exit
                0x0000000000006858        0x6 zephyr/libzephyr.a(shell_history.c.obj)
                0x0000000000006858                z_shell_history_mode_exit
 .text.z_shell_history_get
                0x000000000000685e       0x56 zephyr/libzephyr.a(shell_history.c.obj)
                0x000000000000685e                z_shell_history_get
 .text.z_shell_history_purge
                0x00000000000068b4       0x18 zephyr/libzephyr.a(shell_history.c.obj)
                0x00000000000068b4                z_shell_history_purge
 .text.z_shell_history_put
                0x00000000000068cc       0xf0 zephyr/libzephyr.a(shell_history.c.obj)
                0x00000000000068cc                z_shell_history_put
 .text.z_shell_history_init
                0x00000000000069bc        0xc zephyr/libzephyr.a(shell_history.c.obj)
                0x00000000000069bc                z_shell_history_init
 .text.z_shell_has_wildcard
                0x00000000000069c8       0x28 zephyr/libzephyr.a(shell_wildcard.c.obj)
                0x00000000000069c8                z_shell_has_wildcard
 .text.z_shell_wildcard_prepare
                0x00000000000069f0       0x42 zephyr/libzephyr.a(shell_wildcard.c.obj)
                0x00000000000069f0                z_shell_wildcard_prepare
 .text.z_shell_wildcard_finalize
                0x0000000000006a32       0x20 zephyr/libzephyr.a(shell_wildcard.c.obj)
                0x0000000000006a32                z_shell_wildcard_finalize
 .text.z_arm_fatal_error
                0x0000000000006a52        0xc zephyr/arch/arch/arm/core/libarch__arm__core.a(fatal.c.obj)
                0x0000000000006a52                z_arm_fatal_error
 .text.z_do_kernel_oops
                0x0000000000006a5e        0x8 zephyr/arch/arch/arm/core/libarch__arm__core.a(fatal.c.obj)
                0x0000000000006a5e                z_do_kernel_oops
 .text.z_arm_nmi
                0x0000000000006a66        0xe zephyr/arch/arch/arm/core/libarch__arm__core.a(nmi.c.obj)
                0x0000000000006a66                z_arm_nmi
 .text.arm_irq_priority_set
                0x0000000000006a74        0x8 zephyr/arch/arch/arm/core/cortex_m/libarch__arm__core__cortex_m.a(irq_manage.c.obj)
                0x0000000000006a74                arm_irq_priority_set
 .text.z_irq_spurious
                0x0000000000006a7c        0x8 zephyr/arch/arch/arm/core/cortex_m/libarch__arm__core__cortex_m.a(irq_manage.c.obj)
                0x0000000000006a7c                z_irq_spurious
 .text.arch_irq_unlock_outlined
                0x0000000000006a84        0xe zephyr/arch/arch/arm/core/cortex_m/libarch__arm__core__cortex_m.a(thread.c.obj)
                0x0000000000006a84                arch_irq_unlock_outlined
 .text.arch_cpu_idle
                0x0000000000006a92       0x1a zephyr/arch/arch/arm/core/cortex_m/libarch__arm__core__cortex_m.a(cpu_idle.c.obj)
                0x0000000000006a92                arch_cpu_idle
 .text.size_to_mpu_rasr_size
                0x0000000000006aac       0x20 zephyr/arch/arch/arm/core/mpu/libarch__arm__core__mpu.a(arm_mpu.c.obj)
 .text.cbputc   0x0000000000006acc        0xc zephyr/lib/libc/picolibc/liblib__libc__picolibc.a(cbprintf.c.obj)
 .text.picolibc_put
                0x0000000000006ad8        0xa zephyr/lib/libc/picolibc/liblib__libc__picolibc.a(stdio.c.obj)
 .text.foldcase
                0x0000000000006ae2       0x10 zephyr/lib/posix/options/liblib__posix__options.a(fnmatch.c.obj)
 .text.fnmatchx
                0x0000000000006af2      0x23c zephyr/lib/posix/options/liblib__posix__options.a(fnmatch.c.obj)
 .text.fnmatch  0x0000000000006d2e        0x6 zephyr/lib/posix/options/liblib__posix__options.a(fnmatch.c.obj)
                0x0000000000006d2e                fnmatch
 .text.pinctrl_apply_state.isra.0
                0x0000000000006d34       0x1e zephyr/boards/beagle/beagleconnect_freedom/libboards__beagle__beagleconnect_freedom.a(board_antenna.c.obj)
 .text.gpio_pin_configure_dt.isra.0
                0x0000000000006d52       0x2a zephyr/boards/beagle/beagleconnect_freedom/libboards__beagle__beagleconnect_freedom.a(board_antenna.c.obj)
 .text.gpio_cc13xx_cc26xx_pin_interrupt_configure
                0x0000000000006d7c       0x5c zephyr/drivers/gpio/libdrivers__gpio.a(gpio_cc13xx_cc26xx.c.obj)
 .text.gpio_cc13xx_cc26xx_manage_callback
                0x0000000000006dd8       0x52 zephyr/drivers/gpio/libdrivers__gpio.a(gpio_cc13xx_cc26xx.c.obj)
 .text.pinctrl_lookup_state
                0x0000000000006e2a       0x26 zephyr/drivers/pinctrl/libdrivers__pinctrl.a(common.c.obj)
                0x0000000000006e2a                pinctrl_lookup_state
 .text.pinctrl_configure_pins
                0x0000000000006e50       0x30 zephyr/drivers/pinctrl/libdrivers__pinctrl.a(pinctrl_cc13xx_cc26xx.c.obj)
                0x0000000000006e50                pinctrl_configure_pins
 .text.uart_cc13xx_cc26xx_poll_in
                0x0000000000006e80       0x28 zephyr/drivers/serial/libdrivers__serial.a(uart_cc13xx_cc26xx.c.obj)
 .text.uart_cc13xx_cc26xx_err_check
                0x0000000000006ea8       0x28 zephyr/drivers/serial/libdrivers__serial.a(uart_cc13xx_cc26xx.c.obj)
 .text.uart_cc13xx_cc26xx_config_get
                0x0000000000006ed0       0x10 zephyr/drivers/serial/libdrivers__serial.a(uart_cc13xx_cc26xx.c.obj)
 .text.uart_cc13xx_cc26xx_fifo_fill
                0x0000000000006ee0       0x2e zephyr/drivers/serial/libdrivers__serial.a(uart_cc13xx_cc26xx.c.obj)
 .text.uart_cc13xx_cc26xx_fifo_read
                0x0000000000006f0e       0x2e zephyr/drivers/serial/libdrivers__serial.a(uart_cc13xx_cc26xx.c.obj)
 .text.uart_cc13xx_cc26xx_irq_tx_enable
                0x0000000000006f3c        0xe zephyr/drivers/serial/libdrivers__serial.a(uart_cc13xx_cc26xx.c.obj)
 .text.uart_cc13xx_cc26xx_irq_tx_disable
                0x0000000000006f4a        0xe zephyr/drivers/serial/libdrivers__serial.a(uart_cc13xx_cc26xx.c.obj)
 .text.uart_cc13xx_cc26xx_irq_tx_ready
                0x0000000000006f58       0x10 zephyr/drivers/serial/libdrivers__serial.a(uart_cc13xx_cc26xx.c.obj)
 .text.uart_cc13xx_cc26xx_irq_tx_complete
                0x0000000000006f68       0x10 zephyr/drivers/serial/libdrivers__serial.a(uart_cc13xx_cc26xx.c.obj)
 .text.uart_cc13xx_cc26xx_irq_is_pending
                0x0000000000006f78       0x12 zephyr/drivers/serial/libdrivers__serial.a(uart_cc13xx_cc26xx.c.obj)
 .text.uart_cc13xx_cc26xx_irq_update
                0x0000000000006f8a        0x4 zephyr/drivers/serial/libdrivers__serial.a(uart_cc13xx_cc26xx.c.obj)
 .text.uart_cc13xx_cc26xx_irq_callback_set
                0x0000000000006f8e        0x8 zephyr/drivers/serial/libdrivers__serial.a(uart_cc13xx_cc26xx.c.obj)
 .text.uart_cc13xx_cc26xx_isr
                0x0000000000006f96        0xc zephyr/drivers/serial/libdrivers__serial.a(uart_cc13xx_cc26xx.c.obj)
 .text.pinctrl_apply_state.constprop.0
                0x0000000000006fa2       0x20 zephyr/drivers/serial/libdrivers__serial.a(uart_cc13xx_cc26xx.c.obj)
 .text.uart_cc13xx_cc26xx_poll_out
                0x0000000000006fc2       0x1e zephyr/drivers/serial/libdrivers__serial.a(uart_cc13xx_cc26xx.c.obj)
 .text.uart_cc13xx_cc26xx_irq_rx_ready
                0x0000000000006fe0       0x10 zephyr/drivers/serial/libdrivers__serial.a(uart_cc13xx_cc26xx.c.obj)
 .text.uart_cc13xx_cc26xx_irq_err_disable
                0x0000000000006ff0        0xe zephyr/drivers/serial/libdrivers__serial.a(uart_cc13xx_cc26xx.c.obj)
 .text.uart_cc13xx_cc26xx_irq_rx_disable
                0x0000000000006ffe        0xe zephyr/drivers/serial/libdrivers__serial.a(uart_cc13xx_cc26xx.c.obj)
 .text.uart_cc13xx_cc26xx_irq_err_enable
                0x000000000000700c        0xe zephyr/drivers/serial/libdrivers__serial.a(uart_cc13xx_cc26xx.c.obj)
 .text.uart_cc13xx_cc26xx_irq_rx_enable
                0x000000000000701a        0xe zephyr/drivers/serial/libdrivers__serial.a(uart_cc13xx_cc26xx.c.obj)
 .text.sys_clock_cycle_get_32
                0x0000000000007028       0x16 zephyr/drivers/timer/libdrivers__timer.a(cc13xx_cc26xx_rtc_timer.c.obj)
                0x0000000000007028                sys_clock_cycle_get_32
 .text.NOROM_ThisLibraryIsFor_CC13x2x7_CC26x2x7_HaltIfViolated
                0x000000000000703e        0xe modules/ti/simplelink/source/ti/devices/cc13x2x7_cc26x2x7/lib..__modules__hal__ti__simplelink__source__ti__devices__cc13x2x7_cc26x2x7.a(chipinfo.c.obj)
                0x000000000000703e                NOROM_ThisLibraryIsFor_CC13x2x7_CC26x2x7_HaltIfViolated
 .text.z_device_state_init
                0x000000000000704c        0x2 zephyr/kernel/libkernel.a(device.c.obj)
                0x000000000000704c                z_device_state_init
 .text.z_impl_device_is_ready
                0x000000000000704e       0x16 zephyr/kernel/libkernel.a(device.c.obj)
                0x000000000000704e                z_impl_device_is_ready
 .text.arch_system_halt
                0x0000000000007064       0x10 zephyr/kernel/libkernel.a(fatal.c.obj)
                0x0000000000007064                arch_system_halt
 .text.k_sys_fatal_error_handler
                0x0000000000007074        0x6 zephyr/kernel/libkernel.a(fatal.c.obj)
                0x0000000000007074                k_sys_fatal_error_handler
 .text.do_device_init
                0x000000000000707a       0x2e zephyr/kernel/libkernel.a(init.c.obj)
 .text.z_early_memset
                0x00000000000070a8        0x4 zephyr/kernel/libkernel.a(init.c.obj)
                0x00000000000070a8                z_early_memset
 .text.z_early_memcpy
                0x00000000000070ac        0x4 zephyr/kernel/libkernel.a(init.c.obj)
                0x00000000000070ac                z_early_memcpy
 .text.z_init_static
                0x00000000000070b0        0x2 zephyr/kernel/libkernel.a(init_static.c.obj)
                0x00000000000070b0                z_init_static
 .text.create_free_list
                0x00000000000070b2       0x34 zephyr/kernel/libkernel.a(mem_slab.c.obj)
 .text.idle     0x00000000000070e6       0x16 zephyr/kernel/libkernel.a(idle.c.obj)
                0x00000000000070e6                idle
 .text.adjust_owner_prio.isra.0
                0x00000000000070fc       0x10 zephyr/kernel/libkernel.a(mutex.c.obj)
 .text.z_impl_k_mutex_init
                0x000000000000710c        0xe zephyr/kernel/libkernel.a(mutex.c.obj)
                0x000000000000710c                z_impl_k_mutex_init
 .text.k_is_in_isr
                0x000000000000711a        0xc zephyr/kernel/libkernel.a(thread.c.obj)
                0x000000000000711a                k_is_in_isr
 .text.k_thread_name_get
                0x0000000000007126        0x4 zephyr/kernel/libkernel.a(thread.c.obj)
                0x0000000000007126                k_thread_name_get
 .text.z_stack_space_get
                0x000000000000712a       0x18 zephyr/kernel/libkernel.a(thread.c.obj)
                0x000000000000712a                z_stack_space_get
 .text.z_impl_k_thread_stack_space_get
                0x0000000000007142        0xa zephyr/kernel/libkernel.a(thread.c.obj)
                0x0000000000007142                z_impl_k_thread_stack_space_get
 .text.sys_dlist_remove
                0x000000000000714c       0x10 zephyr/kernel/libkernel.a(sched.c.obj)
 .text.unpend_thread_no_timeout
                0x000000000000715c       0x14 zephyr/kernel/libkernel.a(sched.c.obj)
 .text.add_to_waitq_locked
                0x0000000000007170       0x50 zephyr/kernel/libkernel.a(sched.c.obj)
 .text.z_ready_thread
                0x00000000000071c0       0x1e zephyr/kernel/libkernel.a(sched.c.obj)
                0x00000000000071c0                z_ready_thread
 .text.z_unpend_thread_no_timeout
                0x00000000000071de       0x22 zephyr/kernel/libkernel.a(sched.c.obj)
                0x00000000000071de                z_unpend_thread_no_timeout
 .text.z_sched_wake_thread
                0x0000000000007200       0x3a zephyr/kernel/libkernel.a(sched.c.obj)
                0x0000000000007200                z_sched_wake_thread
 .text.z_thread_timeout
                0x000000000000723a        0x8 zephyr/kernel/libkernel.a(sched.c.obj)
                0x000000000000723a                z_thread_timeout
 .text.z_unpend1_no_timeout
                0x0000000000007242       0x2c zephyr/kernel/libkernel.a(sched.c.obj)
                0x0000000000007242                z_unpend1_no_timeout
 .text.z_unpend_thread
                0x000000000000726e       0x10 zephyr/kernel/libkernel.a(sched.c.obj)
                0x000000000000726e                z_unpend_thread
 .text.z_impl_k_sleep
                0x000000000000727e       0x4e zephyr/kernel/libkernel.a(sched.c.obj)
                0x000000000000727e                z_impl_k_sleep
 .text.z_sched_wake
                0x00000000000072cc       0x46 zephyr/kernel/libkernel.a(sched.c.obj)
                0x00000000000072cc                z_sched_wake
 .text.next_timeout
                0x0000000000007312       0x2e zephyr/kernel/libkernel.a(timeout.c.obj)
 .text.z_abort_timeout
                0x0000000000007340       0x46 zephyr/kernel/libkernel.a(timeout.c.obj)
                0x0000000000007340                z_abort_timeout
 .text.sys_clock_tick_get_32
                0x0000000000007386        0x8 zephyr/kernel/libkernel.a(timeout.c.obj)
                0x0000000000007386                sys_clock_tick_get_32
 .text.z_impl_k_uptime_ticks
                0x000000000000738e        0x4 zephyr/kernel/libkernel.a(timeout.c.obj)
                0x000000000000738e                z_impl_k_uptime_ticks
 .text.z_impl_k_timer_stop
                0x0000000000007392       0x38 zephyr/kernel/libkernel.a(timer.c.obj)
                0x0000000000007392                z_impl_k_timer_stop
 .text.add_event
                0x00000000000073ca       0x54 zephyr/kernel/libkernel.a(poll.c.obj)
 .text.register_events
                0x000000000000741e       0xfc zephyr/kernel/libkernel.a(poll.c.obj)
 .text.signal_poll_event
                0x000000000000751a       0x86 zephyr/kernel/libkernel.a(poll.c.obj)
 .text.k_poll_event_init
                0x00000000000075a0       0x1e zephyr/kernel/libkernel.a(poll.c.obj)
                0x00000000000075a0                k_poll_event_init
 .text.z_handle_obj_poll_events
                0x00000000000075be       0x3e zephyr/kernel/libkernel.a(poll.c.obj)
                0x00000000000075be                z_handle_obj_poll_events
 .text.z_impl_k_poll_signal_init
                0x00000000000075fc        0xa zephyr/kernel/libkernel.a(poll.c.obj)
                0x00000000000075fc                z_impl_k_poll_signal_init
 .text.z_impl_k_poll_signal_reset
                0x0000000000007606        0x6 zephyr/kernel/libkernel.a(poll.c.obj)
                0x0000000000007606                z_impl_k_poll_signal_reset
 .text.z_impl_k_poll_signal_check
                0x000000000000760c        0xa zephyr/kernel/libkernel.a(poll.c.obj)
                0x000000000000760c                z_impl_k_poll_signal_check
 .text.flag_test_and_clear
                0x0000000000007616       0x16 zephyr/kernel/libkernel.a(work.c.obj)
 .text.notify_queue_locked.isra.0
                0x000000000000762c        0xe zephyr/kernel/libkernel.a(work.c.obj)
 .text.z_work_submit_to_queue
                0x000000000000763a       0x26 zephyr/kernel/libkernel.a(work.c.obj)
                0x000000000000763a                z_work_submit_to_queue
 .text.memcpy   0x0000000000007660       0x1c /home/ash/zephyr-sdk-0.17.0/arm-zephyr-eabi/bin/../lib/gcc/../../picolibc/arm-zephyr-eabi/lib/thumb/v7e-m/nofp/libc.a(memcpy.c.o)
                0x0000000000007660                memcpy
                0x0000000000007660                __aeabi_memcpy
                0x0000000000007660                __aeabi_memcpy4
                0x0000000000007660                __aeabi_memcpy8
 .text.memmove  0x000000000000767c       0x34 /home/ash/zephyr-sdk-0.17.0/arm-zephyr-eabi/bin/../lib/gcc/../../picolibc/arm-zephyr-eabi/lib/thumb/v7e-m/nofp/libc.a(memmove.c.o)
                0x000000000000767c                memmove
                0x000000000000767c                __aeabi_memmove8
                0x000000000000767c                __aeabi_memmove
                0x000000000000767c                __aeabi_memmove4
 .text.memset   0x00000000000076b0       0x10 /home/ash/zephyr-sdk-0.17.0/arm-zephyr-eabi/bin/../lib/gcc/../../picolibc/arm-zephyr-eabi/lib/thumb/v7e-m/nofp/libc.a(memset.c.o)
                0x00000000000076b0                memset
 .text.memcmp   0x00000000000076c0       0x20 /home/ash/zephyr-sdk-0.17.0/arm-zephyr-eabi/bin/../lib/gcc/../../picolibc/arm-zephyr-eabi/lib/thumb/v7e-m/nofp/libc.a(libc_string_memcmp.c.o)
                0x00000000000076c0                memcmp
 .text.strchr   0x00000000000076e0       0x1a /home/ash/zephyr-sdk-0.17.0/arm-zephyr-eabi/bin/../lib/gcc/../../picolibc/arm-zephyr-eabi/lib/thumb/v7e-m/nofp/libc.a(libc_string_strchr.c.o)
                0x00000000000076e0                strchr
 .text.strncmp  0x00000000000076fa       0x24 /home/ash/zephyr-sdk-0.17.0/arm-zephyr-eabi/bin/../lib/gcc/../../picolibc/arm-zephyr-eabi/lib/thumb/v7e-m/nofp/libc.a(libc_string_strncmp.c.o)
                0x00000000000076fa                strncmp
 .text.strncpy  0x000000000000771e       0x20 /home/ash/zephyr-sdk-0.17.0/arm-zephyr-eabi/bin/../lib/gcc/../../picolibc/arm-zephyr-eabi/lib/thumb/v7e-m/nofp/libc.a(libc_string_strncpy.c.o)
                0x000000000000771e                strncpy
 .text.strnlen  0x000000000000773e       0x18 /home/ash/zephyr-sdk-0.17.0/arm-zephyr-eabi/bin/../lib/gcc/../../picolibc/arm-zephyr-eabi/lib/thumb/v7e-m/nofp/libc.a(libc_string_strnlen.c.o)
                0x000000000000773e                strnlen
 .text.strstr   0x0000000000007756       0x2c /home/ash/zephyr-sdk-0.17.0/arm-zephyr-eabi/bin/../lib/gcc/../../picolibc/arm-zephyr-eabi/lib/thumb/v7e-m/nofp/libc.a(libc_string_strstr.c.o)
                0x0000000000007756                strstr
 .text.__ultoa_invert
                0x0000000000007782       0xae /home/ash/zephyr-sdk-0.17.0/arm-zephyr-eabi/bin/../lib/gcc/../../picolibc/arm-zephyr-eabi/lib/thumb/v7e-m/nofp/libc.a(libc_tinystdio_vflprintf.c.o)
 .text.__file_str_put
                0x0000000000007830       0x10 /home/ash/zephyr-sdk-0.17.0/arm-zephyr-eabi/bin/../lib/gcc/../../picolibc/arm-zephyr-eabi/lib/thumb/v7e-m/nofp/libc.a(libc_tinystdio_filestrput.c.o)
                0x0000000000007830                __file_str_put
 *(SORT_BY_ALIGNMENT(.TEXT.*))
 .TEXT.__aeabi_read_tp
                0x0000000000007840        0xc zephyr/arch/arch/arm/core/cortex_m/libarch__arm__core__cortex_m.a(__aeabi_read_tp.S.obj)
                0x0000000000007840                __aeabi_read_tp
 *(SORT_BY_ALIGNMENT(.gnu.linkonce.t.*))
 *(SORT_BY_ALIGNMENT(.glue_7t))
 .glue_7t       0x000000000000784c        0x0 linker stubs
 *(SORT_BY_ALIGNMENT(.glue_7))
 .glue_7        0x000000000000784c        0x0 linker stubs
 *(SORT_BY_ALIGNMENT(.vfp11_veneer))
 .vfp11_veneer  0x000000000000784c        0x0 linker stubs
 *(SORT_BY_ALIGNMENT(.v4_bx))
 .v4_bx         0x000000000000784c        0x0 linker stubs
                0x000000000000784c                . = ALIGN (0x4)
                0x000000000000784c                __text_region_end = .

.ARM.exidx      0x000000000000784c        0x8
                0x000000000000784c                __exidx_start = .
 *(SORT_BY_ALIGNMENT(.ARM.exidx*) SORT_BY_ALIGNMENT(gnu.linkonce.armexidx.*))
 .ARM.exidx     0x000000000000784c        0x8 /home/ash/zephyr-sdk-0.17.0/arm-zephyr-eabi/bin/../lib/gcc/../../picolibc/arm-zephyr-eabi/lib/thumb/v7e-m/nofp/libc.a(strcmp.S.o)
 .ARM.exidx     0x0000000000007854        0x0 /home/ash/zephyr-sdk-0.17.0/arm-zephyr-eabi/bin/../lib/gcc/../../picolibc/arm-zephyr-eabi/lib/thumb/v7e-m/nofp/libc.a(strcpy.S.o)
                                          0x8 (size before relaxing)
 .ARM.exidx     0x0000000000007854        0x0 /home/ash/zephyr-sdk-0.17.0/arm-zephyr-eabi/bin/../lib/gcc/../../picolibc/arm-zephyr-eabi/lib/thumb/v7e-m/nofp/libc.a(strlen.S.o)
                                          0x8 (size before relaxing)
 .ARM.exidx     0x0000000000007854        0x0 /home/ash/zephyr-sdk-0.17.0/arm-zephyr-eabi/bin/../lib/gcc/arm-zephyr-eabi/12.2.0/thumb/v7e-m/nofp/libgcc.a(_udivmoddi4.o)
                                          0x8 (size before relaxing)
                0x0000000000007854                __exidx_end = .
                0x0000000000007854                __rodata_region_start = .

initlevel       0x0000000000007854       0x50
                0x0000000000007854                __init_start = .
                0x0000000000007854                __init_EARLY_start = .
 *(SORT_BY_NAME(SORT_BY_ALIGNMENT(.z_init_EARLY_P_?_*)))
 *(SORT_BY_NAME(SORT_BY_ALIGNMENT(.z_init_EARLY_P_??_*)))
 *(SORT_BY_NAME(SORT_BY_ALIGNMENT(.z_init_EARLY_P_???_*)))
                0x0000000000007854                __init_PRE_KERNEL_1_start = .
 *(SORT_BY_NAME(SORT_BY_ALIGNMENT(.z_init_PRE_KERNEL_1_P_?_*)))
 *(SORT_BY_NAME(SORT_BY_ALIGNMENT(.z_init_PRE_KERNEL_1_P_??_*)))
 .z_init_PRE_KERNEL_1_P_30_SUB_0_
                0x0000000000007854        0x8 zephyr/kernel/libkernel.a(mem_slab.c.obj)
 .z_init_PRE_KERNEL_1_P_40_SUB_00004_
                0x000000000000785c        0x8 zephyr/drivers/gpio/libdrivers__gpio.a(gpio_cc13xx_cc26xx.c.obj)
 .z_init_PRE_KERNEL_1_P_50_SUB_00038_
                0x0000000000007864        0x8 zephyr/drivers/serial/libdrivers__serial.a(uart_cc13xx_cc26xx.c.obj)
 .z_init_PRE_KERNEL_1_P_50_SUB_00041_
                0x000000000000786c        0x8 zephyr/drivers/serial/libdrivers__serial.a(uart_cc13xx_cc26xx.c.obj)
 .z_init_PRE_KERNEL_1_P_60_SUB_0_
                0x0000000000007874        0x8 zephyr/drivers/console/libdrivers__console.a(uart_console.c.obj)
 *(SORT_BY_NAME(SORT_BY_ALIGNMENT(.z_init_PRE_KERNEL_1_P_???_*)))
                0x000000000000787c                __init_PRE_KERNEL_2_start = .
 *(SORT_BY_NAME(SORT_BY_ALIGNMENT(.z_init_PRE_KERNEL_2_P_?_*)))
 .z_init_PRE_KERNEL_2_P_0_SUB_0_
                0x000000000000787c        0x8 zephyr/drivers/timer/libdrivers__timer.a(cc13xx_cc26xx_rtc_timer.c.obj)
 *(SORT_BY_NAME(SORT_BY_ALIGNMENT(.z_init_PRE_KERNEL_2_P_??_*)))
 *(SORT_BY_NAME(SORT_BY_ALIGNMENT(.z_init_PRE_KERNEL_2_P_???_*)))
                0x0000000000007884                __init_POST_KERNEL_start = .
 *(SORT_BY_NAME(SORT_BY_ALIGNMENT(.z_init_POST_KERNEL_P_?_*)))
 *(SORT_BY_NAME(SORT_BY_ALIGNMENT(.z_init_POST_KERNEL_P_??_*)))
 .z_init_POST_KERNEL_P_35_SUB_0_
                0x0000000000007884        0x8 zephyr/lib/libc/common/liblib__libc__common.a(malloc.c.obj)
 .z_init_POST_KERNEL_P_40_SUB_0_
                0x000000000000788c        0x8 zephyr/kernel/libkernel.a(system_work_q.c.obj)
 .z_init_POST_KERNEL_P_70_SUB_00010_
                0x0000000000007894        0x8 zephyr/boards/beagle/beagleconnect_freedom/libboards__beagle__beagleconnect_freedom.a(board_antenna.c.obj)
 .z_init_POST_KERNEL_P_90_SUB_0_
                0x000000000000789c        0x8 zephyr/libzephyr.a(shell_uart.c.obj)
 *(SORT_BY_NAME(SORT_BY_ALIGNMENT(.z_init_POST_KERNEL_P_???_*)))
                0x00000000000078a4                __init_APPLICATION_start = .
 *(SORT_BY_NAME(SORT_BY_ALIGNMENT(.z_init_APPLICATION_P_?_*)))
 *(SORT_BY_NAME(SORT_BY_ALIGNMENT(.z_init_APPLICATION_P_??_*)))
 *(SORT_BY_NAME(SORT_BY_ALIGNMENT(.z_init_APPLICATION_P_???_*)))
                0x00000000000078a4                __init_SMP_start = .
 *(SORT_BY_NAME(SORT_BY_ALIGNMENT(.z_init_SMP_P_?_*)))
 *(SORT_BY_NAME(SORT_BY_ALIGNMENT(.z_init_SMP_P_??_*)))
 *(SORT_BY_NAME(SORT_BY_ALIGNMENT(.z_init_SMP_P_???_*)))
                0x00000000000078a4                __init_end = .

device_area     0x00000000000078a4       0x90
                0x00000000000078a4                _device_list_start = .
 *(SORT_BY_NAME(SORT_BY_ALIGNMENT(._device.static.*_?_*)))
 *(SORT_BY_NAME(SORT_BY_ALIGNMENT(._device.static.*_??_*)))
 ._device.static.1_40_
                0x00000000000078a4       0x24 zephyr/drivers/gpio/libdrivers__gpio.a(gpio_cc13xx_cc26xx.c.obj)
                0x00000000000078a4                __device_dts_ord_4
 ._device.static.1_50_
                0x00000000000078c8       0x48 zephyr/drivers/serial/libdrivers__serial.a(uart_cc13xx_cc26xx.c.obj)
                0x00000000000078c8                __device_dts_ord_41
                0x00000000000078ec                __device_dts_ord_38
 ._device.static.3_70_
                0x0000000000007910       0x24 zephyr/boards/beagle/beagleconnect_freedom/libboards__beagle__beagleconnect_freedom.a(board_antenna.c.obj)
                0x0000000000007910                __device_dts_ord_10
 *(SORT_BY_NAME(SORT_BY_ALIGNMENT(._device.static.*_???_*)))
 *(SORT_BY_NAME(SORT_BY_ALIGNMENT(._device.static.*_????_*)))
 *(SORT_BY_NAME(SORT_BY_ALIGNMENT(._device.static.*_?????_*)))
                0x0000000000007934                _device_list_end = .

initlevel_error
                0x0000000000007854        0x0
 *(SORT_BY_NAME(SORT_BY_ALIGNMENT(.z_init_*)))
                0x0000000000000001                ASSERT ((SIZEOF (initlevel_error) == 0x0), Undefined initialization levels used.)

app_shmem_regions
                0x0000000000007934        0x0
                0x0000000000007934                __app_shmem_regions_start = .
 *(SORT_BY_NAME(SORT_BY_ALIGNMENT(.app_regions.*)))
                0x0000000000007934                __app_shmem_regions_end = .

k_p4wq_initparam_area
                0x0000000000007934        0x0
                0x0000000000007934                _k_p4wq_initparam_list_start = .
 *(SORT_BY_NAME(SORT_BY_ALIGNMENT(._k_p4wq_initparam.static.*)))
                0x0000000000007934                _k_p4wq_initparam_list_end = .

_static_thread_data_area
                0x0000000000007934        0x0
                0x0000000000007934                __static_thread_data_list_start = .
 *(SORT_BY_NAME(SORT_BY_ALIGNMENT(.__static_thread_data.static.*)))
                0x0000000000007934                __static_thread_data_list_end = .

device_deps     0x0000000000007934        0x0
                0x0000000000007934                __device_deps_start = .
 *(SORT_BY_NAME(SORT_BY_ALIGNMENT(.__device_deps_pass2*)))
                0x0000000000007934                __device_deps_end = .

gpio_driver_api_area
                0x0000000000007934       0x24
                0x0000000000007934                _gpio_driver_api_list_start = .
 *(SORT_BY_NAME(SORT_BY_ALIGNMENT(._gpio_driver_api.static.*)))
 ._gpio_driver_api.static.gpio_cc13xx_cc26xx_driver_api_
                0x0000000000007934       0x24 zephyr/drivers/gpio/libdrivers__gpio.a(gpio_cc13xx_cc26xx.c.obj)
                0x0000000000007958                _gpio_driver_api_list_end = .

shared_irq_driver_api_area
                0x0000000000007958        0x0
                0x0000000000007958                _shared_irq_driver_api_list_start = .
 *(SORT_BY_NAME(SORT_BY_ALIGNMENT(._shared_irq_driver_api.static.*)))
                0x0000000000007958                _shared_irq_driver_api_list_end = .

crypto_driver_api_area
                0x0000000000007958        0x0
                0x0000000000007958                _crypto_driver_api_list_start = .
 *(SORT_BY_NAME(SORT_BY_ALIGNMENT(._crypto_driver_api.static.*)))
                0x0000000000007958                _crypto_driver_api_list_end = .

adc_driver_api_area
                0x0000000000007958        0x0
                0x0000000000007958                _adc_driver_api_list_start = .
 *(SORT_BY_NAME(SORT_BY_ALIGNMENT(._adc_driver_api.static.*)))
                0x0000000000007958                _adc_driver_api_list_end = .

auxdisplay_driver_api_area
                0x0000000000007958        0x0
                0x0000000000007958                _auxdisplay_driver_api_list_start = .
 *(SORT_BY_NAME(SORT_BY_ALIGNMENT(._auxdisplay_driver_api.static.*)))
                0x0000000000007958                _auxdisplay_driver_api_list_end = .

bbram_driver_api_area
                0x0000000000007958        0x0
                0x0000000000007958                _bbram_driver_api_list_start = .
 *(SORT_BY_NAME(SORT_BY_ALIGNMENT(._bbram_driver_api.static.*)))
                0x0000000000007958                _bbram_driver_api_list_end = .

bt_hci_driver_api_area
                0x0000000000007958        0x0
                0x0000000000007958                _bt_hci_driver_api_list_start = .
 *(SORT_BY_NAME(SORT_BY_ALIGNMENT(._bt_hci_driver_api.static.*)))
                0x0000000000007958                _bt_hci_driver_api_list_end = .

can_driver_api_area
                0x0000000000007958        0x0
                0x0000000000007958                _can_driver_api_list_start = .
 *(SORT_BY_NAME(SORT_BY_ALIGNMENT(._can_driver_api.static.*)))
                0x0000000000007958                _can_driver_api_list_end = .

cellular_driver_api_area
                0x0000000000007958        0x0
                0x0000000000007958                _cellular_driver_api_list_start = .
 *(SORT_BY_NAME(SORT_BY_ALIGNMENT(._cellular_driver_api.static.*)))
                0x0000000000007958                _cellular_driver_api_list_end = .

charger_driver_api_area
                0x0000000000007958        0x0
                0x0000000000007958                _charger_driver_api_list_start = .
 *(SORT_BY_NAME(SORT_BY_ALIGNMENT(._charger_driver_api.static.*)))
                0x0000000000007958                _charger_driver_api_list_end = .

clock_control_driver_api_area
                0x0000000000007958        0x0
                0x0000000000007958                _clock_control_driver_api_list_start = .
 *(SORT_BY_NAME(SORT_BY_ALIGNMENT(._clock_control_driver_api.static.*)))
                0x0000000000007958                _clock_control_driver_api_list_end = .

comparator_driver_api_area
                0x0000000000007958        0x0
                0x0000000000007958                _comparator_driver_api_list_start = .
 *(SORT_BY_NAME(SORT_BY_ALIGNMENT(._comparator_driver_api.static.*)))
                0x0000000000007958                _comparator_driver_api_list_end = .

coredump_driver_api_area
                0x0000000000007958        0x0
                0x0000000000007958                _coredump_driver_api_list_start = .
 *(SORT_BY_NAME(SORT_BY_ALIGNMENT(._coredump_driver_api.static.*)))
                0x0000000000007958                _coredump_driver_api_list_end = .

counter_driver_api_area
                0x0000000000007958        0x0
                0x0000000000007958                _counter_driver_api_list_start = .
 *(SORT_BY_NAME(SORT_BY_ALIGNMENT(._counter_driver_api.static.*)))
                0x0000000000007958                _counter_driver_api_list_end = .

dac_driver_api_area
                0x0000000000007958        0x0
                0x0000000000007958                _dac_driver_api_list_start = .
 *(SORT_BY_NAME(SORT_BY_ALIGNMENT(._dac_driver_api.static.*)))
                0x0000000000007958                _dac_driver_api_list_end = .

dai_driver_api_area
                0x0000000000007958        0x0
                0x0000000000007958                _dai_driver_api_list_start = .
 *(SORT_BY_NAME(SORT_BY_ALIGNMENT(._dai_driver_api.static.*)))
                0x0000000000007958                _dai_driver_api_list_end = .

display_driver_api_area
                0x0000000000007958        0x0
                0x0000000000007958                _display_driver_api_list_start = .
 *(SORT_BY_NAME(SORT_BY_ALIGNMENT(._display_driver_api.static.*)))
                0x0000000000007958                _display_driver_api_list_end = .

dma_driver_api_area
                0x0000000000007958        0x0
                0x0000000000007958                _dma_driver_api_list_start = .
 *(SORT_BY_NAME(SORT_BY_ALIGNMENT(._dma_driver_api.static.*)))
                0x0000000000007958                _dma_driver_api_list_end = .

edac_driver_api_area
                0x0000000000007958        0x0
                0x0000000000007958                _edac_driver_api_list_start = .
 *(SORT_BY_NAME(SORT_BY_ALIGNMENT(._edac_driver_api.static.*)))
                0x0000000000007958                _edac_driver_api_list_end = .

eeprom_driver_api_area
                0x0000000000007958        0x0
                0x0000000000007958                _eeprom_driver_api_list_start = .
 *(SORT_BY_NAME(SORT_BY_ALIGNMENT(._eeprom_driver_api.static.*)))
                0x0000000000007958                _eeprom_driver_api_list_end = .

emul_bbram_driver_api_area
                0x0000000000007958        0x0
                0x0000000000007958                _emul_bbram_driver_api_list_start = .
 *(SORT_BY_NAME(SORT_BY_ALIGNMENT(._emul_bbram_driver_api.static.*)))
                0x0000000000007958                _emul_bbram_driver_api_list_end = .

fuel_gauge_emul_driver_api_area
                0x0000000000007958        0x0
                0x0000000000007958                _fuel_gauge_emul_driver_api_list_start = .
 *(SORT_BY_NAME(SORT_BY_ALIGNMENT(._fuel_gauge_emul_driver_api.static.*)))
                0x0000000000007958                _fuel_gauge_emul_driver_api_list_end = .

emul_sensor_driver_api_area
                0x0000000000007958        0x0
                0x0000000000007958                _emul_sensor_driver_api_list_start = .
 *(SORT_BY_NAME(SORT_BY_ALIGNMENT(._emul_sensor_driver_api.static.*)))
                0x0000000000007958                _emul_sensor_driver_api_list_end = .

entropy_driver_api_area
                0x0000000000007958        0x0
                0x0000000000007958                _entropy_driver_api_list_start = .
 *(SORT_BY_NAME(SORT_BY_ALIGNMENT(._entropy_driver_api.static.*)))
                0x0000000000007958                _entropy_driver_api_list_end = .

espi_driver_api_area
                0x0000000000007958        0x0
                0x0000000000007958                _espi_driver_api_list_start = .
 *(SORT_BY_NAME(SORT_BY_ALIGNMENT(._espi_driver_api.static.*)))
                0x0000000000007958                _espi_driver_api_list_end = .

espi_saf_driver_api_area
                0x0000000000007958        0x0
                0x0000000000007958                _espi_saf_driver_api_list_start = .
 *(SORT_BY_NAME(SORT_BY_ALIGNMENT(._espi_saf_driver_api.static.*)))
                0x0000000000007958                _espi_saf_driver_api_list_end = .

flash_driver_api_area
                0x0000000000007958        0x0
                0x0000000000007958                _flash_driver_api_list_start = .
 *(SORT_BY_NAME(SORT_BY_ALIGNMENT(._flash_driver_api.static.*)))
                0x0000000000007958                _flash_driver_api_list_end = .

fpga_driver_api_area
                0x0000000000007958        0x0
                0x0000000000007958                _fpga_driver_api_list_start = .
 *(SORT_BY_NAME(SORT_BY_ALIGNMENT(._fpga_driver_api.static.*)))
                0x0000000000007958                _fpga_driver_api_list_end = .

fuel_gauge_driver_api_area
                0x0000000000007958        0x0
                0x0000000000007958                _fuel_gauge_driver_api_list_start = .
 *(SORT_BY_NAME(SORT_BY_ALIGNMENT(._fuel_gauge_driver_api.static.*)))
                0x0000000000007958                _fuel_gauge_driver_api_list_end = .

gnss_driver_api_area
                0x0000000000007958        0x0
                0x0000000000007958                _gnss_driver_api_list_start = .
 *(SORT_BY_NAME(SORT_BY_ALIGNMENT(._gnss_driver_api.static.*)))
                0x0000000000007958                _gnss_driver_api_list_end = .

haptics_driver_api_area
                0x0000000000007958        0x0
                0x0000000000007958                _haptics_driver_api_list_start = .
 *(SORT_BY_NAME(SORT_BY_ALIGNMENT(._haptics_driver_api.static.*)))
                0x0000000000007958                _haptics_driver_api_list_end = .

hwspinlock_driver_api_area
                0x0000000000007958        0x0
                0x0000000000007958                _hwspinlock_driver_api_list_start = .
 *(SORT_BY_NAME(SORT_BY_ALIGNMENT(._hwspinlock_driver_api.static.*)))
                0x0000000000007958                _hwspinlock_driver_api_list_end = .

i2c_driver_api_area
                0x0000000000007958        0x0
                0x0000000000007958                _i2c_driver_api_list_start = .
 *(SORT_BY_NAME(SORT_BY_ALIGNMENT(._i2c_driver_api.static.*)))
                0x0000000000007958                _i2c_driver_api_list_end = .

i2c_target_driver_api_area
                0x0000000000007958        0x0
                0x0000000000007958                _i2c_target_driver_api_list_start = .
 *(SORT_BY_NAME(SORT_BY_ALIGNMENT(._i2c_target_driver_api.static.*)))
                0x0000000000007958                _i2c_target_driver_api_list_end = .

i2s_driver_api_area
                0x0000000000007958        0x0
                0x0000000000007958                _i2s_driver_api_list_start = .
 *(SORT_BY_NAME(SORT_BY_ALIGNMENT(._i2s_driver_api.static.*)))
                0x0000000000007958                _i2s_driver_api_list_end = .

i3c_driver_api_area
                0x0000000000007958        0x0
                0x0000000000007958                _i3c_driver_api_list_start = .
 *(SORT_BY_NAME(SORT_BY_ALIGNMENT(._i3c_driver_api.static.*)))
                0x0000000000007958                _i3c_driver_api_list_end = .

ipm_driver_api_area
                0x0000000000007958        0x0
                0x0000000000007958                _ipm_driver_api_list_start = .
 *(SORT_BY_NAME(SORT_BY_ALIGNMENT(._ipm_driver_api.static.*)))
                0x0000000000007958                _ipm_driver_api_list_end = .

led_driver_api_area
                0x0000000000007958        0x0
                0x0000000000007958                _led_driver_api_list_start = .
 *(SORT_BY_NAME(SORT_BY_ALIGNMENT(._led_driver_api.static.*)))
                0x0000000000007958                _led_driver_api_list_end = .

led_strip_driver_api_area
                0x0000000000007958        0x0
                0x0000000000007958                _led_strip_driver_api_list_start = .
 *(SORT_BY_NAME(SORT_BY_ALIGNMENT(._led_strip_driver_api.static.*)))
                0x0000000000007958                _led_strip_driver_api_list_end = .

lora_driver_api_area
                0x0000000000007958        0x0
                0x0000000000007958                _lora_driver_api_list_start = .
 *(SORT_BY_NAME(SORT_BY_ALIGNMENT(._lora_driver_api.static.*)))
                0x0000000000007958                _lora_driver_api_list_end = .

mbox_driver_api_area
                0x0000000000007958        0x0
                0x0000000000007958                _mbox_driver_api_list_start = .
 *(SORT_BY_NAME(SORT_BY_ALIGNMENT(._mbox_driver_api.static.*)))
                0x0000000000007958                _mbox_driver_api_list_end = .

mdio_driver_api_area
                0x0000000000007958        0x0
                0x0000000000007958                _mdio_driver_api_list_start = .
 *(SORT_BY_NAME(SORT_BY_ALIGNMENT(._mdio_driver_api.static.*)))
                0x0000000000007958                _mdio_driver_api_list_end = .

mipi_dbi_driver_api_area
                0x0000000000007958        0x0
                0x0000000000007958                _mipi_dbi_driver_api_list_start = .
 *(SORT_BY_NAME(SORT_BY_ALIGNMENT(._mipi_dbi_driver_api.static.*)))
                0x0000000000007958                _mipi_dbi_driver_api_list_end = .

mipi_dsi_driver_api_area
                0x0000000000007958        0x0
                0x0000000000007958                _mipi_dsi_driver_api_list_start = .
 *(SORT_BY_NAME(SORT_BY_ALIGNMENT(._mipi_dsi_driver_api.static.*)))
                0x0000000000007958                _mipi_dsi_driver_api_list_end = .

mspi_driver_api_area
                0x0000000000007958        0x0
                0x0000000000007958                _mspi_driver_api_list_start = .
 *(SORT_BY_NAME(SORT_BY_ALIGNMENT(._mspi_driver_api.static.*)))
                0x0000000000007958                _mspi_driver_api_list_end = .

peci_driver_api_area
                0x0000000000007958        0x0
                0x0000000000007958                _peci_driver_api_list_start = .
 *(SORT_BY_NAME(SORT_BY_ALIGNMENT(._peci_driver_api.static.*)))
                0x0000000000007958                _peci_driver_api_list_end = .

ps2_driver_api_area
                0x0000000000007958        0x0
                0x0000000000007958                _ps2_driver_api_list_start = .
 *(SORT_BY_NAME(SORT_BY_ALIGNMENT(._ps2_driver_api.static.*)))
                0x0000000000007958                _ps2_driver_api_list_end = .

ptp_clock_driver_api_area
                0x0000000000007958        0x0
                0x0000000000007958                _ptp_clock_driver_api_list_start = .
 *(SORT_BY_NAME(SORT_BY_ALIGNMENT(._ptp_clock_driver_api.static.*)))
                0x0000000000007958                _ptp_clock_driver_api_list_end = .

pwm_driver_api_area
                0x0000000000007958        0x0
                0x0000000000007958                _pwm_driver_api_list_start = .
 *(SORT_BY_NAME(SORT_BY_ALIGNMENT(._pwm_driver_api.static.*)))
                0x0000000000007958                _pwm_driver_api_list_end = .

regulator_parent_driver_api_area
                0x0000000000007958        0x0
                0x0000000000007958                _regulator_parent_driver_api_list_start = .
 *(SORT_BY_NAME(SORT_BY_ALIGNMENT(._regulator_parent_driver_api.static.*)))
                0x0000000000007958                _regulator_parent_driver_api_list_end = .

regulator_driver_api_area
                0x0000000000007958        0x0
                0x0000000000007958                _regulator_driver_api_list_start = .
 *(SORT_BY_NAME(SORT_BY_ALIGNMENT(._regulator_driver_api.static.*)))
                0x0000000000007958                _regulator_driver_api_list_end = .

reset_driver_api_area
                0x0000000000007958        0x0
                0x0000000000007958                _reset_driver_api_list_start = .
 *(SORT_BY_NAME(SORT_BY_ALIGNMENT(._reset_driver_api.static.*)))
                0x0000000000007958                _reset_driver_api_list_end = .

retained_mem_driver_api_area
                0x0000000000007958        0x0
                0x0000000000007958                _retained_mem_driver_api_list_start = .
 *(SORT_BY_NAME(SORT_BY_ALIGNMENT(._retained_mem_driver_api.static.*)))
                0x0000000000007958                _retained_mem_driver_api_list_end = .

rtc_driver_api_area
                0x0000000000007958        0x0
                0x0000000000007958                _rtc_driver_api_list_start = .
 *(SORT_BY_NAME(SORT_BY_ALIGNMENT(._rtc_driver_api.static.*)))
                0x0000000000007958                _rtc_driver_api_list_end = .

sdhc_driver_api_area
                0x0000000000007958        0x0
                0x0000000000007958                _sdhc_driver_api_list_start = .
 *(SORT_BY_NAME(SORT_BY_ALIGNMENT(._sdhc_driver_api.static.*)))
                0x0000000000007958                _sdhc_driver_api_list_end = .

sensor_driver_api_area
                0x0000000000007958        0x0
                0x0000000000007958                _sensor_driver_api_list_start = .
 *(SORT_BY_NAME(SORT_BY_ALIGNMENT(._sensor_driver_api.static.*)))